Archive member included because of file (symbol)

calypso/libcalypso.a(clock.o)
                              apps/hello_world/main.o (calypso_clk_dump)
calypso/libcalypso.a(dma.o)   board/compal_e88/init.o (dma_init)
calypso/libcalypso.a(i2c.o)   display/st7558.o (i2c_write)
calypso/libcalypso.a(irq.o)   abb/twl3025.o (irq_enable)
calypso/libcalypso.a(rtc.o)   board/compal_e88/init.o (rtc_init)
calypso/libcalypso.a(spi.o)   abb/twl3025.o (spi_init)
calypso/libcalypso.a(tpu.o)   rf/trf6151.o (tpu_enable)
calypso/libcalypso.a(tsp.o)   abb/twl3025.o (tsp_write)
calypso/libcalypso.a(keypad.o)
                              board/compal_e88/init.o (keypad_init)
calypso/libcalypso.a(misc.o)  apps/hello_world/main.o (dump_dev_id)
calypso/libcalypso.a(timer.o)
                              board/compal_e88/init.o (hwtimer_init)
calypso/libcalypso.a(backlight.o)
                              board/compal_e88/init.o (bl_mode_pwl)
calypso/libcalypso.a(uart.o)  board/compal_e88/init.o (uart_init)
calypso/libcalypso.a(uwire.o)
                              display/td014.o (uwire_init)
calypso/libcalypso.a(arm.o)   calypso/libcalypso.a(irq.o) (arm_enable_interrupts)
lib/libmini.a(vsprintf.o)     apps/hello_world/main.o (sprintf)
lib/libmini.a(string.o)       lib/libmini.a(vsprintf.o) (strnlen)
lib/libmini.a(ctype.o)        lib/libmini.a(vsprintf.o) (_ctype)
lib/libmini.a(printf.o)       apps/hello_world/main.o (printf)
lib/libmini.a(console.o)      calypso/libcalypso.a(uart.o) (cons_init)
lib/libmini.a(ctors.o)        board/compal/start.rom.o (do_global_ctors)
lib/libmini.a(delay.o)        calypso/libcalypso.a(tpu.o) (delay_us)
lib/libmini.a(div64.o)        lib/libmini.a(vsprintf.o) (__do_div64)
lib/libmini.a(lib1funcs.o)    rf/trf6151.o (__udivsi3)
lib/libmini.a(memcpy.o)       lib/libmini.a(console.o) (memcpy)
lib/libmini.a(memset.o)       lib/libmini.a(console.o) (memset)
comm/libcomm.a(sercomm.o)     calypso/libcalypso.a(uart.o) (sercomm_drv_pull)
comm/libcomm.a(sercomm_cons.o)
                              lib/libmini.a(vsprintf.o) (sercomm_puts)
comm/libcomm.a(timer.o)       apps/hello_world/main.o (update_timers)
../../shared/libosmocore/build-target/src/.libs/libosmocore.a(msgb.o)
                              comm/libcomm.a(sercomm.o) (msgb_alloc)
../../shared/libosmocore/build-target/src/.libs/libosmocore.a(panic.o)
                              comm/libcomm.a(sercomm.o) (osmo_panic)
../../shared/libosmocore/build-target/src/gsm/.libs/libosmogsm.a(gsm_utils.o)
                              rf/trf6151.o (gsm_arfcn2band)
comm/libcomm.a(msgb.o)        ../../shared/libosmocore/build-target/src/.libs/libosmocore.a(msgb.o) (_talloc_zero)

Allocating common symbols
Common symbol       size              file

tall_msgb_ctx       0x4               ../../shared/libosmocore/build-target/src/.libs/libosmocore.a(msgb.o)
display             0x4               display/display.o
jiffies             0x4               comm/libcomm.a(timer.o)

Discarded input sections

 .text          0x0000000000000000        0x0 apps/hello_world/main.o
 .bss           0x0000000000000000        0x0 apps/hello_world/main.o
 .text          0x0000000000000000        0x0 abb/twl3025.o
 .data          0x0000000000000000        0x0 abb/twl3025.o
 .text.tpu_enq_at
                0x0000000000000000       0x34 abb/twl3025.o
 .text.tpu_enq_wait
                0x0000000000000000       0x14 abb/twl3025.o
 .text.twl3025_tsp_write
                0x0000000000000000       0x10 abb/twl3025.o
 .text.twl3025_downlink
                0x0000000000000000       0x98 abb/twl3025.o
 .text.twl3025_uplink
                0x0000000000000000       0xac abb/twl3025.o
 .text.twl3025_afc_set
                0x0000000000000000       0x64 abb/twl3025.o
 .text.twl3025_afc_get
                0x0000000000000000       0x40 abb/twl3025.o
 .text.twl3025_afcout_get
                0x0000000000000000       0x14 abb/twl3025.o
 .text.twl3025_afcout_set
                0x0000000000000000       0x24 abb/twl3025.o
 .rodata        0x0000000000000000       0x20 abb/twl3025.o
 .text          0x0000000000000000        0x0 rf/trf6151.o
 .data          0x0000000000000000       0x1c rf/trf6151.o
 .bss           0x0000000000000000        0x4 rf/trf6151.o
 .text.tpu_enq_wait
                0x0000000000000000       0x14 rf/trf6151.o
 .text.trf6151_reg_write
                0x0000000000000000       0x38 rf/trf6151.o
 .text.trf6151_set_gain_reg
                0x0000000000000000       0x64 rf/trf6151.o
 .text.trf6151_set_gain
                0x0000000000000000       0x74 rf/trf6151.o
 .text.trf6151_power
                0x0000000000000000       0x64 rf/trf6151.o
 .text.trf6151_init
                0x0000000000000000       0x5c rf/trf6151.o
 .text.trf6151_set_mode
                0x0000000000000000       0x34 rf/trf6151.o
 .text.trf6151_set_arfcn
                0x0000000000000000      0x21c rf/trf6151.o
 .text.trf6151_calib_dc_offs
                0x0000000000000000       0x28 rf/trf6151.o
[...]
Memory Configuration

Name             Origin             Length             Attributes
LOADR            0x0000000000000000 0x0000000000010000 xr
FLASH            0x0000000000010000 0x00000000001f0000 xr
IRAM             0x0000000000800000 0x0000000000040000 rw
ERAM             0x0000000001000000 0x0000000000040000 rw
*default*        0x0000000000000000 0xffffffffffffffff

Linker script and memory map


.text.start     0x0000000000010000       0xcc
                0x0000000000010000                PROVIDE (_start, .)
 *(.text.start)
 .text.start    0x0000000000010000       0xcc board/compal/start.rom.o
                0x0000000000010000                _start
 *(.text.start)

.text.exceptions
                0x000000000080001c       0x1c load address 0x00000000000100cc
 *(.text.exceptions)
 .text.exceptions
                0x000000000080001c       0x1c board/compal/exceptions_redirected.o
 *(.text.exceptions)
                0x0000000000800038                . = ALIGN (0x4)
                0x00000000000100cc                PROVIDE (_exceptions, LOADADDR (.text.exceptions))

.text           0x0000000000010100     0x39e0
 *(.text*)
 .text.key_handler
                0x0000000000010100       0x98 apps/hello_world/main.o
                0x0000000000010100                key_handler
 .text.l1a_l23_rx_cb
                0x0000000000010198       0x50 apps/hello_world/main.o
 .text.console_rx_cb
                0x00000000000101e8       0x48 apps/hello_world/main.o
 .text.main     0x0000000000010230       0xac apps/hello_world/main.o
                0x0000000000010230                main
 .text.twl3025_wait_ibic_access
                0x00000000000102dc        0x8 abb/twl3025.o
 .text.twl3025_reg_write
                0x00000000000102e4       0x58 abb/twl3025.o
                0x00000000000102e4                twl3025_reg_write
 .text.twl3025_switch_page
                0x000000000001033c       0x2c abb/twl3025.o
 .text.twl3025_reg_read
                0x0000000000010368       0x74 abb/twl3025.o
                0x0000000000010368                twl3025_reg_read
 .text.twl3025_power_off
                0x00000000000103dc        0xc abb/twl3025.o
                0x00000000000103dc                twl3025_power_off
 .text.twl3025_irq
                0x00000000000103e8       0x68 abb/twl3025.o
 .text.twl3025_clk13m
                0x0000000000010450       0x38 abb/twl3025.o
                0x0000000000010450                twl3025_clk13m
 .text.twl3025_unit_enable
                0x0000000000010488       0x6c abb/twl3025.o
                0x0000000000010488                twl3025_unit_enable
 .text.twl3025_init
                0x00000000000104f4       0x8c abb/twl3025.o
                0x00000000000104f4                twl3025_init
 .text.st7558_write
                0x0000000000010580       0x28 display/st7558.o
 .text.st7558_putc
                0x00000000000105a8       0x48 display/st7558.o
 .text.st7558_clrscr
                0x00000000000105f0       0x40 display/st7558.o
 .text.st7558_unset_attr
                0x0000000000010630       0x18 display/st7558.o
 .text.st7558_set_attr
                0x0000000000010648       0x18 display/st7558.o
 .text.st7558_init
                0x0000000000010660       0x34 display/st7558.o
 .text.display_puts
                0x0000000000010694       0x54 display/display.o
                0x0000000000010694                display_puts
 .text          0x00000000000106e8       0xfc board/common/calypso_uart.o
                0x00000000000106f4                phex
                0x0000000000010728                puts_asm
                0x0000000000010764                putchar_asm
                0x0000000000010774                memdump_asm
 .text.board_init
                0x00000000000107e4      0x1a0 board/compal_e88/init.o
                0x00000000000107e4                board_init
 .text          0x0000000000010984       0x90 board/compal/handlers.o
                0x0000000000010984                handle_abort
                0x00000000000109c4                irq_entry
                0x00000000000109ec                fiq_entry
 .text.dump_reg16
                0x0000000000010a14       0x10 calypso/libcalypso.a(clock.o)
 .text.calypso_clk_dump
                0x0000000000010a24       0x6c calypso/libcalypso.a(clock.o)
                0x0000000000010a24                calypso_clk_dump
 .text.calypso_pll_set
                0x0000000000010a90       0x34 calypso/libcalypso.a(clock.o)
                0x0000000000010a90                calypso_pll_set
 .text.calypso_reset_set
                0x0000000000010ac4       0x28 calypso/libcalypso.a(clock.o)
                0x0000000000010ac4                calypso_reset_set
 .text.calypso_clock_set
                0x0000000000010aec       0x70 calypso/libcalypso.a(clock.o)
                0x0000000000010aec                calypso_clock_set
 .text.calypso_mem_cfg
                0x0000000000010b5c       0x24 calypso/libcalypso.a(clock.o)
                0x0000000000010b5c                calypso_mem_cfg
 .text.calypso_bootrom
                0x0000000000010b80       0x20 calypso/libcalypso.a(clock.o)
                0x0000000000010b80                calypso_bootrom
 .text.calypso_rhea_cfg
                0x0000000000010ba0       0x4c calypso/libcalypso.a(clock.o)
                0x0000000000010ba0                calypso_rhea_cfg
 .text.dma_init
                0x0000000000010bec       0x10 calypso/libcalypso.a(dma.o)
                0x0000000000010bec                dma_init
 .text.i2c_write
                0x0000000000010bfc       0x78 calypso/libcalypso.a(i2c.o)
                0x0000000000010bfc                i2c_write
 .text.i2c_init
                0x0000000000010c74       0x2c calypso/libcalypso.a(i2c.o)
                0x0000000000010c74                i2c_init
 .text._irq_enable
                0x0000000000010ca0       0x40 calypso/libcalypso.a(irq.o)
 .text.irq_enable
                0x0000000000010ce0        0x8 calypso/libcalypso.a(irq.o)
                0x0000000000010ce0                irq_enable
 .text.irq_disable
                0x0000000000010ce8        0x8 calypso/libcalypso.a(irq.o)
                0x0000000000010ce8                irq_disable
 .text.irq_config
                0x0000000000010cf0       0x48 calypso/libcalypso.a(irq.o)
                0x0000000000010cf0                irq_config
 .text.irq      0x0000000000010d38       0x3c calypso/libcalypso.a(irq.o)
                0x0000000000010d38                irq
 .text.fiq      0x0000000000010d74       0x3c calypso/libcalypso.a(irq.o)
                0x0000000000010d74                fiq
 .text.irq_register_handler
                0x0000000000010db0       0x14 calypso/libcalypso.a(irq.o)
                0x0000000000010db0                irq_register_handler
 .text.calypso_exceptions_install
                0x0000000000010dc4       0x34 calypso/libcalypso.a(irq.o)
                0x0000000000010dc4                calypso_exceptions_install
 .text.irq_init
                0x0000000000010df8       0x5c calypso/libcalypso.a(irq.o)
                0x0000000000010df8                irq_init
 .text.rtc_irq_tick
                0x0000000000010e54       0x58 calypso/libcalypso.a(rtc.o)
 .text.rtc_init
                0x0000000000010eac       0x54 calypso/libcalypso.a(rtc.o)
                0x0000000000010eac                rtc_init
 .text.spi_init
                0x0000000000010f00       0x1c calypso/libcalypso.a(spi.o)
                0x0000000000010f00                spi_init
 .text.spi_xfer
                0x0000000000010f1c      0x100 calypso/libcalypso.a(spi.o)
                0x0000000000010f1c                spi_xfer
 .text.keypad_irq
                0x000000000001101c       0x18 calypso/libcalypso.a(keypad.o)
 .text.emit_key
                0x0000000000011034       0x68 calypso/libcalypso.a(keypad.o)
                0x0000000000011034                emit_key
 .text.dispatch_buttons
                0x000000000001109c      0x2e8 calypso/libcalypso.a(keypad.o)
                0x000000000001109c                dispatch_buttons
 .text.keypad_init
                0x0000000000011384       0x68 calypso/libcalypso.a(keypad.o)
                0x0000000000011384                keypad_init
 .text.keypad_set_handler
                0x00000000000113ec       0x10 calypso/libcalypso.a(keypad.o)
                0x00000000000113ec                keypad_set_handler
 .text.keypad_poll
                0x00000000000113fc      0x164 calypso/libcalypso.a(keypad.o)
                0x00000000000113fc                keypad_poll
 .text.dump_dev_id
                0x0000000000011560       0x8c calypso/libcalypso.a(misc.o)
                0x0000000000011560                dump_dev_id
 .text.hwtimer_enable
                0x00000000000115ec       0x68 calypso/libcalypso.a(timer.o)
                0x00000000000115ec                hwtimer_enable
 .text.hwtimer_config
                0x0000000000011654       0x34 calypso/libcalypso.a(timer.o)
                0x0000000000011654                hwtimer_config
 .text.hwtimer_load
                0x0000000000011688       0x28 calypso/libcalypso.a(timer.o)
                0x0000000000011688                hwtimer_load
 .text.hwtimer_init
                0x00000000000116b0       0x1c calypso/libcalypso.a(timer.o)
                0x00000000000116b0                hwtimer_init
 .text.bl_mode_pwl
                0x00000000000116cc       0x3c calypso/libcalypso.a(backlight.o)
                0x00000000000116cc                bl_mode_pwl
 .text.uart_set_lcr7bit
                0x0000000000011708       0x2c calypso/libcalypso.a(uart.o)
 .text.uart_set_lcr_bf
                0x0000000000011734       0x38 calypso/libcalypso.a(uart.o)
 .text.uart_set_mcr6bit
                0x000000000001176c       0x2c calypso/libcalypso.a(uart.o)
 .text.uart_reg_write
                0x0000000000011798       0xa0 calypso/libcalypso.a(uart.o)
 .text.uart_reg_read
                0x0000000000011838       0xa0 calypso/libcalypso.a(uart.o)
 .text.uart_irq_handler_cons
                0x00000000000118d8       0x54 calypso/libcalypso.a(uart.o)
 .text.uart_irq_enable
                0x000000000001192c       0x50 calypso/libcalypso.a(uart.o)
                0x000000000001192c                uart_irq_enable
 .text.uart_init
                0x000000000001197c      0x178 calypso/libcalypso.a(uart.o)
                0x000000000001197c                uart_init
 .text.uart_putchar_wait
                0x0000000000011af4       0x30 calypso/libcalypso.a(uart.o)
                0x0000000000011af4                uart_putchar_wait
 .text.uart_putchar_nb
                0x0000000000011b24       0x30 calypso/libcalypso.a(uart.o)
                0x0000000000011b24                uart_putchar_nb
 .text.uart_getchar_nb
                0x0000000000011b54       0x88 calypso/libcalypso.a(uart.o)
                0x0000000000011b54                uart_getchar_nb
 .text.uart_tx_busy
                0x0000000000011bdc       0x20 calypso/libcalypso.a(uart.o)
                0x0000000000011bdc                uart_tx_busy
 .text.uart_irq_handler_sercomm
                0x0000000000011bfc      0x11c calypso/libcalypso.a(uart.o)
 .text.uart_baudrate
                0x0000000000011d18       0x68 calypso/libcalypso.a(uart.o)
                0x0000000000011d18                uart_baudrate
 .text.arm_enable_interrupts
                0x0000000000011d80       0x10 calypso/libcalypso.a(arm.o)
                0x0000000000011d80                arm_enable_interrupts
 .text.skip_atoi
                0x0000000000011d90       0x44 lib/libmini.a(vsprintf.o)
 .text.number   0x0000000000011dd4      0x254 lib/libmini.a(vsprintf.o)
 .text.vsnprintf
                0x0000000000012028      0x518 lib/libmini.a(vsprintf.o)
                0x0000000000012028                vsnprintf
 .text.sprintf  0x0000000000012540       0x28 lib/libmini.a(vsprintf.o)
                0x0000000000012540                sprintf
 .text.puts     0x0000000000012568        0x4 lib/libmini.a(vsprintf.o)
                0x0000000000012568                puts
 .text.strnlen  0x000000000001256c       0x28 lib/libmini.a(string.o)
                0x000000000001256c                strnlen
 .text.strlen   0x0000000000012594       0x1c lib/libmini.a(string.o)
                0x0000000000012594                strlen
 .text.printf   0x00000000000125b0       0x44 lib/libmini.a(printf.o)
                0x00000000000125b0                printf
 .text.cons_rb_pull
                0x00000000000125f4       0x6c lib/libmini.a(console.o)
 .text.__cons_rb_append
                0x0000000000012660       0x70 lib/libmini.a(console.o)
 .text.cons_init
                0x00000000000126d0       0x40 lib/libmini.a(console.o)
                0x00000000000126d0                cons_init
 .text.cons_rb_flush
                0x0000000000012710       0x48 lib/libmini.a(console.o)
                0x0000000000012710                cons_rb_flush
 .text.cons_rb_append
                0x0000000000012758       0xcc lib/libmini.a(console.o)
                0x0000000000012758                cons_rb_append
 .text.cons_puts
                0x0000000000012824       0x6c lib/libmini.a(console.o)
                0x0000000000012824                cons_puts
 .text.do_global_ctors
                0x0000000000012890       0x2c lib/libmini.a(ctors.o)
                0x0000000000012890                do_global_ctors
 .text.delay_ms
                0x00000000000128bc       0x40 lib/libmini.a(delay.o)
                0x00000000000128bc                delay_ms
 .text          0x00000000000128fc      0x130 lib/libmini.a(div64.o)
                0x00000000000128fc                __do_div64
 .text          0x0000000000012a2c      0x3d4 lib/libmini.a(lib1funcs.o)
                0x0000000000012a2c                __udivsi3
                0x0000000000012a2c                __aeabi_uidiv
                0x0000000000012b14                __umodsi3
                0x0000000000012bd0                __aeabi_idiv
                0x0000000000012bd0                __divsi3
                0x0000000000012ce8                __modsi3
                0x0000000000012dbc                __aeabi_uidivmod
                0x0000000000012dd4                __aeabi_idivmod
                0x0000000000012dfc                __div0
 .text          0x0000000000012e00      0x29c lib/libmini.a(memcpy.o)
                0x0000000000012e00                memcpy
 *fill*         0x000000000001309c        0x4 00
 .text          0x00000000000130a0       0xc0 lib/libmini.a(memset.o)
                0x00000000000130c0                memset
 .text.sercomm_sendmsg
                0x0000000000013160       0x8c comm/libcomm.a(sercomm.o)
                0x0000000000013160                sercomm_sendmsg
 .text.sercomm_alloc_msgb.clone.2
                0x00000000000131ec       0x38 comm/libcomm.a(sercomm.o)
 .text.sercomm_initialized
                0x0000000000013224       0x10 comm/libcomm.a(sercomm.o)
                0x0000000000013224                sercomm_initialized
 .text.sercomm_tx_queue_depth
                0x0000000000013234       0x3c comm/libcomm.a(sercomm.o)
                0x0000000000013234                sercomm_tx_queue_depth
 .text.sercomm_drv_pull
                0x0000000000013270      0x11c comm/libcomm.a(sercomm.o)
                0x0000000000013270                sercomm_drv_pull
 .text.sercomm_register_rx_cb
                0x000000000001338c       0x34 comm/libcomm.a(sercomm.o)
                0x000000000001338c                sercomm_register_rx_cb
 .text.sercomm_init
                0x00000000000133c0       0x50 comm/libcomm.a(sercomm.o)
                0x00000000000133c0                sercomm_init
 .text.sercomm_drv_rx_char
                0x0000000000013410      0x1a8 comm/libcomm.a(sercomm.o)
                0x0000000000013410                sercomm_drv_rx_char
 .text.raw_puts
                0x00000000000135b8       0x30 comm/libcomm.a(sercomm_cons.o)
 .text.sercomm_puts
                0x00000000000135e8      0x178 comm/libcomm.a(sercomm_cons.o)
                0x00000000000135e8                sercomm_puts
 .text.sercomm_putchar
                0x0000000000013760       0x28 comm/libcomm.a(sercomm_cons.o)
                0x0000000000013760                sercomm_putchar
 .text.timer_irq
                0x0000000000013788       0x18 comm/libcomm.a(timer.o)
 .text.del_timer
                0x00000000000137a0       0x48 comm/libcomm.a(timer.o)
                0x00000000000137a0                del_timer
 .text.update_timers
                0x00000000000137e8       0xdc comm/libcomm.a(timer.o)
                0x00000000000137e8                update_timers
 .text.timer_init
                0x00000000000138c4       0x6c comm/libcomm.a(timer.o)
                0x00000000000138c4                timer_init
 .text.msgb_alloc
                0x0000000000013930       0x5c ../../shared/libosmocore/build-target/src/.libs/libosmocore.a(msgb.o)
                0x0000000000013930                msgb_alloc
 .text.msgb_free
                0x000000000001398c        0x4 ../../shared/libosmocore/build-target/src/.libs/libosmocore.a(msgb.o)
                0x000000000001398c                msgb_free
 .text.msgb_enqueue
                0x0000000000013990       0x18 ../../shared/libosmocore/build-target/src/.libs/libosmocore.a(msgb.o)
                0x0000000000013990                msgb_enqueue
 .text.msgb_dequeue
                0x00000000000139a8       0x40 ../../shared/libosmocore/build-target/src/.libs/libosmocore.a(msgb.o)
                0x00000000000139a8                msgb_dequeue
 .text.osmo_panic
                0x00000000000139e8       0x4c ../../shared/libosmocore/build-target/src/.libs/libosmocore.a(panic.o)
                0x00000000000139e8                osmo_panic
 .text._talloc_zero
                0x0000000000013a34       0xa0 comm/libcomm.a(msgb.o)
                0x0000000000013a34                _talloc_zero
 .text.talloc_free
                0x0000000000013ad4        0xc comm/libcomm.a(msgb.o)
                0x0000000000013ad4                talloc_free
 *(.glue_7t)
 .glue_7t       0x0000000000000000        0x0 linker stubs
 *(.glue_7)
 .glue_7        0x0000000000000000        0x0 linker stubs
 *(.vfp11_veneer)
 .vfp11_veneer  0x0000000000000000        0x0 linker stubs
 *(.v4_bx)
 .v4_bx         0x0000000000000000        0x0 linker stubs
                0x0000000000010100                PROVIDE (_text_start, ADDR (.text))
                0x0000000000013ae0                PROVIDE (_text_end, (ADDR (.text) + SIZEOF (.text)))

.ctors          0x0000000000013ae0        0x8
                0x0000000000013ae0        0x4 LONG 0x0 ((SIZEOF (.ctors) / 0x4) - 0x2)
 *(SORT(.ctors))
 *(SORT(.init_array))
                0x0000000000013ae4        0x4 LONG 0x0
                0x0000000000013ae0                PROVIDE (_ctor_start, LOADADDR (.ctors))
                0x0000000000013ae8                PROVIDE (_ctor_end, (LOADADDR (.ctors) + SIZEOF (.ctors)))

.dtors          0x0000000000013ae8        0x8
                0x0000000000013ae8        0x4 LONG 0x0 ((SIZEOF (.dtors) / 0x4) - 0x2)
 *(SORT(.dtors))
                0x0000000000013aec        0x4 LONG 0x0
                0x0000000000013ae8                PROVIDE (_dtor_start, LOADADDR (.dtors))
                0x0000000000013af0                PROVIDE (_dtor_end, (LOADADDR (.dtors) + SIZEOF (.dtors)))

.rodata         0x0000000000013af0      0xcb6
 *(.rodata*)
 .rodata.str1.1
                0x0000000000013af0      0x105 apps/hello_world/main.o
                                        0x107 (size before relaxing)
 .rodata.str1.1
                0x0000000000013bf5       0x58 abb/twl3025.o
 *fill*         0x0000000000013c4d        0x3 00
 .rodata        0x0000000000013c50      0x800 display/font_r8x8.o
                0x0000000000013c50                fontdata_r8x8
 .rodata        0x0000000000014450       0x50 display/st7558.o
                0x000000000001447c                st7558_display
 .rodata.str1.1
                0x00000000000144a0        0x7 display/st7558.o
 .rodata.str1.1
                0x00000000000144a7       0x40 calypso/libcalypso.a(clock.o)
 *fill*         0x00000000000144e7        0x1 00
 .rodata        0x00000000000144e8       0x18 calypso/libcalypso.a(irq.o)
 .rodata.str1.1
                0x0000000000014500       0x36 calypso/libcalypso.a(keypad.o)
 .rodata.str1.1
                0x0000000000014536       0xf9 calypso/libcalypso.a(misc.o)
                                         0xfc (size before relaxing)
 .rodata.str1.1
                0x000000000001462f       0x1f calypso/libcalypso.a(timer.o)
 *fill*         0x000000000001464e        0x2 00
 .rodata        0x0000000000014650       0x18 calypso/libcalypso.a(uart.o)
 .rodata.str1.1
                0x0000000000014668       0x61 calypso/libcalypso.a(uart.o)
 *fill*         0x00000000000146c9        0x3 00
 .rodata        0x00000000000146cc       0x50 lib/libmini.a(vsprintf.o)
 .rodata.str1.1
                0x000000000001471c       0x71 comm/libcomm.a(sercomm.o)
 .rodata.str1.1
                0x0000000000000000       0x3e comm/libcomm.a(sercomm_cons.o)
 .rodata.str1.1
                0x000000000001478d       0x19 comm/libcomm.a(msgb.o)
                0x0000000000013af0                PROVIDE (_rodata_start, ADDR (.rodata))
                0x00000000000147a6                PROVIDE (_rodata_end, (ADDR (.rodata) + SIZEOF (.rodata)))

.rel.dyn        0x00000000000147a8        0x0
 .rel.got       0x0000000000000000        0x0 ../../shared/libosmocore/build-target/src/.libs/libosmocore.a(msgb.o)

.got            0x00000000000147a8       0x10
                0x00000000000147a8                . = ALIGN (0x4)
 *(.got)
 .got           0x00000000000147a8        0x4 ../../shared/libosmocore/build-target/src/.libs/libosmocore.a(msgb.o)
 *(.got.plt)
 .got.plt       0x00000000000147ac        0xc ../../shared/libosmocore/build-target/src/.libs/libosmocore.a(msgb.o)
                0x00000000000147ac                _GLOBAL_OFFSET_TABLE_
 *(.igot.plt)
 *(.got)
 *(.igot)
                0x00000000000147b8                . = ALIGN (0x4)
                0x00000000000147a8                PROVIDE (_got_start, ADDR (.got))
                0x00000000000147b8                PROVIDE (_got_end, (ADDR (.got) + SIZEOF (.got)))

.compal.reservedram
                0x0000000000800000       0xff
                0x00000000000000ff                . = 0xff
 *fill*         0x0000000000800000       0xff 00

.data           0x0000000000800100      0x10c load address 0x00000000000147b8
                0x0000000000800100                . = ALIGN (0x4)
 *(.data)
 .data          0x0000000000800100        0x4 apps/hello_world/main.o
                0x0000000000800100                hr
 .data          0x0000000000800104      0x100 lib/libmini.a(ctype.o)
                0x0000000000800104                _ctype
 .data          0x0000000000800204        0x8 comm/libcomm.a(timer.o)
                0x000000000080020c                . = ALIGN (0x4)
                0x00000000000147b8                PROVIDE (__data_start, LOADADDR (.data))
                0x00000000000148c4                PROVIDE (__data_end, (LOADADDR (.data) + SIZEOF (.data)))
                0x0000000000800100                PROVIDE (_data_start, ADDR (.data))
                0x000000000080020c                PROVIDE (_data_end, (ADDR (.data) + SIZEOF (.data)))

.ramtext        0x000000000080020c        0x0 load address 0x00000000000148c4
                0x000000000080020c                . = ALIGN (0x4)
 *(.ramtext)
                0x000000000080020c                . = ALIGN (0x4)
                0x00000000000148c4                PROVIDE (__ramtext_start, LOADADDR (.ramtext))
                0x00000000000148c4                PROVIDE (__ramtext_end, (LOADADDR (.ramtext) + SIZEOF (.ramtext)))
                0x000000000080020c                PROVIDE (_ramtext_start, ADDR (.ramtext))
                0x000000000080020c                PROVIDE (_ramtext_end, (ADDR (.ramtext) + SIZEOF (.ramtext)))

.bss            0x000000000080020c     0x4474 load address 0x00000000000148c4
                0x000000000080020c                . = ALIGN (0x4)
 *(.bss)
 .bss           0x000000000080020c        0x4 abb/twl3025.o
 .bss           0x0000000000800210       0x80 calypso/libcalypso.a(irq.o)
 .bss           0x0000000000800290        0x4 calypso/libcalypso.a(rtc.o)
 .bss           0x0000000000800294       0x20 calypso/libcalypso.a(keypad.o)
                0x000000000080029c                lastbuttons
 .bss           0x00000000008002b4        0x1 calypso/libcalypso.a(uart.o)
 *fill*         0x00000000008002b5        0x3 00
 .bss           0x00000000008002b8      0x400 lib/libmini.a(printf.o)
 .bss           0x00000000008006b8     0x100c lib/libmini.a(console.o)
 .bss           0x00000000008016c4      0x628 comm/libcomm.a(sercomm.o)
 .bss           0x0000000000801cec        0x4 comm/libcomm.a(sercomm_cons.o)
 .bss           0x0000000000801cf0        0x4 ../../shared/libosmocore/build-target/src/.libs/libosmocore.a(panic.o)
 .bss           0x0000000000801cf4     0x2980 comm/libcomm.a(msgb.o)
                0x0000000000804674                . = ALIGN (0x4)
 COMMON         0x0000000000804674        0x4 display/display.o
                0x0000000000804674                display
 COMMON         0x0000000000804678        0x4 comm/libcomm.a(timer.o)
                0x0000000000804678                jiffies
 COMMON         0x000000000080467c        0x4 ../../shared/libosmocore/build-target/src/.libs/libosmocore.a(msgb.o)
                0x000000000080467c                tall_msgb_ctx
                0x000000000080020c                PROVIDE (__bss_start, ADDR (.bss))
                0x0000000000804680                PROVIDE (__bss_end, (ADDR (.bss) + SIZEOF (.bss)))
                0x000000000080020c                PROVIDE (_bss_start, __bss_start)
                0x0000000000804680                PROVIDE (_bss_end, __bss_end)
                0x0000000000804680                . = ALIGN (0x4)
                0x0000000000804680                _end = .
                0x0000000000804680                PROVIDE (end, .)
START GROUP
LOAD apps/hello_world/main.o
LOAD abb/twl3025.o
LOAD rf/trf6151.o
LOAD display/font_r8x8.o
LOAD display/font_r8x8_horiz.o
LOAD display/st7558.o
LOAD display/td014.o
LOAD display/ssd1783.o
LOAD display/ssd1963.o
LOAD display/display.o
LOAD flash/cfi_flash.o
LOAD board/common/calypso_uart.o
LOAD board/common/calypso_pwl.o
LOAD board/compal/rffe_dualband.o
LOAD board/compal/rf_power.o
LOAD board/compal_e88/init.o
LOAD board/compal_e88/hello_world.e88flash.manifest.o
LOAD board/compal/start.rom.o
LOAD board/compal/header.o
LOAD board/compal/exceptions_redirected.o
LOAD board/compal/handlers.o
LOAD calypso/libcalypso.a
LOAD layer1/liblayer1.a
LOAD lib/libmini.a
LOAD comm/libcomm.a
LOAD ../../shared/libosmocore/build-target/src/.libs/libosmocore.a
LOAD ../../shared/libosmocore/build-target/src/gsm/.libs/libosmogsm.a
END GROUP
OUTPUT(board/compal_e88/hello_world.e88flash.elf elf32-littlearm)

.debug_abbrev   0x0000000000000000     0x382a
 .debug_abbrev  0x0000000000000000      0x1e6 apps/hello_world/main.o
 .debug_abbrev  0x00000000000001e6      0x2bd abb/twl3025.o
 .debug_abbrev  0x00000000000004a3      0x2d5 rf/trf6151.o
 .debug_abbrev  0x0000000000000778       0x49 display/font_r8x8.o
 .debug_abbrev  0x00000000000007c1       0x49 display/font_r8x8_horiz.o
 .debug_abbrev  0x000000000000080a      0x1cc display/st7558.o
 .debug_abbrev  0x00000000000009d6      0x230 display/td014.o
 .debug_abbrev  0x0000000000000c06      0x228 display/ssd1783.o
 .debug_abbrev  0x0000000000000e2e      0x21f display/ssd1963.o
 .debug_abbrev  0x000000000000104d      0x10d display/display.o
 .debug_abbrev  0x000000000000115a      0x324 flash/cfi_flash.o
 .debug_abbrev  0x000000000000147e       0xf9 board/compal/rffe_dualband.o
 .debug_abbrev  0x0000000000001577       0x72 board/compal/rf_power.o
 .debug_abbrev  0x00000000000015e9      0x128 board/compal_e88/init.o
 .debug_abbrev  0x0000000000001711       0x40 board/compal_e88/hello_world.e88flash.manifest.o
 .debug_abbrev  0x0000000000001751      0x154 calypso/libcalypso.a(clock.o)
 .debug_abbrev  0x00000000000018a5       0x43 calypso/libcalypso.a(dma.o)
 .debug_abbrev  0x00000000000018e8       0xfb calypso/libcalypso.a(i2c.o)
 .debug_abbrev  0x00000000000019e3      0x198 calypso/libcalypso.a(irq.o)
 .debug_abbrev  0x0000000000001b7b      0x134 calypso/libcalypso.a(rtc.o)
 .debug_abbrev  0x0000000000001caf       0xd0 calypso/libcalypso.a(spi.o)
 .debug_abbrev  0x0000000000001d7f      0x27c calypso/libcalypso.a(tpu.o)
 .debug_abbrev  0x0000000000001ffb      0x127 calypso/libcalypso.a(tsp.o)
 .debug_abbrev  0x0000000000002122      0x154 calypso/libcalypso.a(keypad.o)
 .debug_abbrev  0x0000000000002276       0xaa calypso/libcalypso.a(misc.o)
 .debug_abbrev  0x0000000000002320      0x10b calypso/libcalypso.a(timer.o)
 .debug_abbrev  0x000000000000242b       0xaa calypso/libcalypso.a(backlight.o)
 .debug_abbrev  0x00000000000024d5      0x1f6 calypso/libcalypso.a(uart.o)
 .debug_abbrev  0x00000000000026cb       0xf4 calypso/libcalypso.a(uwire.o)
 .debug_abbrev  0x00000000000027bf       0x78 calypso/libcalypso.a(arm.o)
 .debug_abbrev  0x0000000000002837      0x213 lib/libmini.a(vsprintf.o)
 .debug_abbrev  0x0000000000002a4a       0xae lib/libmini.a(string.o)
 .debug_abbrev  0x0000000000002af8       0x53 lib/libmini.a(ctype.o)
 .debug_abbrev  0x0000000000002b4b       0xaf lib/libmini.a(printf.o)
 .debug_abbrev  0x0000000000002bfa      0x1ce lib/libmini.a(console.o)
 .debug_abbrev  0x0000000000002dc8       0x7a lib/libmini.a(ctors.o)
 .debug_abbrev  0x0000000000002e42       0x81 lib/libmini.a(delay.o)
 .debug_abbrev  0x0000000000002ec3      0x341 comm/libcomm.a(sercomm.o)
 .debug_abbrev  0x0000000000003204      0x24e comm/libcomm.a(sercomm_cons.o)
 .debug_abbrev  0x0000000000003452      0x237 comm/libcomm.a(timer.o)
 .debug_abbrev  0x0000000000003689      0x1a1 comm/libcomm.a(msgb.o)

.debug_info     0x0000000000000000     0x916a
 .debug_info    0x0000000000000000      0x535 apps/hello_world/main.o
 .debug_info    0x0000000000000535      0x75e abb/twl3025.o
 .debug_info    0x0000000000000c93      0x9c5 rf/trf6151.o
 .debug_info    0x0000000000001658       0x5c display/font_r8x8.o
 .debug_info    0x00000000000016b4       0x5c display/font_r8x8_horiz.o
 .debug_info    0x0000000000001710      0x445 display/st7558.o
 .debug_info    0x0000000000001b55      0x4c2 display/td014.o
 .debug_info    0x0000000000002017      0x510 display/ssd1783.o
 .debug_info    0x0000000000002527      0x4e6 display/ssd1963.o
 .debug_info    0x0000000000002a0d      0x203 display/display.o
 .debug_info    0x0000000000002c10      0xa98 flash/cfi_flash.o
 .debug_info    0x00000000000036a8      0x273 board/compal/rffe_dualband.o
 .debug_info    0x000000000000391b       0xce board/compal/rf_power.o
 .debug_info    0x00000000000039e9      0x304 board/compal_e88/init.o
 .debug_info    0x0000000000003ced       0x80 board/compal_e88/hello_world.e88flash.manifest.o
 .debug_info    0x0000000000003d6d      0x44d calypso/libcalypso.a(clock.o)
 .debug_info    0x00000000000041ba       0x57 calypso/libcalypso.a(dma.o)
 .debug_info    0x0000000000004211      0x1b9 calypso/libcalypso.a(i2c.o)
 .debug_info    0x00000000000043ca      0x480 calypso/libcalypso.a(irq.o)
 .debug_info    0x000000000000484a      0x368 calypso/libcalypso.a(rtc.o)
 .debug_info    0x0000000000004bb2      0x188 calypso/libcalypso.a(spi.o)
 .debug_info    0x0000000000004d3a      0x57d calypso/libcalypso.a(tpu.o)
 .debug_info    0x00000000000052b7      0x35d calypso/libcalypso.a(tsp.o)
 .debug_info    0x0000000000005614      0x461 calypso/libcalypso.a(keypad.o)
 .debug_info    0x0000000000005a75      0x11c calypso/libcalypso.a(misc.o)
 .debug_info    0x0000000000005b91      0x320 calypso/libcalypso.a(timer.o)
 .debug_info    0x0000000000005eb1       0xf9 calypso/libcalypso.a(backlight.o)
 .debug_info    0x0000000000005faa      0x712 calypso/libcalypso.a(uart.o)
 .debug_info    0x00000000000066bc      0x16f calypso/libcalypso.a(uwire.o)
 .debug_info    0x000000000000682b       0x91 calypso/libcalypso.a(arm.o)
 .debug_info    0x00000000000068bc      0x9fa lib/libmini.a(vsprintf.o)
 .debug_info    0x00000000000072b6      0x131 lib/libmini.a(string.o)
 .debug_info    0x00000000000073e7       0x63 lib/libmini.a(ctype.o)
 .debug_info    0x000000000000744a      0x109 lib/libmini.a(printf.o)
 .debug_info    0x0000000000007553      0x358 lib/libmini.a(console.o)
 .debug_info    0x00000000000078ab       0xab lib/libmini.a(ctors.o)
 .debug_info    0x0000000000007956       0x9a lib/libmini.a(delay.o)
 .debug_info    0x00000000000079f0      0x8fc comm/libcomm.a(sercomm.o)
 .debug_info    0x00000000000082ec      0x576 comm/libcomm.a(sercomm_cons.o)
 .debug_info    0x0000000000008862      0x5ca comm/libcomm.a(timer.o)
 .debug_info    0x0000000000008e2c      0x33e comm/libcomm.a(msgb.o)

.debug_line     0x0000000000000000     0x36fa
 .debug_line    0x0000000000000000      0x1a6 apps/hello_world/main.o
 .debug_line    0x00000000000001a6      0x2ce abb/twl3025.o
 .debug_line    0x0000000000000474      0x34b rf/trf6151.o
 .debug_line    0x00000000000007bf       0x34 display/font_r8x8.o
 .debug_line    0x00000000000007f3       0x3a display/font_r8x8_horiz.o
 .debug_line    0x000000000000082d      0x148 display/st7558.o
 .debug_line    0x0000000000000975      0x1ad display/td014.o
 .debug_line    0x0000000000000b22      0x1eb display/ssd1783.o
 .debug_line    0x0000000000000d0d      0x1c7 display/ssd1963.o
 .debug_line    0x0000000000000ed4       0x6f display/display.o
 .debug_line    0x0000000000000f43      0x1e6 flash/cfi_flash.o
 .debug_line    0x0000000000001129      0x187 board/compal/rffe_dualband.o
 .debug_line    0x00000000000012b0       0x96 board/compal/rf_power.o
 .debug_line    0x0000000000001346      0x11a board/compal_e88/init.o
 .debug_line    0x0000000000001460       0x31 board/compal_e88/hello_world.e88flash.manifest.o
 .debug_line    0x0000000000001491      0x1a4 calypso/libcalypso.a(clock.o)
 .debug_line    0x0000000000001635       0x3f calypso/libcalypso.a(dma.o)
 .debug_line    0x0000000000001674       0xcf calypso/libcalypso.a(i2c.o)
 .debug_line    0x0000000000001743      0x192 calypso/libcalypso.a(irq.o)
 .debug_line    0x00000000000018d5       0x91 calypso/libcalypso.a(rtc.o)
 .debug_line    0x0000000000001966       0xe8 calypso/libcalypso.a(spi.o)
 .debug_line    0x0000000000001a4e      0x27c calypso/libcalypso.a(tpu.o)
 .debug_line    0x0000000000001cca      0x18c calypso/libcalypso.a(tsp.o)
 .debug_line    0x0000000000001e56      0x239 calypso/libcalypso.a(keypad.o)
 .debug_line    0x000000000000208f       0x8c calypso/libcalypso.a(misc.o)
 .debug_line    0x000000000000211b      0x15d calypso/libcalypso.a(timer.o)
 .debug_line    0x0000000000002278       0xcb calypso/libcalypso.a(backlight.o)
 .debug_line    0x0000000000002343      0x28d calypso/libcalypso.a(uart.o)
 .debug_line    0x00000000000025d0      0x111 calypso/libcalypso.a(uwire.o)
 .debug_line    0x00000000000026e1       0x4f calypso/libcalypso.a(arm.o)
 .debug_line    0x0000000000002730      0x57a lib/libmini.a(vsprintf.o)
 .debug_line    0x0000000000002caa       0xb9 lib/libmini.a(string.o)
 .debug_line    0x0000000000002d63       0x3f lib/libmini.a(ctype.o)
 .debug_line    0x0000000000002da2       0x87 lib/libmini.a(printf.o)
 .debug_line    0x0000000000002e29      0x125 lib/libmini.a(console.o)
 .debug_line    0x0000000000002f4e       0x47 lib/libmini.a(ctors.o)
 .debug_line    0x0000000000002f95       0x66 lib/libmini.a(delay.o)
 .debug_line    0x0000000000002ffb      0x2ac comm/libcomm.a(sercomm.o)
 .debug_line    0x00000000000032a7      0x19e comm/libcomm.a(sercomm_cons.o)
 .debug_line    0x0000000000003445      0x1ad comm/libcomm.a(timer.o)
 .debug_line    0x00000000000035f2      0x108 comm/libcomm.a(msgb.o)

.debug_loc      0x0000000000000000     0x565c
 .debug_loc     0x0000000000000000      0x15e apps/hello_world/main.o
 .debug_loc     0x000000000000015e      0x3fe abb/twl3025.o
 .debug_loc     0x000000000000055c      0x6a1 rf/trf6151.o
 .debug_loc     0x0000000000000bfd      0x11d display/st7558.o
 .debug_loc     0x0000000000000d1a      0x214 display/td014.o
 .debug_loc     0x0000000000000f2e      0x251 display/ssd1783.o
 .debug_loc     0x000000000000117f      0x23d display/ssd1963.o
 .debug_loc     0x00000000000013bc       0x90 display/display.o
 .debug_loc     0x000000000000144c      0x60c flash/cfi_flash.o
 .debug_loc     0x0000000000001a58       0xf7 board/compal/rffe_dualband.o
 .debug_loc     0x0000000000001b4f       0x7b board/compal_e88/init.o
 .debug_loc     0x0000000000001bca      0x297 calypso/libcalypso.a(clock.o)
 .debug_loc     0x0000000000001e61       0xee calypso/libcalypso.a(i2c.o)
 .debug_loc     0x0000000000001f4f      0x215 calypso/libcalypso.a(irq.o)
 .debug_loc     0x0000000000002164       0x86 calypso/libcalypso.a(rtc.o)
 .debug_loc     0x00000000000021ea      0x155 calypso/libcalypso.a(spi.o)
 .debug_loc     0x000000000000233f      0x31e calypso/libcalypso.a(tpu.o)
 .debug_loc     0x000000000000265d      0x153 calypso/libcalypso.a(tsp.o)
 .debug_loc     0x00000000000027b0      0x3ef calypso/libcalypso.a(keypad.o)
 .debug_loc     0x0000000000002b9f       0xfa calypso/libcalypso.a(misc.o)
 .debug_loc     0x0000000000002c99      0x154 calypso/libcalypso.a(timer.o)
 .debug_loc     0x0000000000002ded       0x44 calypso/libcalypso.a(backlight.o)
 .debug_loc     0x0000000000002e31      0x46c calypso/libcalypso.a(uart.o)
 .debug_loc     0x000000000000329d       0xef calypso/libcalypso.a(uwire.o)
 .debug_loc     0x000000000000338c     0x1604 lib/libmini.a(vsprintf.o)
 .debug_loc     0x0000000000004990       0x8b lib/libmini.a(string.o)
 .debug_loc     0x0000000000004a1b       0x4a lib/libmini.a(printf.o)
 .debug_loc     0x0000000000004a65      0x23b lib/libmini.a(console.o)
 .debug_loc     0x0000000000004ca0       0x7b lib/libmini.a(ctors.o)
 .debug_loc     0x0000000000004d1b       0xa9 lib/libmini.a(delay.o)
 .debug_loc     0x0000000000004dc4      0x2d7 comm/libcomm.a(sercomm.o)
 .debug_loc     0x000000000000509b      0x2b9 comm/libcomm.a(sercomm_cons.o)
 .debug_loc     0x0000000000005354      0x291 comm/libcomm.a(timer.o)
 .debug_loc     0x00000000000055e5       0x77 comm/libcomm.a(msgb.o)

.debug_pubnames
                0x0000000000000000      0xfdb
 .debug_pubnames
                0x0000000000000000       0x32 apps/hello_world/main.o
 .debug_pubnames
                0x0000000000000032      0x13c abb/twl3025.o
 .debug_pubnames
                0x000000000000016e      0x14d rf/trf6151.o
 .debug_pubnames
                0x00000000000002bb       0x24 display/font_r8x8.o
 .debug_pubnames
                0x00000000000002df       0x2a display/font_r8x8_horiz.o
 .debug_pubnames
                0x0000000000000309       0x25 display/st7558.o
 .debug_pubnames
                0x000000000000032e       0x24 display/td014.o
 .debug_pubnames
                0x0000000000000352       0x26 display/ssd1783.o
 .debug_pubnames
                0x0000000000000378       0x26 display/ssd1963.o
 .debug_pubnames
                0x000000000000039e       0x2f display/display.o
 .debug_pubnames
                0x00000000000003cd       0xa6 flash/cfi_flash.o
 .debug_pubnames
                0x0000000000000473       0xc2 board/compal/rffe_dualband.o
 .debug_pubnames
                0x0000000000000535       0x3c board/compal/rf_power.o
 .debug_pubnames
                0x0000000000000571       0x21 board/compal_e88/init.o
 .debug_pubnames
                0x0000000000000592       0x6d board/compal_e88/hello_world.e88flash.manifest.o
 .debug_pubnames
                0x00000000000005ff       0xd0 calypso/libcalypso.a(clock.o)
 .debug_pubnames
                0x00000000000006cf       0x1f calypso/libcalypso.a(dma.o)
 .debug_pubnames
                0x00000000000006ee       0x2d calypso/libcalypso.a(i2c.o)
 .debug_pubnames
                0x000000000000071b       0x95 calypso/libcalypso.a(irq.o)
 .debug_pubnames
                0x00000000000007b0       0x1f calypso/libcalypso.a(rtc.o)
 .debug_pubnames
                0x00000000000007cf       0x2c calypso/libcalypso.a(spi.o)
 .debug_pubnames
                0x00000000000007fb      0x12d calypso/libcalypso.a(tpu.o)
 .debug_pubnames
                0x0000000000000928       0x9a calypso/libcalypso.a(tsp.o)
 .debug_pubnames
                0x00000000000009c2       0x7b calypso/libcalypso.a(keypad.o)
 .debug_pubnames
                0x0000000000000a3d       0x41 calypso/libcalypso.a(misc.o)
 .debug_pubnames
                0x0000000000000a7e       0x8a calypso/libcalypso.a(timer.o)
 .debug_pubnames
                0x0000000000000b08       0x2f calypso/libcalypso.a(backlight.o)
 .debug_pubnames
                0x0000000000000b37       0xa3 calypso/libcalypso.a(uart.o)
 .debug_pubnames
                0x0000000000000bda       0x30 calypso/libcalypso.a(uwire.o)
 .debug_pubnames
                0x0000000000000c0a       0x47 calypso/libcalypso.a(arm.o)
 .debug_pubnames
                0x0000000000000c51       0xb3 lib/libmini.a(vsprintf.o)
 .debug_pubnames
                0x0000000000000d04       0x29 lib/libmini.a(string.o)
 .debug_pubnames
                0x0000000000000d2d       0x1d lib/libmini.a(ctype.o)
 .debug_pubnames
                0x0000000000000d4a       0x1d lib/libmini.a(printf.o)
 .debug_pubnames
                0x0000000000000d67       0x64 lib/libmini.a(console.o)
 .debug_pubnames
                0x0000000000000dcb       0x26 lib/libmini.a(ctors.o)
 .debug_pubnames
                0x0000000000000df1       0x2c lib/libmini.a(delay.o)
 .debug_pubnames
                0x0000000000000e1d       0xb2 comm/libcomm.a(sercomm.o)
 .debug_pubnames
                0x0000000000000ecf       0x37 comm/libcomm.a(sercomm_cons.o)
 .debug_pubnames
                0x0000000000000f06       0x90 comm/libcomm.a(timer.o)
 .debug_pubnames
                0x0000000000000f96       0x45 comm/libcomm.a(msgb.o)

.debug_pubtypes
                0x0000000000000000      0xc10
 .debug_pubtypes
                0x0000000000000000       0x95 apps/hello_world/main.o
 .debug_pubtypes
                0x0000000000000095       0xa2 abb/twl3025.o
 .debug_pubtypes
                0x0000000000000137       0xa3 rf/trf6151.o
 .debug_pubtypes
                0x00000000000001da       0x52 display/st7558.o
 .debug_pubtypes
                0x000000000000022c       0x4e display/td014.o
 .debug_pubtypes
                0x000000000000027a       0x4e display/ssd1783.o
 .debug_pubtypes
                0x00000000000002c8       0x4e display/ssd1963.o
 .debug_pubtypes
                0x0000000000000316       0x25 display/display.o
 .debug_pubtypes
                0x000000000000033b      0x109 flash/cfi_flash.o
 .debug_pubtypes
                0x0000000000000444       0x5f board/compal/rffe_dualband.o
 .debug_pubtypes
                0x00000000000004a3       0x1e board/compal/rf_power.o
 .debug_pubtypes
                0x00000000000004c1       0x78 board/compal_e88/init.o
 .debug_pubtypes
                0x0000000000000539       0x97 calypso/libcalypso.a(clock.o)
 .debug_pubtypes
                0x00000000000005d0       0x1e calypso/libcalypso.a(dma.o)
 .debug_pubtypes
                0x00000000000005ee       0x37 calypso/libcalypso.a(i2c.o)
 .debug_pubtypes
                0x0000000000000625       0x6a calypso/libcalypso.a(irq.o)
 .debug_pubtypes
                0x000000000000068f       0x4d calypso/libcalypso.a(rtc.o)
 .debug_pubtypes
                0x00000000000006dc       0x45 calypso/libcalypso.a(spi.o)
 .debug_pubtypes
                0x0000000000000721       0x89 calypso/libcalypso.a(tpu.o)
 .debug_pubtypes
                0x00000000000007aa       0x6a calypso/libcalypso.a(tsp.o)
 .debug_pubtypes
                0x0000000000000814       0x7e calypso/libcalypso.a(keypad.o)
 .debug_pubtypes
                0x0000000000000892       0x12 calypso/libcalypso.a(misc.o)
 .debug_pubtypes
                0x00000000000008a4       0x6d calypso/libcalypso.a(timer.o)
 .debug_pubtypes
                0x0000000000000911       0x37 calypso/libcalypso.a(backlight.o)
 .debug_pubtypes
                0x0000000000000948       0x7c calypso/libcalypso.a(uart.o)
 .debug_pubtypes
                0x00000000000009c4       0x3a calypso/libcalypso.a(uwire.o)
 .debug_pubtypes
                0x00000000000009fe       0x3c lib/libmini.a(vsprintf.o)
 .debug_pubtypes
                0x0000000000000a3a       0x1d lib/libmini.a(string.o)
 .debug_pubtypes
                0x0000000000000a57       0x31 lib/libmini.a(printf.o)
 .debug_pubtypes
                0x0000000000000a88       0x28 lib/libmini.a(console.o)
 .debug_pubtypes
                0x0000000000000ab0       0x7c comm/libcomm.a(sercomm.o)
 .debug_pubtypes
                0x0000000000000b2c       0x54 comm/libcomm.a(sercomm_cons.o)
 .debug_pubtypes
                0x0000000000000b80       0x40 comm/libcomm.a(timer.o)
 .debug_pubtypes
                0x0000000000000bc0       0x50 comm/libcomm.a(msgb.o)

.debug_aranges  0x0000000000000000      0xa80
 .debug_aranges
                0x0000000000000000       0x38 apps/hello_world/main.o
 .debug_aranges
                0x0000000000000038       0xa8 abb/twl3025.o
 .debug_aranges
                0x00000000000000e0       0x98 rf/trf6151.o
 .debug_aranges
                0x0000000000000178       0x48 display/st7558.o
 .debug_aranges
                0x00000000000001c0       0x60 display/td014.o
 .debug_aranges
                0x0000000000000220       0x60 display/ssd1783.o
 .debug_aranges
                0x0000000000000280       0x60 display/ssd1963.o
 .debug_aranges
                0x00000000000002e0       0x20 display/display.o
 .debug_aranges
                0x0000000000000300       0x50 flash/cfi_flash.o
 .debug_aranges
                0x0000000000000350       0x58 board/compal/rffe_dualband.o
 .debug_aranges
                0x00000000000003a8       0x20 board/compal_e88/init.o
 .debug_aranges
                0x00000000000003c8       0x68 calypso/libcalypso.a(clock.o)
 .debug_aranges
                0x0000000000000430       0x20 calypso/libcalypso.a(dma.o)
 .debug_aranges
                0x0000000000000450       0x28 calypso/libcalypso.a(i2c.o)
 .debug_aranges
                0x0000000000000478       0x60 calypso/libcalypso.a(irq.o)
 .debug_aranges
                0x00000000000004d8       0x28 calypso/libcalypso.a(rtc.o)
 .debug_aranges
                0x0000000000000500       0x28 calypso/libcalypso.a(spi.o)
 .debug_aranges
                0x0000000000000528       0x98 calypso/libcalypso.a(tpu.o)
 .debug_aranges
                0x00000000000005c0       0x60 calypso/libcalypso.a(tsp.o)
 .debug_aranges
                0x0000000000000620       0x48 calypso/libcalypso.a(keypad.o)
 .debug_aranges
                0x0000000000000668       0x30 calypso/libcalypso.a(misc.o)
 .debug_aranges
                0x0000000000000698       0x58 calypso/libcalypso.a(timer.o)
 .debug_aranges
                0x00000000000006f0       0x28 calypso/libcalypso.a(backlight.o)
 .debug_aranges
                0x0000000000000718       0x90 calypso/libcalypso.a(uart.o)
 .debug_aranges
                0x00000000000007a8       0x30 calypso/libcalypso.a(uwire.o)
 .debug_aranges
                0x00000000000007d8       0x28 calypso/libcalypso.a(arm.o)
 .debug_aranges
                0x0000000000000800       0x98 lib/libmini.a(vsprintf.o)
 .debug_aranges
                0x0000000000000898       0x28 lib/libmini.a(string.o)
 .debug_aranges
                0x00000000000008c0       0x20 lib/libmini.a(printf.o)
 .debug_aranges
                0x00000000000008e0       0x50 lib/libmini.a(console.o)
 .debug_aranges
                0x0000000000000930       0x20 lib/libmini.a(ctors.o)
 .debug_aranges
                0x0000000000000950       0x28 lib/libmini.a(delay.o)
 .debug_aranges
                0x0000000000000978       0x58 comm/libcomm.a(sercomm.o)
 .debug_aranges
                0x00000000000009d0       0x30 comm/libcomm.a(sercomm_cons.o)
 .debug_aranges
                0x0000000000000a00       0x58 comm/libcomm.a(timer.o)
 .debug_aranges
                0x0000000000000a58       0x28 comm/libcomm.a(msgb.o)

.debug_ranges   0x0000000000000000      0xad8
 .debug_ranges  0x0000000000000000       0x28 apps/hello_world/main.o
 .debug_ranges  0x0000000000000028       0xc8 abb/twl3025.o
 .debug_ranges  0x00000000000000f0       0x88 rf/trf6151.o
 .debug_ranges  0x0000000000000178       0x38 display/st7558.o
 .debug_ranges  0x00000000000001b0       0x50 display/td014.o
 .debug_ranges  0x0000000000000200       0x50 display/ssd1783.o
 .debug_ranges  0x0000000000000250       0x50 display/ssd1963.o
 .debug_ranges  0x00000000000002a0       0x10 display/display.o
 .debug_ranges  0x00000000000002b0      0x110 flash/cfi_flash.o
 .debug_ranges  0x00000000000003c0       0x48 board/compal/rffe_dualband.o
 .debug_ranges  0x0000000000000408       0x10 board/compal_e88/init.o
 .debug_ranges  0x0000000000000418       0x58 calypso/libcalypso.a(clock.o)
 .debug_ranges  0x0000000000000470       0x10 calypso/libcalypso.a(dma.o)
 .debug_ranges  0x0000000000000480       0x18 calypso/libcalypso.a(i2c.o)
 .debug_ranges  0x0000000000000498       0x50 calypso/libcalypso.a(irq.o)
 .debug_ranges  0x00000000000004e8       0x18 calypso/libcalypso.a(rtc.o)
 .debug_ranges  0x0000000000000500       0x18 calypso/libcalypso.a(spi.o)
 .debug_ranges  0x0000000000000518       0xd0 calypso/libcalypso.a(tpu.o)
 .debug_ranges  0x00000000000005e8       0x50 calypso/libcalypso.a(tsp.o)
 .debug_ranges  0x0000000000000638       0x38 calypso/libcalypso.a(keypad.o)
 .debug_ranges  0x0000000000000670       0x38 calypso/libcalypso.a(misc.o)
 .debug_ranges  0x00000000000006a8       0x48 calypso/libcalypso.a(timer.o)
 .debug_ranges  0x00000000000006f0       0x18 calypso/libcalypso.a(backlight.o)
 .debug_ranges  0x0000000000000708       0x98 calypso/libcalypso.a(uart.o)
 .debug_ranges  0x00000000000007a0       0x20 calypso/libcalypso.a(uwire.o)
 .debug_ranges  0x00000000000007c0       0x18 calypso/libcalypso.a(arm.o)
 .debug_ranges  0x00000000000007d8       0xd0 lib/libmini.a(vsprintf.o)
 .debug_ranges  0x00000000000008a8       0x18 lib/libmini.a(string.o)
 .debug_ranges  0x00000000000008c0       0x10 lib/libmini.a(printf.o)
 .debug_ranges  0x00000000000008d0       0x58 lib/libmini.a(console.o)
 .debug_ranges  0x0000000000000928       0x10 lib/libmini.a(ctors.o)
 .debug_ranges  0x0000000000000938       0x18 lib/libmini.a(delay.o)
 .debug_ranges  0x0000000000000950       0xa8 comm/libcomm.a(sercomm.o)
 .debug_ranges  0x00000000000009f8       0x50 comm/libcomm.a(sercomm_cons.o)
 .debug_ranges  0x0000000000000a48       0x78 comm/libcomm.a(timer.o)
 .debug_ranges  0x0000000000000ac0       0x18 comm/libcomm.a(msgb.o)

.debug_str      0x0000000000000000     0x2e2f
 .debug_str     0x0000000000000000      0x2ad apps/hello_world/main.o
                                        0x354 (size before relaxing)
 .debug_str     0x00000000000002ad      0x5eb abb/twl3025.o
                                        0x6e6 (size before relaxing)
 .debug_str     0x0000000000000898      0x3df rf/trf6151.o
                                        0x5a3 (size before relaxing)
 .debug_str     0x0000000000000c77       0x22 display/font_r8x8.o
                                         0x77 (size before relaxing)
 .debug_str     0x0000000000000c99       0x2e display/font_r8x8_horiz.o
                                         0x83 (size before relaxing)
 .debug_str     0x0000000000000cc7       0xd7 display/st7558.o
                                        0x231 (size before relaxing)
 .debug_str     0x0000000000000d9e       0xfb display/td014.o
                                        0x26b (size before relaxing)
 .debug_str     0x0000000000000e99       0xdb display/ssd1783.o
                                        0x298 (size before relaxing)
 .debug_str     0x0000000000000f74       0xc0 display/ssd1963.o
                                        0x28b (size before relaxing)
 .debug_str     0x0000000000001034       0x2f display/display.o
                                        0x145 (size before relaxing)
 .debug_str     0x0000000000001063      0x582 flash/cfi_flash.o
                                        0x693 (size before relaxing)
 .debug_str     0x00000000000015e5       0x9b board/compal/rffe_dualband.o
                                        0x266 (size before relaxing)
 .debug_str     0x0000000000001680       0x3a board/compal/rf_power.o
                                        0x100 (size before relaxing)
 .debug_str     0x00000000000016ba      0x1e1 board/compal_e88/init.o
                                        0x31e (size before relaxing)
 .debug_str     0x000000000000189b       0x5c board/compal_e88/hello_world.e88flash.manifest.o
                                         0x96 (size before relaxing)
 .debug_str     0x00000000000018f7      0x168 calypso/libcalypso.a(clock.o)
                                        0x3d9 (size before relaxing)
 .debug_str     0x0000000000001a5f       0x3c calypso/libcalypso.a(dma.o)
                                         0x71 (size before relaxing)
 .debug_str     0x0000000000001a9b       0xca calypso/libcalypso.a(i2c.o)
                                        0x1aa (size before relaxing)
 .debug_str     0x0000000000001b65      0x112 calypso/libcalypso.a(irq.o)
                                        0x353 (size before relaxing)
 .debug_str     0x0000000000001c77       0xf7 calypso/libcalypso.a(rtc.o)
                                        0x3a2 (size before relaxing)
 .debug_str     0x0000000000001d6e       0xb2 calypso/libcalypso.a(spi.o)
                                        0x18a (size before relaxing)
 .debug_str     0x0000000000001e20      0x27e calypso/libcalypso.a(tpu.o)
                                        0x3fa (size before relaxing)
 .debug_str     0x000000000000209e      0x1a1 calypso/libcalypso.a(tsp.o)
                                        0x30e (size before relaxing)
 .debug_str     0x000000000000223f      0x150 calypso/libcalypso.a(keypad.o)
                                        0x449 (size before relaxing)
 .debug_str     0x000000000000238f       0x32 calypso/libcalypso.a(misc.o)
                                         0xf0 (size before relaxing)
 .debug_str     0x00000000000023c1      0x145 calypso/libcalypso.a(timer.o)
                                        0x357 (size before relaxing)
 .debug_str     0x0000000000002506       0x44 calypso/libcalypso.a(backlight.o)
                                        0x114 (size before relaxing)
 .debug_str     0x000000000000254a      0x293 calypso/libcalypso.a(uart.o)
                                        0x4f4 (size before relaxing)
 .debug_str     0x00000000000027dd       0x66 calypso/libcalypso.a(uwire.o)
                                        0x146 (size before relaxing)
 .debug_str     0x0000000000002843       0x40 calypso/libcalypso.a(arm.o)
                                         0x87 (size before relaxing)
 .debug_str     0x0000000000002883      0x117 lib/libmini.a(vsprintf.o)
                                        0x22b (size before relaxing)
 .debug_str     0x000000000000299a       0x1c lib/libmini.a(string.o)
                                         0xee (size before relaxing)
 .debug_str     0x00000000000029b6        0xc lib/libmini.a(ctype.o)
                                         0x68 (size before relaxing)
 .debug_str     0x00000000000029c2       0x1b lib/libmini.a(printf.o)
                                        0x10e (size before relaxing)
 .debug_str     0x00000000000029dd       0xbf lib/libmini.a(console.o)
                                        0x1d9 (size before relaxing)
 .debug_str     0x0000000000002a9c       0x41 lib/libmini.a(ctors.o)
                                         0x87 (size before relaxing)
 .debug_str     0x0000000000002add       0x1e lib/libmini.a(delay.o)
                                         0x60 (size before relaxing)
 .debug_str     0x0000000000002afb      0x1a0 comm/libcomm.a(sercomm.o)
                                        0x3aa (size before relaxing)
 .debug_str     0x0000000000002c9b       0x5d comm/libcomm.a(sercomm_cons.o)
                                        0x273 (size before relaxing)
 .debug_str     0x0000000000002cf8       0xe1 comm/libcomm.a(timer.o)
                                        0x320 (size before relaxing)
 .debug_str     0x0000000000002dd9       0x56 comm/libcomm.a(msgb.o)
                                        0x19d (size before relaxing)

.comment        0x0000000000000000       0x11
 .comment       0x0000000000000000       0x11 apps/hello_world/main.o
                                         0x12 (size before relaxing)
 .comment       0x0000000000000000       0x12 abb/twl3025.o
 .comment       0x0000000000000000       0x12 rf/trf6151.o
 .comment       0x0000000000000000       0x12 display/font_r8x8.o
 .comment       0x0000000000000000       0x12 display/font_r8x8_horiz.o
 .comment       0x0000000000000000       0x12 display/st7558.o
 .comment       0x0000000000000000       0x12 display/td014.o
 .comment       0x0000000000000000       0x12 display/ssd1783.o
 .comment       0x0000000000000000       0x12 display/ssd1963.o
 .comment       0x0000000000000000       0x12 display/display.o
 .comment       0x0000000000000000       0x12 flash/cfi_flash.o
 .comment       0x0000000000000000       0x12 board/compal/rffe_dualband.o
 .comment       0x0000000000000000       0x12 board/compal/rf_power.o
 .comment       0x0000000000000000       0x12 board/compal_e88/init.o
 .comment       0x0000000000000000       0x12 board/compal_e88/hello_world.e88flash.manifest.o
 .comment       0x0000000000000000       0x12 calypso/libcalypso.a(clock.o)
 .comment       0x0000000000000000       0x12 calypso/libcalypso.a(dma.o)
 .comment       0x0000000000000000       0x12 calypso/libcalypso.a(i2c.o)
 .comment       0x0000000000000000       0x12 calypso/libcalypso.a(irq.o)
 .comment       0x0000000000000000       0x12 calypso/libcalypso.a(rtc.o)
 .comment       0x0000000000000000       0x12 calypso/libcalypso.a(spi.o)
 .comment       0x0000000000000000       0x12 calypso/libcalypso.a(tpu.o)
 .comment       0x0000000000000000       0x12 calypso/libcalypso.a(tsp.o)
 .comment       0x0000000000000000       0x12 calypso/libcalypso.a(keypad.o)
 .comment       0x0000000000000000       0x12 calypso/libcalypso.a(misc.o)
 .comment       0x0000000000000000       0x12 calypso/libcalypso.a(timer.o)
 .comment       0x0000000000000000       0x12 calypso/libcalypso.a(backlight.o)
 .comment       0x0000000000000000       0x12 calypso/libcalypso.a(uart.o)
 .comment       0x0000000000000000       0x12 calypso/libcalypso.a(uwire.o)
 .comment       0x0000000000000000       0x12 calypso/libcalypso.a(arm.o)
 .comment       0x0000000000000000       0x12 lib/libmini.a(vsprintf.o)
 .comment       0x0000000000000000       0x12 lib/libmini.a(string.o)
 .comment       0x0000000000000000       0x12 lib/libmini.a(ctype.o)
 .comment       0x0000000000000000       0x12 lib/libmini.a(printf.o)
 .comment       0x0000000000000000       0x12 lib/libmini.a(console.o)
 .comment       0x0000000000000000       0x12 lib/libmini.a(ctors.o)
 .comment       0x0000000000000000       0x12 lib/libmini.a(delay.o)
 .comment       0x0000000000000000       0x12 comm/libcomm.a(sercomm.o)
 .comment       0x0000000000000000       0x12 comm/libcomm.a(sercomm_cons.o)
 .comment       0x0000000000000000       0x12 comm/libcomm.a(timer.o)
 .comment       0x0000000000000000       0x12 ../../shared/libosmocore/build-target/src/.libs/libosmocore.a(msgb.o)
 .comment       0x0000000000000000       0x12 ../../shared/libosmocore/build-target/src/.libs/libosmocore.a(panic.o)
 .comment       0x0000000000000000       0x12 ../../shared/libosmocore/build-target/src/gsm/.libs/libosmogsm.a(gsm_utils.o)
 .comment       0x0000000000000000       0x12 comm/libcomm.a(msgb.o)

.ARM.attributes
                0x0000000000000000       0x10
 .ARM.attributes
                0x0000000000000000       0x10 apps/hello_world/main.o
 .ARM.attributes
                0x0000000000000010       0x10 abb/twl3025.o
 .ARM.attributes
                0x0000000000000020       0x10 rf/trf6151.o
 .ARM.attributes
                0x0000000000000030       0x10 display/font_r8x8.o
 .ARM.attributes
                0x0000000000000040       0x10 display/font_r8x8_horiz.o
 .ARM.attributes
                0x0000000000000050       0x10 display/st7558.o
 .ARM.attributes
                0x0000000000000060       0x10 display/td014.o
 .ARM.attributes
                0x0000000000000070       0x10 display/ssd1783.o
 .ARM.attributes
                0x0000000000000080       0x10 display/ssd1963.o
 .ARM.attributes
                0x0000000000000090       0x10 display/display.o
 .ARM.attributes
                0x00000000000000a0       0x10 flash/cfi_flash.o
 .ARM.attributes
                0x00000000000000b0       0x10 board/common/calypso_uart.o
 .ARM.attributes
                0x00000000000000c0       0x10 board/common/calypso_pwl.o
 .ARM.attributes
                0x00000000000000d0       0x10 board/compal/rffe_dualband.o
 .ARM.attributes
                0x00000000000000e0       0x10 board/compal/rf_power.o
 .ARM.attributes
                0x00000000000000f0       0x10 board/compal_e88/init.o
 .ARM.attributes
                0x0000000000000100       0x10 board/compal_e88/hello_world.e88flash.manifest.o
 .ARM.attributes
                0x0000000000000110       0x10 board/compal/start.rom.o
 .ARM.attributes
                0x0000000000000120       0x10 board/compal/header.o
 .ARM.attributes
                0x0000000000000130       0x10 board/compal/exceptions_redirected.o
 .ARM.attributes
                0x0000000000000140       0x10 board/compal/handlers.o
 .ARM.attributes
                0x0000000000000150       0x10 calypso/libcalypso.a(clock.o)
 .ARM.attributes
                0x0000000000000160       0x10 calypso/libcalypso.a(dma.o)
 .ARM.attributes
                0x0000000000000170       0x10 calypso/libcalypso.a(i2c.o)
 .ARM.attributes
                0x0000000000000180       0x10 calypso/libcalypso.a(irq.o)
 .ARM.attributes
                0x0000000000000190       0x10 calypso/libcalypso.a(rtc.o)
 .ARM.attributes
                0x00000000000001a0       0x10 calypso/libcalypso.a(spi.o)
 .ARM.attributes
                0x00000000000001b0       0x10 calypso/libcalypso.a(tpu.o)
 .ARM.attributes
                0x00000000000001c0       0x10 calypso/libcalypso.a(tsp.o)
 .ARM.attributes
                0x00000000000001d0       0x10 calypso/libcalypso.a(keypad.o)
 .ARM.attributes
                0x00000000000001e0       0x10 calypso/libcalypso.a(misc.o)
 .ARM.attributes
                0x00000000000001f0       0x10 calypso/libcalypso.a(timer.o)
 .ARM.attributes
                0x0000000000000200       0x10 calypso/libcalypso.a(backlight.o)
 .ARM.attributes
                0x0000000000000210       0x10 calypso/libcalypso.a(uart.o)
 .ARM.attributes
                0x0000000000000220       0x10 calypso/libcalypso.a(uwire.o)
 .ARM.attributes
                0x0000000000000230       0x10 calypso/libcalypso.a(arm.o)
 .ARM.attributes
                0x0000000000000240       0x10 lib/libmini.a(vsprintf.o)
 .ARM.attributes
                0x0000000000000250       0x10 lib/libmini.a(string.o)
 .ARM.attributes
                0x0000000000000260       0x10 lib/libmini.a(ctype.o)
 .ARM.attributes
                0x0000000000000270       0x10 lib/libmini.a(printf.o)
 .ARM.attributes
                0x0000000000000280       0x10 lib/libmini.a(console.o)
 .ARM.attributes
                0x0000000000000290       0x10 lib/libmini.a(ctors.o)
 .ARM.attributes
                0x00000000000002a0       0x10 lib/libmini.a(delay.o)
 .ARM.attributes
                0x00000000000002b0       0x10 lib/libmini.a(div64.o)
 .ARM.attributes
                0x00000000000002c0       0x10 lib/libmini.a(lib1funcs.o)
 .ARM.attributes
                0x00000000000002d0       0x10 lib/libmini.a(memcpy.o)
 .ARM.attributes
                0x00000000000002e0       0x10 lib/libmini.a(memset.o)
 .ARM.attributes
                0x00000000000002f0       0x10 comm/libcomm.a(sercomm.o)
 .ARM.attributes
                0x0000000000000300       0x10 comm/libcomm.a(sercomm_cons.o)
 .ARM.attributes
                0x0000000000000310       0x10 comm/libcomm.a(timer.o)
 .ARM.attributes
                0x0000000000000320       0x10 ../../shared/libosmocore/build-target/src/.libs/libosmocore.a(msgb.o)
 .ARM.attributes
                0x0000000000000330       0x10 ../../shared/libosmocore/build-target/src/.libs/libosmocore.a(panic.o)
 .ARM.attributes
                0x0000000000000340       0x10 ../../shared/libosmocore/build-target/src/gsm/.libs/libosmogsm.a(gsm_utils.o)
 .ARM.attributes
                0x0000000000000350       0x10 comm/libcomm.a(msgb.o)

.compal.header  0x0000000000000000       0x3c
 .compal.header
                0x0000000000000000       0x3c board/compal/header.o

.debug_frame    0x0000000000000000     0x17ac
 .debug_frame   0x0000000000000000       0x8c apps/hello_world/main.o
 .debug_frame   0x000000000000008c      0x1c8 abb/twl3025.o
 .debug_frame   0x0000000000000254      0x174 rf/trf6151.o
 .debug_frame   0x00000000000003c8       0xa4 display/st7558.o
 .debug_frame   0x000000000000046c      0x104 display/td014.o
 .debug_frame   0x0000000000000570      0x10c display/ssd1783.o
 .debug_frame   0x000000000000067c      0x108 display/ssd1963.o
 .debug_frame   0x0000000000000784       0x2c display/display.o
 .debug_frame   0x00000000000007b0       0xac flash/cfi_flash.o
 .debug_frame   0x000000000000085c       0xa0 board/compal/rffe_dualband.o
 .debug_frame   0x00000000000008fc       0x38 board/compal_e88/init.o
 .debug_frame   0x0000000000000934       0xd0 calypso/libcalypso.a(clock.o)
 .debug_frame   0x0000000000000a04       0x20 calypso/libcalypso.a(dma.o)
 .debug_frame   0x0000000000000a24       0x30 calypso/libcalypso.a(i2c.o)
 .debug_frame   0x0000000000000a54       0xb0 calypso/libcalypso.a(irq.o)
 .debug_frame   0x0000000000000b04       0x40 calypso/libcalypso.a(rtc.o)
 .debug_frame   0x0000000000000b44       0x3c calypso/libcalypso.a(spi.o)
 .debug_frame   0x0000000000000b80      0x13c calypso/libcalypso.a(tpu.o)
 .debug_frame   0x0000000000000cbc       0xc4 calypso/libcalypso.a(tsp.o)
 .debug_frame   0x0000000000000d80       0xb0 calypso/libcalypso.a(keypad.o)
 .debug_frame   0x0000000000000e30       0x6c calypso/libcalypso.a(misc.o)
 .debug_frame   0x0000000000000e9c       0x98 calypso/libcalypso.a(timer.o)
 .debug_frame   0x0000000000000f34       0x30 calypso/libcalypso.a(backlight.o)
 .debug_frame   0x0000000000000f64      0x17c calypso/libcalypso.a(uart.o)
 .debug_frame   0x00000000000010e0       0x50 calypso/libcalypso.a(uwire.o)
 .debug_frame   0x0000000000001130       0x30 calypso/libcalypso.a(arm.o)
 .debug_frame   0x0000000000001160      0x23c lib/libmini.a(vsprintf.o)
 .debug_frame   0x000000000000139c       0x30 lib/libmini.a(string.o)
 .debug_frame   0x00000000000013cc       0x3c lib/libmini.a(printf.o)
 .debug_frame   0x0000000000001408       0xf4 lib/libmini.a(console.o)
 .debug_frame   0x00000000000014fc       0x2c lib/libmini.a(ctors.o)
 .debug_frame   0x0000000000001528       0x38 lib/libmini.a(delay.o)
 .debug_frame   0x0000000000001560       0xd4 comm/libcomm.a(sercomm.o)
 .debug_frame   0x0000000000001634       0x7c comm/libcomm.a(sercomm_cons.o)
 .debug_frame   0x00000000000016b0       0xb4 comm/libcomm.a(timer.o)
 .debug_frame   0x0000000000001764       0x48 comm/libcomm.a(msgb.o)

Cross Reference Table

Symbol                                            File
_GLOBAL_OFFSET_TABLE_                             ../../shared/libosmocore/build-target/src/.libs/libosmocore.a(msgb.o)
                                                  ../../shared/libosmocore/build-target/src/gsm/.libs/libosmogsm.a(gsm_utils.o)
                                                  ../../shared/libosmocore/build-target/src/.libs/libosmocore.a(panic.o)
__aeabi_idiv                                      lib/libmini.a(lib1funcs.o)
__aeabi_idivmod                                   lib/libmini.a(lib1funcs.o)
__aeabi_uidiv                                     lib/libmini.a(lib1funcs.o)
__aeabi_uidivmod                                  lib/libmini.a(lib1funcs.o)
__bss_end                                         board/compal/start.rom.o
__bss_start                                       board/compal/start.rom.o
__data_end                                        board/compal/start.rom.o
__data_start                                      board/compal/start.rom.o
__div0                                            lib/libmini.a(lib1funcs.o)
                                                  lib/libmini.a(div64.o)
__divsi3                                          lib/libmini.a(lib1funcs.o)
                                                  ../../shared/libosmocore/build-target/src/gsm/.libs/libosmogsm.a(gsm_utils.o)
                                                  comm/libcomm.a(timer.o)
__do_div64                                        lib/libmini.a(div64.o)
                                                  lib/libmini.a(vsprintf.o)
__modsi3                                          lib/libmini.a(lib1funcs.o)
                                                  ../../shared/libosmocore/build-target/src/gsm/.libs/libosmogsm.a(gsm_utils.o)
                                                  calypso/libcalypso.a(tpu.o)
__ramtext_end                                     board/compal/start.rom.o
__ramtext_start                                   board/compal/start.rom.o
__udivsi3                                         lib/libmini.a(lib1funcs.o)
                                                  ../../shared/libosmocore/build-target/src/gsm/.libs/libosmogsm.a(gsm_utils.o)
                                                  rf/trf6151.o
__umodsi3                                         lib/libmini.a(lib1funcs.o)
                                                  ../../shared/libosmocore/build-target/src/gsm/.libs/libosmogsm.a(gsm_utils.o)
_ctor_end                                         board/compal/start.rom.o
_ctor_start                                       board/compal/start.rom.o
_ctype                                            lib/libmini.a(ctype.o)
                                                  ../../shared/libosmocore/build-target/src/gsm/.libs/libosmogsm.a(gsm_utils.o)
                                                  lib/libmini.a(vsprintf.o)
_data_start                                       board/compal/start.rom.o
_exceptions                                       calypso/libcalypso.a(irq.o)
_ramtext_start                                    board/compal/start.rom.o
_start                                            board/compal/start.rom.o
_talloc_zero                                      comm/libcomm.a(msgb.o)
                                                  ../../shared/libosmocore/build-target/src/.libs/libosmocore.a(msgb.o)
add_mod5000                                       calypso/libcalypso.a(tpu.o)
                                                  rf/trf6151.o
add_timer                                         comm/libcomm.a(timer.o)
arm_disable_interrupts                            calypso/libcalypso.a(arm.o)
arm_enable_interrupts                             calypso/libcalypso.a(arm.o)
                                                  calypso/libcalypso.a(irq.o)
bl_level                                          calypso/libcalypso.a(backlight.o)
bl_mode_pwl                                       calypso/libcalypso.a(backlight.o)
                                                  board/compal_e88/init.o
board_init                                        board/compal_e88/init.o
                                                  apps/hello_world/main.o
calloc                                            ../../shared/libosmocore/build-target/src/gsm/.libs/libosmogsm.a(gsm_utils.o)
calypso_bootrom                                   calypso/libcalypso.a(clock.o)
                                                  board/compal_e88/init.o
calypso_clk_dump                                  calypso/libcalypso.a(clock.o)
                                                  apps/hello_world/main.o
calypso_clock_set                                 calypso/libcalypso.a(clock.o)
                                                  board/compal_e88/init.o
calypso_debugunit                                 calypso/libcalypso.a(clock.o)
calypso_exceptions_install                        calypso/libcalypso.a(irq.o)
                                                  board/compal_e88/init.o
calypso_mem_cfg                                   calypso/libcalypso.a(clock.o)
                                                  board/compal_e88/init.o
calypso_pll_set                                   calypso/libcalypso.a(clock.o)
calypso_reset_get                                 calypso/libcalypso.a(clock.o)
calypso_reset_set                                 calypso/libcalypso.a(clock.o)
                                                  display/ssd1963.o
                                                  display/ssd1783.o
                                                  display/td014.o
                                                  display/st7558.o
calypso_rhea_cfg                                  calypso/libcalypso.a(clock.o)
                                                  board/compal_e88/init.o
cons_init                                         lib/libmini.a(console.o)
                                                  calypso/libcalypso.a(uart.o)
cons_putchar                                      lib/libmini.a(console.o)
cons_puts                                         lib/libmini.a(console.o)
                                                  comm/libcomm.a(msgb.o)
cons_rb_append                                    lib/libmini.a(console.o)
cons_rb_flush                                     lib/libmini.a(console.o)
                                                  calypso/libcalypso.a(uart.o)
dbm2apc_gsm900                                    board/compal/rf_power.o
dbm2apc_gsm900_max                                board/compal/rf_power.o
dbm2rxlev                                         ../../shared/libosmocore/build-target/src/gsm/.libs/libosmogsm.a(gsm_utils.o)
del_timer                                         comm/libcomm.a(timer.o)
delay_ms                                          lib/libmini.a(delay.o)
                                                  calypso/libcalypso.a(spi.o)
                                                  display/ssd1963.o
                                                  display/ssd1783.o
                                                  display/td014.o
                                                  abb/twl3025.o
delay_us                                          lib/libmini.a(delay.o)
                                                  calypso/libcalypso.a(tpu.o)
dispatch_buttons                                  calypso/libcalypso.a(keypad.o)
display                                           calypso/libcalypso.a(rtc.o)
                                                  board/compal_e88/init.o
                                                  display/display.o
                                                  apps/hello_world/main.o
display_puts                                      display/display.o
                                                  apps/hello_world/main.o
dma_init                                          calypso/libcalypso.a(dma.o)
                                                  board/compal_e88/init.o
do_global_ctors                                   lib/libmini.a(ctors.o)
                                                  board/compal/start.rom.o
dump_dev_id                                       calypso/libcalypso.a(misc.o)
                                                  apps/hello_world/main.o
dump_mem                                          calypso/libcalypso.a(misc.o)
emit_key                                          calypso/libcalypso.a(keypad.o)
fiq                                               calypso/libcalypso.a(irq.o)
                                                  board/compal/handlers.o
fiq_entry                                         board/compal/handlers.o
                                                  board/compal/exceptions_redirected.o
flash_block_erase                                 flash/cfi_flash.o
flash_block_getlock                               flash/cfi_flash.o
flash_block_lock                                  flash/cfi_flash.o
flash_block_lockdown                              flash/cfi_flash.o
flash_block_unlock                                flash/cfi_flash.o
flash_init                                        flash/cfi_flash.o
flash_program                                     flash/cfi_flash.o
fontdata_r8x8                                     display/font_r8x8.o
                                                  display/st7558.o
fontdata_r8x8_horiz                               display/font_r8x8_horiz.o
                                                  display/ssd1963.o
                                                  display/ssd1783.o
                                                  display/td014.o
free                                              ../../shared/libosmocore/build-target/src/gsm/.libs/libosmogsm.a(gsm_utils.o)
gprs_tlli_type                                    ../../shared/libosmocore/build-target/src/gsm/.libs/libosmogsm.a(gsm_utils.o)
gprs_tmsi2tlli                                    ../../shared/libosmocore/build-target/src/gsm/.libs/libosmogsm.a(gsm_utils.o)
gsm_7bit_decode                                   ../../shared/libosmocore/build-target/src/gsm/.libs/libosmogsm.a(gsm_utils.o)
gsm_7bit_decode_hdr                               ../../shared/libosmocore/build-target/src/gsm/.libs/libosmogsm.a(gsm_utils.o)
gsm_7bit_encode                                   ../../shared/libosmocore/build-target/src/gsm/.libs/libosmogsm.a(gsm_utils.o)
gsm_arfcn2band                                    ../../shared/libosmocore/build-target/src/gsm/.libs/libosmogsm.a(gsm_utils.o)
                                                  rf/trf6151.o
gsm_arfcn2freq10                                  ../../shared/libosmocore/build-target/src/gsm/.libs/libosmogsm.a(gsm_utils.o)
                                                  rf/trf6151.o
gsm_band_name                                     ../../shared/libosmocore/build-target/src/gsm/.libs/libosmogsm.a(gsm_utils.o)
gsm_band_parse                                    ../../shared/libosmocore/build-target/src/gsm/.libs/libosmogsm.a(gsm_utils.o)
gsm_fn2gsmtime                                    ../../shared/libosmocore/build-target/src/gsm/.libs/libosmogsm.a(gsm_utils.o)
gsm_get_octet_len                                 ../../shared/libosmocore/build-target/src/gsm/.libs/libosmogsm.a(gsm_utils.o)
gsm_gsmtime2fn                                    ../../shared/libosmocore/build-target/src/gsm/.libs/libosmogsm.a(gsm_utils.o)
gsm_septet_encode                                 ../../shared/libosmocore/build-target/src/gsm/.libs/libosmogsm.a(gsm_utils.o)
gsm_septets2octets                                ../../shared/libosmocore/build-target/src/gsm/.libs/libosmogsm.a(gsm_utils.o)
handle_abort                                      board/compal/handlers.o
                                                  board/compal/exceptions_redirected.o
hr                                                apps/hello_world/main.o
hwtimer_config                                    calypso/libcalypso.a(timer.o)
                                                  comm/libcomm.a(timer.o)
hwtimer_enable                                    calypso/libcalypso.a(timer.o)
                                                  comm/libcomm.a(timer.o)
hwtimer_init                                      calypso/libcalypso.a(timer.o)
                                                  board/compal_e88/init.o
hwtimer_load                                      calypso/libcalypso.a(timer.o)
                                                  comm/libcomm.a(timer.o)
hwtimer_read                                      calypso/libcalypso.a(timer.o)
i2c_init                                          calypso/libcalypso.a(i2c.o)
                                                  display/st7558.o
i2c_write                                         calypso/libcalypso.a(i2c.o)
                                                  display/st7558.o
irq                                               calypso/libcalypso.a(irq.o)
                                                  board/compal/handlers.o
irq_config                                        calypso/libcalypso.a(irq.o)
                                                  comm/libcomm.a(timer.o)
                                                  calypso/libcalypso.a(uart.o)
                                                  calypso/libcalypso.a(timer.o)
                                                  calypso/libcalypso.a(keypad.o)
                                                  calypso/libcalypso.a(rtc.o)
                                                  abb/twl3025.o
irq_disable                                       calypso/libcalypso.a(irq.o)
                                                  calypso/libcalypso.a(keypad.o)
irq_enable                                        calypso/libcalypso.a(irq.o)
                                                  comm/libcomm.a(timer.o)
                                                  calypso/libcalypso.a(uart.o)
                                                  calypso/libcalypso.a(timer.o)
                                                  calypso/libcalypso.a(keypad.o)
                                                  calypso/libcalypso.a(rtc.o)
                                                  abb/twl3025.o
irq_entry                                         board/compal/handlers.o
                                                  board/compal/exceptions_redirected.o
irq_init                                          calypso/libcalypso.a(irq.o)
                                                  board/compal_e88/init.o
irq_register_handler                              calypso/libcalypso.a(irq.o)
                                                  comm/libcomm.a(timer.o)
                                                  calypso/libcalypso.a(uart.o)
                                                  calypso/libcalypso.a(timer.o)
                                                  calypso/libcalypso.a(keypad.o)
                                                  calypso/libcalypso.a(rtc.o)
                                                  abb/twl3025.o
jiffies                                           comm/libcomm.a(timer.o)
key_handler                                       apps/hello_world/main.o
keypad_init                                       calypso/libcalypso.a(keypad.o)
                                                  board/compal_e88/init.o
keypad_poll                                       calypso/libcalypso.a(keypad.o)
                                                  comm/libcomm.a(timer.o)
keypad_set_handler                                calypso/libcalypso.a(keypad.o)
                                                  apps/hello_world/main.o
lastbuttons                                       calypso/libcalypso.a(keypad.o)
main                                              apps/hello_world/main.o
                                                  board/compal/start.rom.o
manifest_application                              board/compal_e88/hello_world.e88flash.manifest.o
manifest_board                                    board/compal_e88/hello_world.e88flash.manifest.o
manifest_environment                              board/compal_e88/hello_world.e88flash.manifest.o
manifest_revision                                 board/compal_e88/hello_world.e88flash.manifest.o
memcpy                                            lib/libmini.a(memcpy.o)
                                                  ../../shared/libosmocore/build-target/src/gsm/.libs/libosmogsm.a(gsm_utils.o)
                                                  lib/libmini.a(console.o)
memdump_asm                                       board/common/calypso_uart.o
memdump_range                                     calypso/libcalypso.a(misc.o)
memset                                            lib/libmini.a(memset.o)
                                                  comm/libcomm.a(msgb.o)
                                                  ../../shared/libosmocore/build-target/src/.libs/libosmocore.a(msgb.o)
                                                  lib/libmini.a(console.o)
ms_class_gmsk_dbm                                 ../../shared/libosmocore/build-target/src/gsm/.libs/libosmogsm.a(gsm_utils.o)
ms_pwr_ctl_lvl                                    ../../shared/libosmocore/build-target/src/gsm/.libs/libosmogsm.a(gsm_utils.o)
ms_pwr_dbm                                        ../../shared/libosmocore/build-target/src/gsm/.libs/libosmogsm.a(gsm_utils.o)
msgb_alloc                                        ../../shared/libosmocore/build-target/src/.libs/libosmocore.a(msgb.o)
                                                  comm/libcomm.a(sercomm_cons.o)
                                                  comm/libcomm.a(sercomm.o)
msgb_data                                         ../../shared/libosmocore/build-target/src/.libs/libosmocore.a(msgb.o)
msgb_dequeue                                      ../../shared/libosmocore/build-target/src/.libs/libosmocore.a(msgb.o)
                                                  comm/libcomm.a(sercomm.o)
msgb_enqueue                                      ../../shared/libosmocore/build-target/src/.libs/libosmocore.a(msgb.o)
                                                  comm/libcomm.a(sercomm.o)
msgb_free                                         ../../shared/libosmocore/build-target/src/.libs/libosmocore.a(msgb.o)
                                                  comm/libcomm.a(sercomm.o)
                                                  apps/hello_world/main.o
msgb_length                                       ../../shared/libosmocore/build-target/src/.libs/libosmocore.a(msgb.o)
msgb_reset                                        ../../shared/libosmocore/build-target/src/.libs/libosmocore.a(msgb.o)
msgb_set_talloc_ctx                               ../../shared/libosmocore/build-target/src/.libs/libosmocore.a(msgb.o)
osmo_panic                                        ../../shared/libosmocore/build-target/src/.libs/libosmocore.a(panic.o)
                                                  comm/libcomm.a(sercomm_cons.o)
                                                  comm/libcomm.a(sercomm.o)
osmo_set_panic_handler                            ../../shared/libosmocore/build-target/src/.libs/libosmocore.a(panic.o)
phex                                              board/common/calypso_uart.o
                                                  board/compal/handlers.o
phexubf                                           board/common/calypso_uart.o
printf                                            lib/libmini.a(printf.o)
                                                  calypso/libcalypso.a(timer.o)
                                                  calypso/libcalypso.a(misc.o)
                                                  calypso/libcalypso.a(keypad.o)
                                                  calypso/libcalypso.a(clock.o)
                                                  flash/cfi_flash.o
                                                  abb/twl3025.o
                                                  apps/hello_world/main.o
putchar_asm                                       board/common/calypso_uart.o
                                                  board/compal/handlers.o
puts                                              lib/libmini.a(vsprintf.o)
                                                  lib/libmini.a(printf.o)
                                                  calypso/libcalypso.a(uart.o)
                                                  calypso/libcalypso.a(timer.o)
                                                  calypso/libcalypso.a(misc.o)
                                                  calypso/libcalypso.a(tpu.o)
                                                  rf/trf6151.o
                                                  abb/twl3025.o
                                                  apps/hello_world/main.o
puts_asm                                          board/common/calypso_uart.o
pwl_init                                          board/common/calypso_pwl.o
pwl_set_level                                     board/common/calypso_pwl.o
rf_arfcn                                          rf/trf6151.o
rffe_compute_gain                                 board/compal/rffe_dualband.o
rffe_get_gain                                     board/compal/rffe_dualband.o
rffe_get_rx_ports                                 board/compal/rffe_dualband.o
                                                  rf/trf6151.o
rffe_get_tx_ports                                 board/compal/rffe_dualband.o
rffe_init                                         board/compal/rffe_dualband.o
rffe_mode                                         board/compal/rffe_dualband.o
rffe_rx_win_ctrl                                  board/compal/rffe_dualband.o
rffe_set_gain                                     board/compal/rffe_dualband.o
rtc_init                                          calypso/libcalypso.a(rtc.o)
                                                  board/compal_e88/init.o
rxlev2dbm                                         ../../shared/libosmocore/build-target/src/gsm/.libs/libosmogsm.a(gsm_utils.o)
schedule_timer                                    comm/libcomm.a(timer.o)
scnprintf                                         lib/libmini.a(vsprintf.o)
sercomm_drv_pull                                  comm/libcomm.a(sercomm.o)
                                                  calypso/libcalypso.a(uart.o)
sercomm_drv_rx_char                               comm/libcomm.a(sercomm.o)
                                                  calypso/libcalypso.a(uart.o)
sercomm_init                                      comm/libcomm.a(sercomm.o)
                                                  calypso/libcalypso.a(uart.o)
sercomm_initialized                               comm/libcomm.a(sercomm.o)
                                                  comm/libcomm.a(sercomm_cons.o)
sercomm_putchar                                   comm/libcomm.a(sercomm_cons.o)
                                                  calypso/libcalypso.a(misc.o)
sercomm_puts                                      comm/libcomm.a(sercomm_cons.o)
                                                  lib/libmini.a(vsprintf.o)
sercomm_register_rx_cb                            comm/libcomm.a(sercomm.o)
                                                  apps/hello_world/main.o
sercomm_sendmsg                                   comm/libcomm.a(sercomm.o)
                                                  comm/libcomm.a(sercomm_cons.o)
sercomm_tx_queue_depth                            comm/libcomm.a(sercomm.o)
                                                  comm/libcomm.a(sercomm_cons.o)
snprintf                                          lib/libmini.a(vsprintf.o)
spi_init                                          calypso/libcalypso.a(spi.o)
                                                  abb/twl3025.o
spi_xfer                                          calypso/libcalypso.a(spi.o)
                                                  abb/twl3025.o
sprintf                                           lib/libmini.a(vsprintf.o)
                                                  apps/hello_world/main.o
sscanf                                            lib/libmini.a(vsprintf.o)
ssd1783_display                                   display/ssd1783.o
ssd1963_display                                   display/ssd1963.o
st7558_display                                    display/st7558.o
                                                  board/compal_e88/init.o
strlen                                            lib/libmini.a(string.o)
                                                  ../../shared/libosmocore/build-target/src/gsm/.libs/libosmogsm.a(gsm_utils.o)
                                                  comm/libcomm.a(sercomm_cons.o)
                                                  lib/libmini.a(console.o)
strnlen                                           lib/libmini.a(string.o)
                                                  lib/libmini.a(vsprintf.o)
strtol                                            lib/libmini.a(vsprintf.o)
                                                  ../../shared/libosmocore/build-target/src/gsm/.libs/libosmogsm.a(gsm_utils.o)
strtoll                                           lib/libmini.a(vsprintf.o)
strtoul                                           lib/libmini.a(vsprintf.o)
strtoull                                          lib/libmini.a(vsprintf.o)
system_inherent_gain                              board/compal/rffe_dualband.o
                                                  rf/trf6151.o
tall_msgb_ctx                                     comm/libcomm.a(msgb.o)
                                                  ../../shared/libosmocore/build-target/src/.libs/libosmocore.a(msgb.o)
talloc_free                                       comm/libcomm.a(msgb.o)
                                                  ../../shared/libosmocore/build-target/src/.libs/libosmocore.a(msgb.o)
td014_display                                     display/td014.o
timer_check                                       comm/libcomm.a(timer.o)
timer_init                                        comm/libcomm.a(timer.o)
                                                  board/compal_e88/init.o
timer_pending                                     comm/libcomm.a(timer.o)
tpu_clk_enable                                    calypso/libcalypso.a(tpu.o)
tpu_dsp_fameirq_pending                           calypso/libcalypso.a(tpu.o)
tpu_dsp_frameirq_enable                           calypso/libcalypso.a(tpu.o)
tpu_enable                                        calypso/libcalypso.a(tpu.o)