Archive member included because of file (symbol)

calypso/libcalypso.a(clock.o)
                              display/st7558.o (calypso_reset_set)
calypso/libcalypso.a(dma.o)   board/compal_e88/init.o (dma_init)
calypso/libcalypso.a(i2c.o)   display/st7558.o (i2c_write)
calypso/libcalypso.a(irq.o)   abb/twl3025.o (irq_enable)
calypso/libcalypso.a(rtc.o)   board/compal_e88/init.o (rtc_init)
calypso/libcalypso.a(spi.o)   abb/twl3025.o (spi_init)
calypso/libcalypso.a(tpu.o)   rf/trf6151.o (tpu_enable)
calypso/libcalypso.a(tsp.o)   abb/twl3025.o (tsp_write)
calypso/libcalypso.a(keypad.o)
                              board/compal_e88/init.o (keypad_init)
calypso/libcalypso.a(timer.o)
                              board/compal_e88/init.o (hwtimer_init)
calypso/libcalypso.a(backlight.o)
                              apps/loader/main.o (bl_mode_pwl)
calypso/libcalypso.a(uart.o)  apps/loader/main.o (uart_init)
calypso/libcalypso.a(uwire.o)
                              display/td014.o (uwire_init)
calypso/libcalypso.a(arm.o)   calypso/libcalypso.a(irq.o) (arm_enable_interrupts)
lib/libmini.a(vsprintf.o)     apps/loader/main.o (puts)
lib/libmini.a(string.o)       lib/libmini.a(vsprintf.o) (strnlen)
lib/libmini.a(ctype.o)        lib/libmini.a(vsprintf.o) (_ctype)
lib/libmini.a(printf.o)       apps/loader/main.o (printf)
lib/libmini.a(console.o)      calypso/libcalypso.a(uart.o) (cons_init)
lib/libmini.a(ctors.o)        board/compal/start.rom.o (do_global_ctors)
lib/libmini.a(delay.o)        calypso/libcalypso.a(tpu.o) (delay_us)
lib/libmini.a(div64.o)        lib/libmini.a(vsprintf.o) (__do_div64)
lib/libmini.a(lib1funcs.o)    rf/trf6151.o (__udivsi3)
lib/libmini.a(memcpy.o)       apps/loader/main.o (memcpy)
lib/libmini.a(memset.o)       lib/libmini.a(console.o) (memset)
comm/libcomm.a(sercomm.o)     apps/loader/main.o (sercomm_sendmsg)
comm/libcomm.a(sercomm_cons.o)
                              lib/libmini.a(vsprintf.o) (sercomm_puts)
comm/libcomm.a(timer.o)       board/compal_e88/init.o (timer_init)
../../shared/libosmocore/build-target/src/.libs/libosmocore.a(msgb.o)
                              apps/loader/main.o (msgb_alloc)
../../shared/libosmocore/build-target/src/.libs/libosmocore.a(crc16.o)
                              apps/loader/main.o (osmo_crc16)
../../shared/libosmocore/build-target/src/.libs/libosmocore.a(panic.o)
                              apps/loader/main.o (osmo_panic)
../../shared/libosmocore/build-target/src/gsm/.libs/libosmogsm.a(gsm_utils.o)
                              rf/trf6151.o (gsm_arfcn2band)
comm/libcomm.a(msgb.o)        ../../shared/libosmocore/build-target/src/.libs/libosmocore.a(msgb.o) (_talloc_zero)

Allocating common symbols
Common symbol       size              file

tall_msgb_ctx       0x4               ../../shared/libosmocore/build-target/src/.libs/libosmocore.a(msgb.o)
display             0x4               display/display.o
the_flash           0x3c              apps/loader/main.o
jiffies             0x4               comm/libcomm.a(timer.o)

Discarded input sections

 .text          0x0000000000000000        0x0 apps/loader/main.o
 .bss           0x0000000000000000        0x4 apps/loader/main.o
 .text          0x0000000000000000        0x0 abb/twl3025.o
 .data          0x0000000000000000        0x0 abb/twl3025.o
 .text.tpu_enq_at
                0x0000000000000000       0x34 abb/twl3025.o
 .text.tpu_enq_wait
                0x0000000000000000       0x14 abb/twl3025.o
 .text.twl3025_tsp_write
                0x0000000000000000       0x10 abb/twl3025.o
 .text.twl3025_downlink
                0x0000000000000000       0x98 abb/twl3025.o
 .text.twl3025_uplink
                0x0000000000000000       0xac abb/twl3025.o
 .text.twl3025_afc_set
                0x0000000000000000       0x64 abb/twl3025.o
 .text.twl3025_afc_get
                0x0000000000000000       0x40 abb/twl3025.o
 .text.twl3025_afcout_get
                0x0000000000000000       0x14 abb/twl3025.o
 .text.twl3025_afcout_set
                0x0000000000000000       0x24 abb/twl3025.o
 .rodata        0x0000000000000000       0x20 abb/twl3025.o
 .text          0x0000000000000000        0x0 rf/trf6151.o
 .data          0x0000000000000000       0x1c rf/trf6151.o
 .bss           0x0000000000000000        0x4 rf/trf6151.o
 .text.tpu_enq_wait
                0x0000000000000000       0x14 rf/trf6151.o
 .text.trf6151_reg_write
                0x0000000000000000       0x38 rf/trf6151.o
 .text.trf6151_set_gain_reg
                0x0000000000000000       0x64 rf/trf6151.o
 .text.trf6151_set_gain
                0x0000000000000000       0x74 rf/trf6151.o
 .text.trf6151_power
                0x0000000000000000       0x64 rf/trf6151.o
 .text.trf6151_init
                0x0000000000000000       0x5c rf/trf6151.o
 .text.trf6151_set_mode
                0x0000000000000000       0x34 rf/trf6151.o
 .text.trf6151_set_arfcn
                0x0000000000000000      0x21c rf/trf6151.o
 .text.trf6151_calib_dc_offs
[...]
Memory Configuration

Name             Origin             Length             Attributes
FLASH            0x0000000000000000 0x0000000000200000 xr
IRAM             0x0000000000800000 0x0000000000040000 rw
ERAM             0x0000000001000000 0x0000000000040000 rw
*default*        0x0000000000000000 0xffffffffffffffff

Linker script and memory map


.compal.loader  0x0000000000000000     0x2000
                0x0000000000000000                _compal_loader_start = .
                0x0000000000002000                . = 0x2000
 *fill*         0x0000000000000000     0x2000 00
                0x0000000000002000                _compal_loader_end = .

.compal.header  0x0000000000002000       0xa0
                0x0000000000002000                _compal_header_start = .
 *(.compal.header)
 .compal.header
                0x0000000000002000       0x3c board/compal/header.o
 *(.compal.header)
                0x00000000000000a0                . = 0xa0
 *fill*         0x000000000000203c       0x64 00
                0x00000000000020a0                _compal_header_end = .

.compal.vectors
                0x00000000000020a0       0x38
                0x00000000000020a0                PROVIDE (_exceptions, .)
 *(.text.exceptions)
 .text.exceptions
                0x00000000000020a0       0x38 board/compal/exceptions_redirect.o
 *(.text.exceptions)

.text.start     0x00000000000020f8       0xcc
                0x00000000000020f8                PROVIDE (_start, .)
 *(.text.start)
 .text.start    0x00000000000020f8       0xcc board/compal/start.rom.o
                0x00000000000020f8                _start
 *(.text.start)

.text           0x00000000000021e0     0x36a0
 *(.text*)
 .text.msgb_get_u32
                0x00000000000021e0       0x38 apps/loader/main.o
 .text.sercomm_alloc_msgb
                0x0000000000002218       0x40 apps/loader/main.o
 .text.msgb_put
                0x0000000000002258       0x58 apps/loader/main.o
 .text.msgb_put_u8
                0x00000000000022b0       0x18 apps/loader/main.o
 .text.loader_send_simple
                0x00000000000022c8       0x24 apps/loader/main.o
 .text.msgb_put_u32
                0x00000000000022ec       0x30 apps/loader/main.o
 .text.msgb_put_u16
                0x000000000000231c       0x24 apps/loader/main.o
 .text.flush_uart
                0x0000000000002340       0x24 apps/loader/main.o
 .text.cmd_handler
                0x0000000000002364      0x5d4 apps/loader/main.o
 .text.key_handler
                0x0000000000002938       0x4c apps/loader/main.o
 .text.main     0x0000000000002984      0x184 apps/loader/main.o
                0x0000000000002984                main
 .text.twl3025_wait_ibic_access
                0x0000000000002b08        0x8 abb/twl3025.o
 .text.twl3025_reg_write
                0x0000000000002b10       0x58 abb/twl3025.o
                0x0000000000002b10                twl3025_reg_write
 .text.twl3025_switch_page
                0x0000000000002b68       0x2c abb/twl3025.o
 .text.twl3025_reg_read
                0x0000000000002b94       0x74 abb/twl3025.o
                0x0000000000002b94                twl3025_reg_read
 .text.twl3025_power_off
                0x0000000000002c08        0xc abb/twl3025.o
                0x0000000000002c08                twl3025_power_off
 .text.twl3025_irq
                0x0000000000002c14       0x68 abb/twl3025.o
 .text.twl3025_clk13m
                0x0000000000002c7c       0x38 abb/twl3025.o
                0x0000000000002c7c                twl3025_clk13m
 .text.twl3025_unit_enable
                0x0000000000002cb4       0x6c abb/twl3025.o
                0x0000000000002cb4                twl3025_unit_enable
 .text.twl3025_init
                0x0000000000002d20       0x8c abb/twl3025.o
                0x0000000000002d20                twl3025_init
 .text          0x0000000000002dac       0xfc board/common/calypso_uart.o
                0x0000000000002db8                phex
                0x0000000000002dec                puts_asm
                0x0000000000002e28                putchar_asm
                0x0000000000002e38                memdump_asm
 .text.calypso_bootrom
                0x0000000000002ea8       0x20 calypso/libcalypso.a(clock.o)
                0x0000000000002ea8                calypso_bootrom
 .text._irq_enable
                0x0000000000002ec8       0x40 calypso/libcalypso.a(irq.o)
 .text.irq_enable
                0x0000000000002f08        0x8 calypso/libcalypso.a(irq.o)
                0x0000000000002f08                irq_enable
 .text.irq_config
                0x0000000000002f10       0x48 calypso/libcalypso.a(irq.o)
                0x0000000000002f10                irq_config
 .text.irq_register_handler
                0x0000000000002f58       0x14 calypso/libcalypso.a(irq.o)
                0x0000000000002f58                irq_register_handler
 .text.spi_init
                0x0000000000002f6c       0x1c calypso/libcalypso.a(spi.o)
                0x0000000000002f6c                spi_init
 .text.spi_xfer
                0x0000000000002f88      0x100 calypso/libcalypso.a(spi.o)
                0x0000000000002f88                spi_xfer
 .text.emit_key
                0x0000000000003088       0x68 calypso/libcalypso.a(keypad.o)
                0x0000000000003088                emit_key
 .text.dispatch_buttons
                0x00000000000030f0      0x2e8 calypso/libcalypso.a(keypad.o)
                0x00000000000030f0                dispatch_buttons
 .text.keypad_set_handler
                0x00000000000033d8       0x10 calypso/libcalypso.a(keypad.o)
                0x00000000000033d8                keypad_set_handler
 .text.keypad_poll
                0x00000000000033e8      0x164 calypso/libcalypso.a(keypad.o)
                0x00000000000033e8                keypad_poll
 .text.wdog_irq
                0x000000000000354c        0xc calypso/libcalypso.a(timer.o)
 .text.wdog_enable
                0x0000000000003558       0x5c calypso/libcalypso.a(timer.o)
                0x0000000000003558                wdog_enable
 .text.wdog_reset
                0x00000000000035b4       0x1c calypso/libcalypso.a(timer.o)
                0x00000000000035b4                wdog_reset
 .text.bl_mode_pwl
                0x00000000000035d0       0x3c calypso/libcalypso.a(backlight.o)
                0x00000000000035d0                bl_mode_pwl
 .text.bl_level
                0x000000000000360c       0x34 calypso/libcalypso.a(backlight.o)
                0x000000000000360c                bl_level
 .text.uart_set_lcr7bit
                0x0000000000003640       0x2c calypso/libcalypso.a(uart.o)
 .text.uart_set_lcr_bf
                0x000000000000366c       0x38 calypso/libcalypso.a(uart.o)
 .text.uart_set_mcr6bit
                0x00000000000036a4       0x2c calypso/libcalypso.a(uart.o)
 .text.uart_reg_write
                0x00000000000036d0       0xa0 calypso/libcalypso.a(uart.o)
 .text.uart_reg_read
                0x0000000000003770       0xa0 calypso/libcalypso.a(uart.o)
 .text.uart_irq_handler_cons
                0x0000000000003810       0x54 calypso/libcalypso.a(uart.o)
 .text.uart_irq_enable
                0x0000000000003864       0x50 calypso/libcalypso.a(uart.o)
                0x0000000000003864                uart_irq_enable
 .text.uart_init
                0x00000000000038b4      0x178 calypso/libcalypso.a(uart.o)
                0x00000000000038b4                uart_init
 .text.uart_putchar_wait
                0x0000000000003a2c       0x30 calypso/libcalypso.a(uart.o)
                0x0000000000003a2c                uart_putchar_wait
 .text.uart_putchar_nb
                0x0000000000003a5c       0x30 calypso/libcalypso.a(uart.o)
                0x0000000000003a5c                uart_putchar_nb
 .text.uart_getchar_nb
                0x0000000000003a8c       0x88 calypso/libcalypso.a(uart.o)
                0x0000000000003a8c                uart_getchar_nb
 .text.uart_tx_busy
                0x0000000000003b14       0x20 calypso/libcalypso.a(uart.o)
                0x0000000000003b14                uart_tx_busy
 .text.uart_irq_handler_sercomm
                0x0000000000003b34      0x11c calypso/libcalypso.a(uart.o)
 .text.uart_poll
                0x0000000000003c50       0x14 calypso/libcalypso.a(uart.o)
                0x0000000000003c50                uart_poll
 .text.uart_baudrate
                0x0000000000003c64       0x68 calypso/libcalypso.a(uart.o)
                0x0000000000003c64                uart_baudrate
 .text.skip_atoi
                0x0000000000003ccc       0x44 lib/libmini.a(vsprintf.o)
 .text.number   0x0000000000003d10      0x254 lib/libmini.a(vsprintf.o)
 .text.vsnprintf
                0x0000000000003f64      0x518 lib/libmini.a(vsprintf.o)
                0x0000000000003f64                vsnprintf
 .text.puts     0x000000000000447c        0x4 lib/libmini.a(vsprintf.o)
                0x000000000000447c                puts
 .text.strnlen  0x0000000000004480       0x28 lib/libmini.a(string.o)
                0x0000000000004480                strnlen
 .text.strlen   0x00000000000044a8       0x1c lib/libmini.a(string.o)
                0x00000000000044a8                strlen
 .text.printf   0x00000000000044c4       0x44 lib/libmini.a(printf.o)
                0x00000000000044c4                printf
 .text.cons_rb_pull
                0x0000000000004508       0x6c lib/libmini.a(console.o)
 .text.__cons_rb_append
                0x0000000000004574       0x70 lib/libmini.a(console.o)
 .text.cons_init
                0x00000000000045e4       0x40 lib/libmini.a(console.o)
                0x00000000000045e4                cons_init
 .text.cons_rb_flush
                0x0000000000004624       0x48 lib/libmini.a(console.o)
                0x0000000000004624                cons_rb_flush
 .text.cons_rb_append
                0x000000000000466c       0xcc lib/libmini.a(console.o)
                0x000000000000466c                cons_rb_append
 .text.cons_puts
                0x0000000000004738       0x6c lib/libmini.a(console.o)
                0x0000000000004738                cons_puts
 .text.do_global_ctors
                0x00000000000047a4       0x2c lib/libmini.a(ctors.o)
                0x00000000000047a4                do_global_ctors
 .text.delay_ms
                0x00000000000047d0       0x40 lib/libmini.a(delay.o)
                0x00000000000047d0                delay_ms
 .text          0x0000000000004810      0x130 lib/libmini.a(div64.o)
                0x0000000000004810                __do_div64
 .text          0x0000000000004940      0x3d4 lib/libmini.a(lib1funcs.o)
                0x0000000000004940                __udivsi3
                0x0000000000004940                __aeabi_uidiv
                0x0000000000004a28                __umodsi3
                0x0000000000004ae4                __aeabi_idiv
                0x0000000000004ae4                __divsi3
                0x0000000000004bfc                __modsi3
                0x0000000000004cd0                __aeabi_uidivmod
                0x0000000000004ce8                __aeabi_idivmod
                0x0000000000004d10                __div0
 .text          0x0000000000004d14      0x29c lib/libmini.a(memcpy.o)
                0x0000000000004d14                memcpy
 *fill*         0x0000000000004fb0       0x10 00
 .text          0x0000000000004fc0       0xc0 lib/libmini.a(memset.o)
                0x0000000000004fe0                memset
 .text.sercomm_sendmsg
                0x0000000000005080       0x8c comm/libcomm.a(sercomm.o)
                0x0000000000005080                sercomm_sendmsg
 .text.sercomm_alloc_msgb.clone.2
                0x000000000000510c       0x38 comm/libcomm.a(sercomm.o)
 .text.sercomm_initialized
                0x0000000000005144       0x10 comm/libcomm.a(sercomm.o)
                0x0000000000005144                sercomm_initialized
 .text.sercomm_tx_queue_depth
                0x0000000000005154       0x3c comm/libcomm.a(sercomm.o)
                0x0000000000005154                sercomm_tx_queue_depth
 .text.sercomm_drv_pull
                0x0000000000005190      0x11c comm/libcomm.a(sercomm.o)
                0x0000000000005190                sercomm_drv_pull
 .text.sercomm_register_rx_cb
                0x00000000000052ac       0x34 comm/libcomm.a(sercomm.o)
                0x00000000000052ac                sercomm_register_rx_cb
 .text.sercomm_init
                0x00000000000052e0       0x50 comm/libcomm.a(sercomm.o)
                0x00000000000052e0                sercomm_init
 .text.sercomm_drv_rx_char
                0x0000000000005330      0x1a8 comm/libcomm.a(sercomm.o)
                0x0000000000005330                sercomm_drv_rx_char
 .text.raw_puts
                0x00000000000054d8       0x30 comm/libcomm.a(sercomm_cons.o)
 .text.sercomm_puts
                0x0000000000005508      0x178 comm/libcomm.a(sercomm_cons.o)
                0x0000000000005508                sercomm_puts
 .text.msgb_alloc
                0x0000000000005680       0x5c ../../shared/libosmocore/build-target/src/.libs/libosmocore.a(msgb.o)
                0x0000000000005680                msgb_alloc
 .text.msgb_free
                0x00000000000056dc        0x4 ../../shared/libosmocore/build-target/src/.libs/libosmocore.a(msgb.o)
                0x00000000000056dc                msgb_free
 .text.msgb_enqueue
                0x00000000000056e0       0x18 ../../shared/libosmocore/build-target/src/.libs/libosmocore.a(msgb.o)
                0x00000000000056e0                msgb_enqueue
 .text.msgb_dequeue
                0x00000000000056f8       0x40 ../../shared/libosmocore/build-target/src/.libs/libosmocore.a(msgb.o)
                0x00000000000056f8                msgb_dequeue
 .text.osmo_crc16
                0x0000000000005738       0x50 ../../shared/libosmocore/build-target/src/.libs/libosmocore.a(crc16.o)
                0x0000000000005738                osmo_crc16
 .text.osmo_panic
                0x0000000000005788       0x4c ../../shared/libosmocore/build-target/src/.libs/libosmocore.a(panic.o)
                0x0000000000005788                osmo_panic
 .text._talloc_zero
                0x00000000000057d4       0xa0 comm/libcomm.a(msgb.o)
                0x00000000000057d4                _talloc_zero
 .text.talloc_free
                0x0000000000005874        0xc comm/libcomm.a(msgb.o)
                0x0000000000005874                talloc_free
 *(.glue_7t)
 .glue_7t       0x0000000000000000        0x0 linker stubs
 *(.glue_7)
 .glue_7        0x0000000000000000        0x0 linker stubs
 *(.vfp11_veneer)
 .vfp11_veneer  0x0000000000000000        0x0 linker stubs
 *(.v4_bx)
 .v4_bx         0x0000000000000000        0x0 linker stubs
                0x00000000000021e0                PROVIDE (_text_start, ADDR (.text))
                0x0000000000005880                PROVIDE (_text_end, (ADDR (.text) + SIZEOF (.text)))

.ctors          0x0000000000005880        0x8
                0x0000000000005880        0x4 LONG 0x0 ((SIZEOF (.ctors) / 0x4) - 0x2)
 *(SORT(.ctors))
 *(SORT(.init_array))
                0x0000000000005884        0x4 LONG 0x0
                0x0000000000005880                PROVIDE (_ctor_start, LOADADDR (.ctors))
                0x0000000000005888                PROVIDE (_ctor_end, (LOADADDR (.ctors) + SIZEOF (.ctors)))

.dtors          0x0000000000005888        0x8
                0x0000000000005888        0x4 LONG 0x0 ((SIZEOF (.dtors) / 0x4) - 0x2)
 *(SORT(.dtors))
                0x000000000000588c        0x4 LONG 0x0
                0x0000000000005888                PROVIDE (_dtor_start, LOADADDR (.dtors))
                0x0000000000005890                PROVIDE (_dtor_end, (LOADADDR (.dtors) + SIZEOF (.dtors)))

.rodata         0x0000000000005890      0x621
 *(.rodata*)
 .rodata        0x0000000000005890        0x8 apps/loader/main.o
 .rodata.str1.1
                0x0000000000005898      0x1cc apps/loader/main.o
 .rodata.str1.1
                0x0000000000005a64       0x58 abb/twl3025.o
 .rodata.str1.1
                0x0000000000005abc       0x37 flash/cfi_flash.o
 .rodata.str1.1
                0x0000000000005af3       0x32 board/compal_e88/loader.e88loader.manifest.o
                                         0x39 (size before relaxing)
 *fill*         0x0000000000005b25        0x3 00
 .rodata        0x0000000000005b28       0x18 calypso/libcalypso.a(irq.o)
 .rodata.str1.1
                0x0000000000005b40       0x36 calypso/libcalypso.a(keypad.o)
 .rodata.str1.1
                0x0000000000005b76       0x1f calypso/libcalypso.a(timer.o)
 *fill*         0x0000000000005b95        0x3 00
 .rodata        0x0000000000005b98       0x18 calypso/libcalypso.a(uart.o)
 .rodata.str1.1
                0x0000000000005bb0       0x61 calypso/libcalypso.a(uart.o)
 *fill*         0x0000000000005c11        0x3 00
 .rodata        0x0000000000005c14       0x50 lib/libmini.a(vsprintf.o)
 .rodata.str1.1
                0x0000000000005c64       0x33 comm/libcomm.a(sercomm.o)
                                         0x71 (size before relaxing)
 .rodata.str1.1
                0x0000000000000000       0x3e comm/libcomm.a(sercomm_cons.o)
 *fill*         0x0000000000005c97        0x1 00
 .rodata        0x0000000000005c98      0x200 ../../shared/libosmocore/build-target/src/.libs/libosmocore.a(crc16.o)
                0x0000000000005c98                osmo_crc16_table
 .rodata.str1.1
                0x0000000000005e98       0x19 comm/libcomm.a(msgb.o)
                0x0000000000005890                PROVIDE (_rodata_start, ADDR (.rodata))
                0x0000000000005eb1                PROVIDE (_rodata_end, (ADDR (.rodata) + SIZEOF (.rodata)))

.got            0x0000000000005eb4       0x14
                0x0000000000005eb4                . = ALIGN (0x4)
 *(.got)
 .got           0x0000000000005eb4        0x8 ../../shared/libosmocore/build-target/src/.libs/libosmocore.a(msgb.o)
 *(.got.plt)
 .got.plt       0x0000000000005ebc        0xc ../../shared/libosmocore/build-target/src/.libs/libosmocore.a(msgb.o)
                0x0000000000005ebc                _GLOBAL_OFFSET_TABLE_
 *(.igot.plt)
 *(.got)
 *(.igot)
                0x0000000000005ec8                . = ALIGN (0x4)
                0x0000000000005eb4                PROVIDE (_got_start, ADDR (.got))
                0x0000000000005ec8                PROVIDE (_got_end, (ADDR (.got) + SIZEOF (.got)))

.compal.reservedram
                0x0000000000800000       0xff
                0x00000000000000ff                . = 0xff
 *fill*         0x0000000000800000       0xff 00

.data           0x0000000000800100      0x114 load address 0x0000000000005ec8
                0x0000000000800100                . = ALIGN (0x4)
 *(.data)
 .data          0x0000000000800100        0x4 apps/loader/main.o
                0x0000000000800100                hr
 .data          0x0000000000800104       0x10 board/compal_e88/loader.e88loader.manifest.o
                0x0000000000800104                manifest_application
                0x0000000000800108                manifest_revision
                0x000000000080010c                manifest_board
                0x0000000000800110                manifest_environment
 .data          0x0000000000800114      0x100 lib/libmini.a(ctype.o)
                0x0000000000800114                _ctype
                0x0000000000800214                . = ALIGN (0x4)
                0x0000000000005ec8                PROVIDE (__data_start, LOADADDR (.data))
                0x0000000000005fdc                PROVIDE (__data_end, (LOADADDR (.data) + SIZEOF (.data)))
                0x0000000000800100                PROVIDE (_data_start, ADDR (.data))
                0x0000000000800214                PROVIDE (_data_end, (ADDR (.data) + SIZEOF (.data)))

.ramtext        0x0000000000800214      0x268 load address 0x0000000000005fdc
                0x0000000000800214                . = ALIGN (0x4)
 *(.ramtext)
 .ramtext       0x0000000000800214      0x268 flash/cfi_flash.o
                0x0000000000800214                flash_block_getlock
                0x0000000000800244                flash_block_unlock
                0x0000000000800258                flash_block_lock
                0x00000000008002a4                flash_block_lockdown
                0x00000000008002f0                flash_block_erase
                0x0000000000800304                flash_program
                0x0000000000800348                flash_init
                0x000000000080047c                . = ALIGN (0x4)
                0x0000000000005fdc                PROVIDE (__ramtext_start, LOADADDR (.ramtext))
                0x0000000000006244                PROVIDE (__ramtext_end, (LOADADDR (.ramtext) + SIZEOF (.ramtext)))
                0x0000000000800214                PROVIDE (_ramtext_start, ADDR (.ramtext))
                0x000000000080047c                PROVIDE (_ramtext_end, (ADDR (.ramtext) + SIZEOF (.ramtext)))

.rel.dyn        0x000000000080047c        0x0 load address 0x0000000000006244
 .rel.got       0x0000000000000000        0x0 ../../shared/libosmocore/build-target/src/.libs/libosmocore.a(msgb.o)

.bss            0x000000000080047c     0x44a4 load address 0x0000000000006244
                0x000000000080047c                . = ALIGN (0x4)
 *(.bss)
 .bss           0x000000000080047c        0x4 abb/twl3025.o
 .bss           0x0000000000800480       0x80 calypso/libcalypso.a(irq.o)
 .bss           0x0000000000800500       0x20 calypso/libcalypso.a(keypad.o)
                0x0000000000800508                lastbuttons
 .bss           0x0000000000800520        0x1 calypso/libcalypso.a(uart.o)
 *fill*         0x0000000000800521        0x3 00
 .bss           0x0000000000800524      0x400 lib/libmini.a(printf.o)
 .bss           0x0000000000800924     0x100c lib/libmini.a(console.o)
 .bss           0x0000000000801930      0x628 comm/libcomm.a(sercomm.o)
 .bss           0x0000000000801f58        0x4 comm/libcomm.a(sercomm_cons.o)
 .bss           0x0000000000801f5c        0x4 ../../shared/libosmocore/build-target/src/.libs/libosmocore.a(panic.o)
 .bss           0x0000000000801f60     0x2980 comm/libcomm.a(msgb.o)
                0x00000000008048e0                . = ALIGN (0x4)
 COMMON         0x00000000008048e0       0x3c apps/loader/main.o
                0x00000000008048e0                the_flash
 COMMON         0x000000000080491c        0x4 ../../shared/libosmocore/build-target/src/.libs/libosmocore.a(msgb.o)
                0x000000000080491c                tall_msgb_ctx
                0x000000000080047c                PROVIDE (__bss_start, ADDR (.bss))
                0x0000000000804920                PROVIDE (__bss_end, (ADDR (.bss) + SIZEOF (.bss)))
                0x000000000080047c                PROVIDE (_bss_start, __bss_start)
                0x0000000000804920                PROVIDE (_bss_end, __bss_end)
                0x0000000000804920                . = ALIGN (0x4)
                0x0000000000804920                _end = .
                0x0000000000804920                PROVIDE (end, .)
START GROUP
LOAD apps/loader/main.o
LOAD abb/twl3025.o
LOAD rf/trf6151.o
LOAD display/font_r8x8.o
LOAD display/font_r8x8_horiz.o
LOAD display/st7558.o
LOAD display/td014.o
LOAD display/ssd1783.o
LOAD display/ssd1963.o
LOAD display/display.o
LOAD flash/cfi_flash.o
LOAD board/common/calypso_uart.o
LOAD board/common/calypso_pwl.o
LOAD board/compal/rffe_dualband.o
LOAD board/compal/rf_power.o
LOAD board/compal_e88/init.o
LOAD board/compal_e88/loader.e88loader.manifest.o
LOAD board/compal/start.rom.o
LOAD board/compal/header.o
LOAD board/compal/exceptions_redirect.o
LOAD calypso/libcalypso.a
LOAD layer1/liblayer1.a
LOAD lib/libmini.a
LOAD comm/libcomm.a
LOAD ../../shared/libosmocore/build-target/src/.libs/libosmocore.a
LOAD ../../shared/libosmocore/build-target/src/gsm/.libs/libosmogsm.a
END GROUP
OUTPUT(board/compal_e88/loader.e88loader.elf elf32-littlearm)

.debug_abbrev   0x0000000000000000     0x3973
 .debug_abbrev  0x0000000000000000      0x3d9 apps/loader/main.o
 .debug_abbrev  0x00000000000003d9      0x2bd abb/twl3025.o
 .debug_abbrev  0x0000000000000696      0x2d5 rf/trf6151.o
 .debug_abbrev  0x000000000000096b       0x49 display/font_r8x8.o
 .debug_abbrev  0x00000000000009b4       0x49 display/font_r8x8_horiz.o
 .debug_abbrev  0x00000000000009fd      0x1cc display/st7558.o
 .debug_abbrev  0x0000000000000bc9      0x230 display/td014.o
 .debug_abbrev  0x0000000000000df9      0x228 display/ssd1783.o
 .debug_abbrev  0x0000000000001021      0x21f display/ssd1963.o
 .debug_abbrev  0x0000000000001240      0x10d display/display.o
 .debug_abbrev  0x000000000000134d      0x324 flash/cfi_flash.o
 .debug_abbrev  0x0000000000001671       0xf9 board/compal/rffe_dualband.o
 .debug_abbrev  0x000000000000176a       0x72 board/compal/rf_power.o
 .debug_abbrev  0x00000000000017dc      0x128 board/compal_e88/init.o
 .debug_abbrev  0x0000000000001904       0x40 board/compal_e88/loader.e88loader.manifest.o
 .debug_abbrev  0x0000000000001944      0x154 calypso/libcalypso.a(clock.o)
 .debug_abbrev  0x0000000000001a98       0x43 calypso/libcalypso.a(dma.o)
 .debug_abbrev  0x0000000000001adb       0xfb calypso/libcalypso.a(i2c.o)
 .debug_abbrev  0x0000000000001bd6      0x198 calypso/libcalypso.a(irq.o)
 .debug_abbrev  0x0000000000001d6e      0x134 calypso/libcalypso.a(rtc.o)
 .debug_abbrev  0x0000000000001ea2       0xd0 calypso/libcalypso.a(spi.o)
 .debug_abbrev  0x0000000000001f72      0x27c calypso/libcalypso.a(tpu.o)
 .debug_abbrev  0x00000000000021ee      0x127 calypso/libcalypso.a(tsp.o)
 .debug_abbrev  0x0000000000002315      0x154 calypso/libcalypso.a(keypad.o)
 .debug_abbrev  0x0000000000002469      0x10b calypso/libcalypso.a(timer.o)
 .debug_abbrev  0x0000000000002574       0xaa calypso/libcalypso.a(backlight.o)
 .debug_abbrev  0x000000000000261e      0x1f6 calypso/libcalypso.a(uart.o)
 .debug_abbrev  0x0000000000002814       0xf4 calypso/libcalypso.a(uwire.o)
 .debug_abbrev  0x0000000000002908       0x78 calypso/libcalypso.a(arm.o)
 .debug_abbrev  0x0000000000002980      0x213 lib/libmini.a(vsprintf.o)
 .debug_abbrev  0x0000000000002b93       0xae lib/libmini.a(string.o)
 .debug_abbrev  0x0000000000002c41       0x53 lib/libmini.a(ctype.o)
 .debug_abbrev  0x0000000000002c94       0xaf lib/libmini.a(printf.o)
 .debug_abbrev  0x0000000000002d43      0x1ce lib/libmini.a(console.o)
 .debug_abbrev  0x0000000000002f11       0x7a lib/libmini.a(ctors.o)
 .debug_abbrev  0x0000000000002f8b       0x81 lib/libmini.a(delay.o)
 .debug_abbrev  0x000000000000300c      0x341 comm/libcomm.a(sercomm.o)
 .debug_abbrev  0x000000000000334d      0x24e comm/libcomm.a(sercomm_cons.o)
 .debug_abbrev  0x000000000000359b      0x237 comm/libcomm.a(timer.o)
 .debug_abbrev  0x00000000000037d2      0x1a1 comm/libcomm.a(msgb.o)

.debug_info     0x0000000000000000     0x9ad2
 .debug_info    0x0000000000000000      0xfb9 apps/loader/main.o
 .debug_info    0x0000000000000fb9      0x75e abb/twl3025.o
 .debug_info    0x0000000000001717      0x9c5 rf/trf6151.o
 .debug_info    0x00000000000020dc       0x5c display/font_r8x8.o
 .debug_info    0x0000000000002138       0x5c display/font_r8x8_horiz.o
 .debug_info    0x0000000000002194      0x445 display/st7558.o
 .debug_info    0x00000000000025d9      0x4c2 display/td014.o
 .debug_info    0x0000000000002a9b      0x510 display/ssd1783.o
 .debug_info    0x0000000000002fab      0x4e6 display/ssd1963.o
 .debug_info    0x0000000000003491      0x203 display/display.o
 .debug_info    0x0000000000003694      0xa98 flash/cfi_flash.o
 .debug_info    0x000000000000412c      0x273 board/compal/rffe_dualband.o
 .debug_info    0x000000000000439f       0xce board/compal/rf_power.o
 .debug_info    0x000000000000446d      0x304 board/compal_e88/init.o
 .debug_info    0x0000000000004771       0x80 board/compal_e88/loader.e88loader.manifest.o
 .debug_info    0x00000000000047f1      0x44d calypso/libcalypso.a(clock.o)
 .debug_info    0x0000000000004c3e       0x57 calypso/libcalypso.a(dma.o)
 .debug_info    0x0000000000004c95      0x1b9 calypso/libcalypso.a(i2c.o)
 .debug_info    0x0000000000004e4e      0x480 calypso/libcalypso.a(irq.o)
 .debug_info    0x00000000000052ce      0x368 calypso/libcalypso.a(rtc.o)
 .debug_info    0x0000000000005636      0x188 calypso/libcalypso.a(spi.o)
 .debug_info    0x00000000000057be      0x57d calypso/libcalypso.a(tpu.o)
 .debug_info    0x0000000000005d3b      0x35d calypso/libcalypso.a(tsp.o)
 .debug_info    0x0000000000006098      0x461 calypso/libcalypso.a(keypad.o)
 .debug_info    0x00000000000064f9      0x320 calypso/libcalypso.a(timer.o)
 .debug_info    0x0000000000006819       0xf9 calypso/libcalypso.a(backlight.o)
 .debug_info    0x0000000000006912      0x712 calypso/libcalypso.a(uart.o)
 .debug_info    0x0000000000007024      0x16f calypso/libcalypso.a(uwire.o)
 .debug_info    0x0000000000007193       0x91 calypso/libcalypso.a(arm.o)
 .debug_info    0x0000000000007224      0x9fa lib/libmini.a(vsprintf.o)
 .debug_info    0x0000000000007c1e      0x131 lib/libmini.a(string.o)
 .debug_info    0x0000000000007d4f       0x63 lib/libmini.a(ctype.o)
 .debug_info    0x0000000000007db2      0x109 lib/libmini.a(printf.o)
 .debug_info    0x0000000000007ebb      0x358 lib/libmini.a(console.o)
 .debug_info    0x0000000000008213       0xab lib/libmini.a(ctors.o)
 .debug_info    0x00000000000082be       0x9a lib/libmini.a(delay.o)
 .debug_info    0x0000000000008358      0x8fc comm/libcomm.a(sercomm.o)
 .debug_info    0x0000000000008c54      0x576 comm/libcomm.a(sercomm_cons.o)
 .debug_info    0x00000000000091ca      0x5ca comm/libcomm.a(timer.o)
 .debug_info    0x0000000000009794      0x33e comm/libcomm.a(msgb.o)

.debug_line     0x0000000000000000     0x3973
 .debug_line    0x0000000000000000      0x4ab apps/loader/main.o
 .debug_line    0x00000000000004ab      0x2ce abb/twl3025.o
 .debug_line    0x0000000000000779      0x34b rf/trf6151.o
 .debug_line    0x0000000000000ac4       0x34 display/font_r8x8.o
 .debug_line    0x0000000000000af8       0x3a display/font_r8x8_horiz.o
 .debug_line    0x0000000000000b32      0x148 display/st7558.o
 .debug_line    0x0000000000000c7a      0x1ad display/td014.o
 .debug_line    0x0000000000000e27      0x1eb display/ssd1783.o
 .debug_line    0x0000000000001012      0x1c7 display/ssd1963.o
 .debug_line    0x00000000000011d9       0x6f display/display.o
 .debug_line    0x0000000000001248      0x1e6 flash/cfi_flash.o
 .debug_line    0x000000000000142e      0x187 board/compal/rffe_dualband.o
 .debug_line    0x00000000000015b5       0x96 board/compal/rf_power.o
 .debug_line    0x000000000000164b      0x11a board/compal_e88/init.o
 .debug_line    0x0000000000001765       0x31 board/compal_e88/loader.e88loader.manifest.o
 .debug_line    0x0000000000001796      0x1a4 calypso/libcalypso.a(clock.o)
 .debug_line    0x000000000000193a       0x3f calypso/libcalypso.a(dma.o)
 .debug_line    0x0000000000001979       0xcf calypso/libcalypso.a(i2c.o)
 .debug_line    0x0000000000001a48      0x192 calypso/libcalypso.a(irq.o)
 .debug_line    0x0000000000001bda       0x91 calypso/libcalypso.a(rtc.o)
 .debug_line    0x0000000000001c6b       0xe8 calypso/libcalypso.a(spi.o)
 .debug_line    0x0000000000001d53      0x27c calypso/libcalypso.a(tpu.o)
 .debug_line    0x0000000000001fcf      0x18c calypso/libcalypso.a(tsp.o)
 .debug_line    0x000000000000215b      0x239 calypso/libcalypso.a(keypad.o)
 .debug_line    0x0000000000002394      0x15d calypso/libcalypso.a(timer.o)
 .debug_line    0x00000000000024f1       0xcb calypso/libcalypso.a(backlight.o)
 .debug_line    0x00000000000025bc      0x28d calypso/libcalypso.a(uart.o)
 .debug_line    0x0000000000002849      0x111 calypso/libcalypso.a(uwire.o)
 .debug_line    0x000000000000295a       0x4f calypso/libcalypso.a(arm.o)
 .debug_line    0x00000000000029a9      0x57a lib/libmini.a(vsprintf.o)
 .debug_line    0x0000000000002f23       0xb9 lib/libmini.a(string.o)
 .debug_line    0x0000000000002fdc       0x3f lib/libmini.a(ctype.o)
 .debug_line    0x000000000000301b       0x87 lib/libmini.a(printf.o)
 .debug_line    0x00000000000030a2      0x125 lib/libmini.a(console.o)
 .debug_line    0x00000000000031c7       0x47 lib/libmini.a(ctors.o)
 .debug_line    0x000000000000320e       0x66 lib/libmini.a(delay.o)
 .debug_line    0x0000000000003274      0x2ac comm/libcomm.a(sercomm.o)
 .debug_line    0x0000000000003520      0x19e comm/libcomm.a(sercomm_cons.o)
 .debug_line    0x00000000000036be      0x1ad comm/libcomm.a(timer.o)
 .debug_line    0x000000000000386b      0x108 comm/libcomm.a(msgb.o)

.debug_loc      0x0000000000000000     0x5d2d
 .debug_loc     0x0000000000000000      0x929 apps/loader/main.o
 .debug_loc     0x0000000000000929      0x3fe abb/twl3025.o
 .debug_loc     0x0000000000000d27      0x6a1 rf/trf6151.o
 .debug_loc     0x00000000000013c8      0x11d display/st7558.o
 .debug_loc     0x00000000000014e5      0x214 display/td014.o
 .debug_loc     0x00000000000016f9      0x251 display/ssd1783.o
 .debug_loc     0x000000000000194a      0x23d display/ssd1963.o
 .debug_loc     0x0000000000001b87       0x90 display/display.o
 .debug_loc     0x0000000000001c17      0x60c flash/cfi_flash.o
 .debug_loc     0x0000000000002223       0xf7 board/compal/rffe_dualband.o
 .debug_loc     0x000000000000231a       0x7b board/compal_e88/init.o
 .debug_loc     0x0000000000002395      0x297 calypso/libcalypso.a(clock.o)
 .debug_loc     0x000000000000262c       0xee calypso/libcalypso.a(i2c.o)
 .debug_loc     0x000000000000271a      0x215 calypso/libcalypso.a(irq.o)
 .debug_loc     0x000000000000292f       0x86 calypso/libcalypso.a(rtc.o)
 .debug_loc     0x00000000000029b5      0x155 calypso/libcalypso.a(spi.o)
 .debug_loc     0x0000000000002b0a      0x31e calypso/libcalypso.a(tpu.o)
 .debug_loc     0x0000000000002e28      0x153 calypso/libcalypso.a(tsp.o)
 .debug_loc     0x0000000000002f7b      0x3ef calypso/libcalypso.a(keypad.o)
 .debug_loc     0x000000000000336a      0x154 calypso/libcalypso.a(timer.o)
 .debug_loc     0x00000000000034be       0x44 calypso/libcalypso.a(backlight.o)
 .debug_loc     0x0000000000003502      0x46c calypso/libcalypso.a(uart.o)
 .debug_loc     0x000000000000396e       0xef calypso/libcalypso.a(uwire.o)
 .debug_loc     0x0000000000003a5d     0x1604 lib/libmini.a(vsprintf.o)
 .debug_loc     0x0000000000005061       0x8b lib/libmini.a(string.o)
 .debug_loc     0x00000000000050ec       0x4a lib/libmini.a(printf.o)
 .debug_loc     0x0000000000005136      0x23b lib/libmini.a(console.o)
 .debug_loc     0x0000000000005371       0x7b lib/libmini.a(ctors.o)
 .debug_loc     0x00000000000053ec       0xa9 lib/libmini.a(delay.o)
 .debug_loc     0x0000000000005495      0x2d7 comm/libcomm.a(sercomm.o)
 .debug_loc     0x000000000000576c      0x2b9 comm/libcomm.a(sercomm_cons.o)
 .debug_loc     0x0000000000005a25      0x291 comm/libcomm.a(timer.o)
 .debug_loc     0x0000000000005cb6       0x77 comm/libcomm.a(msgb.o)

.debug_pubnames
                0x0000000000000000      0xfa1
 .debug_pubnames
                0x0000000000000000       0x39 apps/loader/main.o
 .debug_pubnames
                0x0000000000000039      0x13c abb/twl3025.o
 .debug_pubnames
                0x0000000000000175      0x14d rf/trf6151.o
 .debug_pubnames
                0x00000000000002c2       0x24 display/font_r8x8.o
 .debug_pubnames
                0x00000000000002e6       0x2a display/font_r8x8_horiz.o
 .debug_pubnames
                0x0000000000000310       0x25 display/st7558.o
 .debug_pubnames
                0x0000000000000335       0x24 display/td014.o
 .debug_pubnames
                0x0000000000000359       0x26 display/ssd1783.o
 .debug_pubnames
                0x000000000000037f       0x26 display/ssd1963.o
 .debug_pubnames
                0x00000000000003a5       0x2f display/display.o
 .debug_pubnames
                0x00000000000003d4       0xa6 flash/cfi_flash.o
 .debug_pubnames
                0x000000000000047a       0xc2 board/compal/rffe_dualband.o
 .debug_pubnames
                0x000000000000053c       0x3c board/compal/rf_power.o
 .debug_pubnames
                0x0000000000000578       0x21 board/compal_e88/init.o
 .debug_pubnames
                0x0000000000000599       0x6d board/compal_e88/loader.e88loader.manifest.o
 .debug_pubnames
                0x0000000000000606       0xd0 calypso/libcalypso.a(clock.o)
 .debug_pubnames
                0x00000000000006d6       0x1f calypso/libcalypso.a(dma.o)
 .debug_pubnames
                0x00000000000006f5       0x2d calypso/libcalypso.a(i2c.o)
 .debug_pubnames
                0x0000000000000722       0x95 calypso/libcalypso.a(irq.o)
 .debug_pubnames
                0x00000000000007b7       0x1f calypso/libcalypso.a(rtc.o)
 .debug_pubnames
                0x00000000000007d6       0x2c calypso/libcalypso.a(spi.o)
 .debug_pubnames
                0x0000000000000802      0x12d calypso/libcalypso.a(tpu.o)
 .debug_pubnames
                0x000000000000092f       0x9a calypso/libcalypso.a(tsp.o)
 .debug_pubnames
                0x00000000000009c9       0x7b calypso/libcalypso.a(keypad.o)
 .debug_pubnames
                0x0000000000000a44       0x8a calypso/libcalypso.a(timer.o)
 .debug_pubnames
                0x0000000000000ace       0x2f calypso/libcalypso.a(backlight.o)
 .debug_pubnames
                0x0000000000000afd       0xa3 calypso/libcalypso.a(uart.o)
 .debug_pubnames
                0x0000000000000ba0       0x30 calypso/libcalypso.a(uwire.o)
 .debug_pubnames
                0x0000000000000bd0       0x47 calypso/libcalypso.a(arm.o)
 .debug_pubnames
                0x0000000000000c17       0xb3 lib/libmini.a(vsprintf.o)
 .debug_pubnames
                0x0000000000000cca       0x29 lib/libmini.a(string.o)
 .debug_pubnames
                0x0000000000000cf3       0x1d lib/libmini.a(ctype.o)
 .debug_pubnames
                0x0000000000000d10       0x1d lib/libmini.a(printf.o)
 .debug_pubnames
                0x0000000000000d2d       0x64 lib/libmini.a(console.o)
 .debug_pubnames
                0x0000000000000d91       0x26 lib/libmini.a(ctors.o)
 .debug_pubnames
                0x0000000000000db7       0x2c lib/libmini.a(delay.o)
 .debug_pubnames
                0x0000000000000de3       0xb2 comm/libcomm.a(sercomm.o)
 .debug_pubnames
                0x0000000000000e95       0x37 comm/libcomm.a(sercomm_cons.o)
 .debug_pubnames
                0x0000000000000ecc       0x90 comm/libcomm.a(timer.o)
 .debug_pubnames
                0x0000000000000f5c       0x45 comm/libcomm.a(msgb.o)

.debug_pubtypes
                0x0000000000000000      0xc5d
 .debug_pubtypes
                0x0000000000000000       0xf4 apps/loader/main.o
 .debug_pubtypes
                0x00000000000000f4       0xa2 abb/twl3025.o
 .debug_pubtypes
                0x0000000000000196       0xa3 rf/trf6151.o
 .debug_pubtypes
                0x0000000000000239       0x52 display/st7558.o
 .debug_pubtypes
                0x000000000000028b       0x4e display/td014.o
 .debug_pubtypes
                0x00000000000002d9       0x4e display/ssd1783.o
 .debug_pubtypes
                0x0000000000000327       0x4e display/ssd1963.o
 .debug_pubtypes
                0x0000000000000375       0x25 display/display.o
 .debug_pubtypes
                0x000000000000039a      0x109 flash/cfi_flash.o
 .debug_pubtypes
                0x00000000000004a3       0x5f board/compal/rffe_dualband.o
 .debug_pubtypes
                0x0000000000000502       0x1e board/compal/rf_power.o
 .debug_pubtypes
                0x0000000000000520       0x78 board/compal_e88/init.o
 .debug_pubtypes
                0x0000000000000598       0x97 calypso/libcalypso.a(clock.o)
 .debug_pubtypes
                0x000000000000062f       0x1e calypso/libcalypso.a(dma.o)
 .debug_pubtypes
                0x000000000000064d       0x37 calypso/libcalypso.a(i2c.o)
 .debug_pubtypes
                0x0000000000000684       0x6a calypso/libcalypso.a(irq.o)
 .debug_pubtypes
                0x00000000000006ee       0x4d calypso/libcalypso.a(rtc.o)
 .debug_pubtypes
                0x000000000000073b       0x45 calypso/libcalypso.a(spi.o)
 .debug_pubtypes
                0x0000000000000780       0x89 calypso/libcalypso.a(tpu.o)
 .debug_pubtypes
                0x0000000000000809       0x6a calypso/libcalypso.a(tsp.o)
 .debug_pubtypes
                0x0000000000000873       0x7e calypso/libcalypso.a(keypad.o)
 .debug_pubtypes
                0x00000000000008f1       0x6d calypso/libcalypso.a(timer.o)
 .debug_pubtypes
                0x000000000000095e       0x37 calypso/libcalypso.a(backlight.o)
 .debug_pubtypes
                0x0000000000000995       0x7c calypso/libcalypso.a(uart.o)
 .debug_pubtypes
                0x0000000000000a11       0x3a calypso/libcalypso.a(uwire.o)
 .debug_pubtypes
                0x0000000000000a4b       0x3c lib/libmini.a(vsprintf.o)
 .debug_pubtypes
                0x0000000000000a87       0x1d lib/libmini.a(string.o)
 .debug_pubtypes
                0x0000000000000aa4       0x31 lib/libmini.a(printf.o)
 .debug_pubtypes
                0x0000000000000ad5       0x28 lib/libmini.a(console.o)
 .debug_pubtypes
                0x0000000000000afd       0x7c comm/libcomm.a(sercomm.o)
 .debug_pubtypes
                0x0000000000000b79       0x54 comm/libcomm.a(sercomm_cons.o)
 .debug_pubtypes
                0x0000000000000bcd       0x40 comm/libcomm.a(timer.o)
 .debug_pubtypes
                0x0000000000000c0d       0x50 comm/libcomm.a(msgb.o)

.debug_aranges  0x0000000000000000      0xa88
 .debug_aranges
                0x0000000000000000       0x70 apps/loader/main.o
 .debug_aranges
                0x0000000000000070       0xa8 abb/twl3025.o
 .debug_aranges
                0x0000000000000118       0x98 rf/trf6151.o
 .debug_aranges
                0x00000000000001b0       0x48 display/st7558.o
 .debug_aranges
                0x00000000000001f8       0x60 display/td014.o
 .debug_aranges
                0x0000000000000258       0x60 display/ssd1783.o
 .debug_aranges
                0x00000000000002b8       0x60 display/ssd1963.o
 .debug_aranges
                0x0000000000000318       0x20 display/display.o
 .debug_aranges
                0x0000000000000338       0x50 flash/cfi_flash.o
 .debug_aranges
                0x0000000000000388       0x58 board/compal/rffe_dualband.o
 .debug_aranges
                0x00000000000003e0       0x20 board/compal_e88/init.o
 .debug_aranges
                0x0000000000000400       0x68 calypso/libcalypso.a(clock.o)
 .debug_aranges
                0x0000000000000468       0x20 calypso/libcalypso.a(dma.o)
 .debug_aranges
                0x0000000000000488       0x28 calypso/libcalypso.a(i2c.o)
 .debug_aranges
                0x00000000000004b0       0x60 calypso/libcalypso.a(irq.o)
 .debug_aranges
                0x0000000000000510       0x28 calypso/libcalypso.a(rtc.o)
 .debug_aranges
                0x0000000000000538       0x28 calypso/libcalypso.a(spi.o)
 .debug_aranges
                0x0000000000000560       0x98 calypso/libcalypso.a(tpu.o)
 .debug_aranges
                0x00000000000005f8       0x60 calypso/libcalypso.a(tsp.o)
 .debug_aranges
                0x0000000000000658       0x48 calypso/libcalypso.a(keypad.o)
 .debug_aranges
                0x00000000000006a0       0x58 calypso/libcalypso.a(timer.o)
 .debug_aranges
                0x00000000000006f8       0x28 calypso/libcalypso.a(backlight.o)
 .debug_aranges
                0x0000000000000720       0x90 calypso/libcalypso.a(uart.o)
 .debug_aranges
                0x00000000000007b0       0x30 calypso/libcalypso.a(uwire.o)
 .debug_aranges
                0x00000000000007e0       0x28 calypso/libcalypso.a(arm.o)
 .debug_aranges
                0x0000000000000808       0x98 lib/libmini.a(vsprintf.o)
 .debug_aranges
                0x00000000000008a0       0x28 lib/libmini.a(string.o)
 .debug_aranges
                0x00000000000008c8       0x20 lib/libmini.a(printf.o)
 .debug_aranges
                0x00000000000008e8       0x50 lib/libmini.a(console.o)
 .debug_aranges
                0x0000000000000938       0x20 lib/libmini.a(ctors.o)
 .debug_aranges
                0x0000000000000958       0x28 lib/libmini.a(delay.o)
 .debug_aranges
                0x0000000000000980       0x58 comm/libcomm.a(sercomm.o)
 .debug_aranges
                0x00000000000009d8       0x30 comm/libcomm.a(sercomm_cons.o)
 .debug_aranges
                0x0000000000000a08       0x58 comm/libcomm.a(timer.o)
 .debug_aranges
                0x0000000000000a60       0x28 comm/libcomm.a(msgb.o)

.debug_ranges   0x0000000000000000      0xdd8
 .debug_ranges  0x0000000000000000      0x360 apps/loader/main.o
 .debug_ranges  0x0000000000000360       0xc8 abb/twl3025.o
 .debug_ranges  0x0000000000000428       0x88 rf/trf6151.o
 .debug_ranges  0x00000000000004b0       0x38 display/st7558.o
 .debug_ranges  0x00000000000004e8       0x50 display/td014.o
 .debug_ranges  0x0000000000000538       0x50 display/ssd1783.o
 .debug_ranges  0x0000000000000588       0x50 display/ssd1963.o
 .debug_ranges  0x00000000000005d8       0x10 display/display.o
 .debug_ranges  0x00000000000005e8      0x110 flash/cfi_flash.o
 .debug_ranges  0x00000000000006f8       0x48 board/compal/rffe_dualband.o
 .debug_ranges  0x0000000000000740       0x10 board/compal_e88/init.o
 .debug_ranges  0x0000000000000750       0x58 calypso/libcalypso.a(clock.o)
 .debug_ranges  0x00000000000007a8       0x10 calypso/libcalypso.a(dma.o)
 .debug_ranges  0x00000000000007b8       0x18 calypso/libcalypso.a(i2c.o)
 .debug_ranges  0x00000000000007d0       0x50 calypso/libcalypso.a(irq.o)
 .debug_ranges  0x0000000000000820       0x18 calypso/libcalypso.a(rtc.o)
 .debug_ranges  0x0000000000000838       0x18 calypso/libcalypso.a(spi.o)
 .debug_ranges  0x0000000000000850       0xd0 calypso/libcalypso.a(tpu.o)
 .debug_ranges  0x0000000000000920       0x50 calypso/libcalypso.a(tsp.o)
 .debug_ranges  0x0000000000000970       0x38 calypso/libcalypso.a(keypad.o)
 .debug_ranges  0x00000000000009a8       0x48 calypso/libcalypso.a(timer.o)
 .debug_ranges  0x00000000000009f0       0x18 calypso/libcalypso.a(backlight.o)
 .debug_ranges  0x0000000000000a08       0x98 calypso/libcalypso.a(uart.o)
 .debug_ranges  0x0000000000000aa0       0x20 calypso/libcalypso.a(uwire.o)
 .debug_ranges  0x0000000000000ac0       0x18 calypso/libcalypso.a(arm.o)
 .debug_ranges  0x0000000000000ad8       0xd0 lib/libmini.a(vsprintf.o)
 .debug_ranges  0x0000000000000ba8       0x18 lib/libmini.a(string.o)
 .debug_ranges  0x0000000000000bc0       0x10 lib/libmini.a(printf.o)
 .debug_ranges  0x0000000000000bd0       0x58 lib/libmini.a(console.o)
 .debug_ranges  0x0000000000000c28       0x10 lib/libmini.a(ctors.o)
 .debug_ranges  0x0000000000000c38       0x18 lib/libmini.a(delay.o)
 .debug_ranges  0x0000000000000c50       0xa8 comm/libcomm.a(sercomm.o)
 .debug_ranges  0x0000000000000cf8       0x50 comm/libcomm.a(sercomm_cons.o)
 .debug_ranges  0x0000000000000d48       0x78 comm/libcomm.a(timer.o)
 .debug_ranges  0x0000000000000dc0       0x18 comm/libcomm.a(msgb.o)

.debug_str      0x0000000000000000     0x3036
 .debug_str     0x0000000000000000      0x63d apps/loader/main.o
                                        0x6fe (size before relaxing)
 .debug_str     0x000000000000063d      0x5eb abb/twl3025.o
                                        0x6e6 (size before relaxing)
 .debug_str     0x0000000000000c28      0x3d6 rf/trf6151.o
                                        0x5a3 (size before relaxing)
 .debug_str     0x0000000000000ffe       0x22 display/font_r8x8.o
                                         0x77 (size before relaxing)
 .debug_str     0x0000000000001020       0x2e display/font_r8x8_horiz.o
                                         0x83 (size before relaxing)
 .debug_str     0x000000000000104e      0x10e display/st7558.o
                                        0x231 (size before relaxing)
 .debug_str     0x000000000000115c       0xfb display/td014.o
                                        0x26b (size before relaxing)
 .debug_str     0x0000000000001257       0xdb display/ssd1783.o
                                        0x298 (size before relaxing)
 .debug_str     0x0000000000001332       0xc0 display/ssd1963.o
                                        0x28b (size before relaxing)
 .debug_str     0x00000000000013f2       0x2f display/display.o
                                        0x145 (size before relaxing)
 .debug_str     0x0000000000001421      0x4e0 flash/cfi_flash.o
                                        0x693 (size before relaxing)
 .debug_str     0x0000000000001901       0x9b board/compal/rffe_dualband.o
                                        0x266 (size before relaxing)
 .debug_str     0x000000000000199c       0x3a board/compal/rf_power.o
                                        0x100 (size before relaxing)
 .debug_str     0x00000000000019d6      0x181 board/compal_e88/init.o
                                        0x31e (size before relaxing)
 .debug_str     0x0000000000001b57       0x38 board/compal_e88/loader.e88loader.manifest.o
                                         0x96 (size before relaxing)
 .debug_str     0x0000000000001b8f      0x168 calypso/libcalypso.a(clock.o)
                                        0x3d9 (size before relaxing)
 .debug_str     0x0000000000001cf7       0x3c calypso/libcalypso.a(dma.o)
                                         0x71 (size before relaxing)
 .debug_str     0x0000000000001d33       0xc5 calypso/libcalypso.a(i2c.o)
                                        0x1aa (size before relaxing)
 .debug_str     0x0000000000001df8      0x112 calypso/libcalypso.a(irq.o)
                                        0x353 (size before relaxing)
 .debug_str     0x0000000000001f0a      0x108 calypso/libcalypso.a(rtc.o)
                                        0x3a2 (size before relaxing)
 .debug_str     0x0000000000002012       0xb2 calypso/libcalypso.a(spi.o)
                                        0x18a (size before relaxing)
 .debug_str     0x00000000000020c4      0x27e calypso/libcalypso.a(tpu.o)
                                        0x3fa (size before relaxing)
 .debug_str     0x0000000000002342      0x1a1 calypso/libcalypso.a(tsp.o)
                                        0x30e (size before relaxing)
 .debug_str     0x00000000000024e3      0x150 calypso/libcalypso.a(keypad.o)
                                        0x449 (size before relaxing)
 .debug_str     0x0000000000002633      0x145 calypso/libcalypso.a(timer.o)
                                        0x357 (size before relaxing)
 .debug_str     0x0000000000002778       0x2f calypso/libcalypso.a(backlight.o)
                                        0x114 (size before relaxing)
 .debug_str     0x00000000000027a7      0x28e calypso/libcalypso.a(uart.o)
                                        0x4f4 (size before relaxing)
 .debug_str     0x0000000000002a35       0x66 calypso/libcalypso.a(uwire.o)
                                        0x146 (size before relaxing)
 .debug_str     0x0000000000002a9b       0x40 calypso/libcalypso.a(arm.o)
                                         0x87 (size before relaxing)
 .debug_str     0x0000000000002adb      0x117 lib/libmini.a(vsprintf.o)
                                        0x22b (size before relaxing)
 .debug_str     0x0000000000002bf2       0x1c lib/libmini.a(string.o)
                                         0xee (size before relaxing)
 .debug_str     0x0000000000002c0e        0xc lib/libmini.a(ctype.o)
                                         0x68 (size before relaxing)
 .debug_str     0x0000000000002c1a       0x1b lib/libmini.a(printf.o)
                                        0x10e (size before relaxing)
 .debug_str     0x0000000000002c35       0xbf lib/libmini.a(console.o)
                                        0x1d9 (size before relaxing)
 .debug_str     0x0000000000002cf4       0x41 lib/libmini.a(ctors.o)
                                         0x87 (size before relaxing)
 .debug_str     0x0000000000002d35       0x1e lib/libmini.a(delay.o)
                                         0x60 (size before relaxing)
 .debug_str     0x0000000000002d53      0x155 comm/libcomm.a(sercomm.o)
                                        0x3aa (size before relaxing)
 .debug_str     0x0000000000002ea8       0x5d comm/libcomm.a(sercomm_cons.o)
                                        0x273 (size before relaxing)
 .debug_str     0x0000000000002f05       0xdb comm/libcomm.a(timer.o)
                                        0x320 (size before relaxing)
 .debug_str     0x0000000000002fe0       0x56 comm/libcomm.a(msgb.o)
                                        0x19d (size before relaxing)

.comment        0x0000000000000000       0x11
 .comment       0x0000000000000000       0x11 apps/loader/main.o
                                         0x12 (size before relaxing)
 .comment       0x0000000000000000       0x12 abb/twl3025.o
 .comment       0x0000000000000000       0x12 rf/trf6151.o
 .comment       0x0000000000000000       0x12 display/font_r8x8.o
 .comment       0x0000000000000000       0x12 display/font_r8x8_horiz.o
 .comment       0x0000000000000000       0x12 display/st7558.o
 .comment       0x0000000000000000       0x12 display/td014.o
 .comment       0x0000000000000000       0x12 display/ssd1783.o
 .comment       0x0000000000000000       0x12 display/ssd1963.o
 .comment       0x0000000000000000       0x12 display/display.o
 .comment       0x0000000000000000       0x12 flash/cfi_flash.o
 .comment       0x0000000000000000       0x12 board/compal/rffe_dualband.o
 .comment       0x0000000000000000       0x12 board/compal/rf_power.o
 .comment       0x0000000000000000       0x12 board/compal_e88/init.o
 .comment       0x0000000000000000       0x12 board/compal_e88/loader.e88loader.manifest.o
 .comment       0x0000000000000000       0x12 calypso/libcalypso.a(clock.o)
 .comment       0x0000000000000000       0x12 calypso/libcalypso.a(dma.o)
 .comment       0x0000000000000000       0x12 calypso/libcalypso.a(i2c.o)
 .comment       0x0000000000000000       0x12 calypso/libcalypso.a(irq.o)
 .comment       0x0000000000000000       0x12 calypso/libcalypso.a(rtc.o)
 .comment       0x0000000000000000       0x12 calypso/libcalypso.a(spi.o)
 .comment       0x0000000000000000       0x12 calypso/libcalypso.a(tpu.o)
 .comment       0x0000000000000000       0x12 calypso/libcalypso.a(tsp.o)
 .comment       0x0000000000000000       0x12 calypso/libcalypso.a(keypad.o)
 .comment       0x0000000000000000       0x12 calypso/libcalypso.a(timer.o)
 .comment       0x0000000000000000       0x12 calypso/libcalypso.a(backlight.o)
 .comment       0x0000000000000000       0x12 calypso/libcalypso.a(uart.o)
 .comment       0x0000000000000000       0x12 calypso/libcalypso.a(uwire.o)
 .comment       0x0000000000000000       0x12 calypso/libcalypso.a(arm.o)
 .comment       0x0000000000000000       0x12 lib/libmini.a(vsprintf.o)
 .comment       0x0000000000000000       0x12 lib/libmini.a(string.o)
 .comment       0x0000000000000000       0x12 lib/libmini.a(ctype.o)
 .comment       0x0000000000000000       0x12 lib/libmini.a(printf.o)
 .comment       0x0000000000000000       0x12 lib/libmini.a(console.o)
 .comment       0x0000000000000000       0x12 lib/libmini.a(ctors.o)
 .comment       0x0000000000000000       0x12 lib/libmini.a(delay.o)
 .comment       0x0000000000000000       0x12 comm/libcomm.a(sercomm.o)
 .comment       0x0000000000000000       0x12 comm/libcomm.a(sercomm_cons.o)
 .comment       0x0000000000000000       0x12 comm/libcomm.a(timer.o)
 .comment       0x0000000000000000       0x12 ../../shared/libosmocore/build-target/src/.libs/libosmocore.a(msgb.o)
 .comment       0x0000000000000000       0x12 ../../shared/libosmocore/build-target/src/.libs/libosmocore.a(crc16.o)
 .comment       0x0000000000000000       0x12 ../../shared/libosmocore/build-target/src/.libs/libosmocore.a(panic.o)
 .comment       0x0000000000000000       0x12 ../../shared/libosmocore/build-target/src/gsm/.libs/libosmogsm.a(gsm_utils.o)
 .comment       0x0000000000000000       0x12 comm/libcomm.a(msgb.o)

.ARM.attributes
                0x0000000000000000       0x10
 .ARM.attributes
                0x0000000000000000       0x10 apps/loader/main.o
 .ARM.attributes
                0x0000000000000010       0x10 abb/twl3025.o
 .ARM.attributes
                0x0000000000000020       0x10 rf/trf6151.o
 .ARM.attributes
                0x0000000000000030       0x10 display/font_r8x8.o
 .ARM.attributes
                0x0000000000000040       0x10 display/font_r8x8_horiz.o
 .ARM.attributes
                0x0000000000000050       0x10 display/st7558.o
 .ARM.attributes
                0x0000000000000060       0x10 display/td014.o
 .ARM.attributes
                0x0000000000000070       0x10 display/ssd1783.o
 .ARM.attributes
                0x0000000000000080       0x10 display/ssd1963.o
 .ARM.attributes
                0x0000000000000090       0x10 display/display.o
 .ARM.attributes
                0x00000000000000a0       0x10 flash/cfi_flash.o
 .ARM.attributes
                0x00000000000000b0       0x10 board/common/calypso_uart.o
 .ARM.attributes
                0x00000000000000c0       0x10 board/common/calypso_pwl.o
 .ARM.attributes
                0x00000000000000d0       0x10 board/compal/rffe_dualband.o
 .ARM.attributes
                0x00000000000000e0       0x10 board/compal/rf_power.o
 .ARM.attributes
                0x00000000000000f0       0x10 board/compal_e88/init.o
 .ARM.attributes
                0x0000000000000100       0x10 board/compal_e88/loader.e88loader.manifest.o
 .ARM.attributes
                0x0000000000000110       0x10 board/compal/start.rom.o
 .ARM.attributes
                0x0000000000000120       0x10 board/compal/header.o
 .ARM.attributes
                0x0000000000000130       0x10 board/compal/exceptions_redirect.o
 .ARM.attributes
                0x0000000000000140       0x10 calypso/libcalypso.a(clock.o)
 .ARM.attributes
                0x0000000000000150       0x10 calypso/libcalypso.a(dma.o)
 .ARM.attributes
                0x0000000000000160       0x10 calypso/libcalypso.a(i2c.o)
 .ARM.attributes
                0x0000000000000170       0x10 calypso/libcalypso.a(irq.o)
 .ARM.attributes
                0x0000000000000180       0x10 calypso/libcalypso.a(rtc.o)
 .ARM.attributes
                0x0000000000000190       0x10 calypso/libcalypso.a(spi.o)
 .ARM.attributes
                0x00000000000001a0       0x10 calypso/libcalypso.a(tpu.o)
 .ARM.attributes
                0x00000000000001b0       0x10 calypso/libcalypso.a(tsp.o)
 .ARM.attributes
                0x00000000000001c0       0x10 calypso/libcalypso.a(keypad.o)
 .ARM.attributes
                0x00000000000001d0       0x10 calypso/libcalypso.a(timer.o)
 .ARM.attributes
                0x00000000000001e0       0x10 calypso/libcalypso.a(backlight.o)
 .ARM.attributes
                0x00000000000001f0       0x10 calypso/libcalypso.a(uart.o)
 .ARM.attributes
                0x0000000000000200       0x10 calypso/libcalypso.a(uwire.o)
 .ARM.attributes
                0x0000000000000210       0x10 calypso/libcalypso.a(arm.o)
 .ARM.attributes
                0x0000000000000220       0x10 lib/libmini.a(vsprintf.o)
 .ARM.attributes
                0x0000000000000230       0x10 lib/libmini.a(string.o)
 .ARM.attributes
                0x0000000000000240       0x10 lib/libmini.a(ctype.o)
 .ARM.attributes
                0x0000000000000250       0x10 lib/libmini.a(printf.o)
 .ARM.attributes
                0x0000000000000260       0x10 lib/libmini.a(console.o)
 .ARM.attributes
                0x0000000000000270       0x10 lib/libmini.a(ctors.o)
 .ARM.attributes
                0x0000000000000280       0x10 lib/libmini.a(delay.o)
 .ARM.attributes
                0x0000000000000290       0x10 lib/libmini.a(div64.o)
 .ARM.attributes
                0x00000000000002a0       0x10 lib/libmini.a(lib1funcs.o)
 .ARM.attributes
                0x00000000000002b0       0x10 lib/libmini.a(memcpy.o)
 .ARM.attributes
                0x00000000000002c0       0x10 lib/libmini.a(memset.o)
 .ARM.attributes
                0x00000000000002d0       0x10 comm/libcomm.a(sercomm.o)
 .ARM.attributes
                0x00000000000002e0       0x10 comm/libcomm.a(sercomm_cons.o)
 .ARM.attributes
                0x00000000000002f0       0x10 comm/libcomm.a(timer.o)
 .ARM.attributes
                0x0000000000000300       0x10 ../../shared/libosmocore/build-target/src/.libs/libosmocore.a(msgb.o)
 .ARM.attributes
                0x0000000000000310       0x10 ../../shared/libosmocore/build-target/src/.libs/libosmocore.a(crc16.o)
 .ARM.attributes
                0x0000000000000320       0x10 ../../shared/libosmocore/build-target/src/.libs/libosmocore.a(panic.o)
 .ARM.attributes
                0x0000000000000330       0x10 ../../shared/libosmocore/build-target/src/gsm/.libs/libosmogsm.a(gsm_utils.o)
 .ARM.attributes
                0x0000000000000340       0x10 comm/libcomm.a(msgb.o)

.debug_frame    0x0000000000000000     0x1804
 .debug_frame   0x0000000000000000      0x150 apps/loader/main.o
 .debug_frame   0x0000000000000150      0x1c8 abb/twl3025.o
 .debug_frame   0x0000000000000318      0x174 rf/trf6151.o
 .debug_frame   0x000000000000048c       0xa4 display/st7558.o
 .debug_frame   0x0000000000000530      0x104 display/td014.o
 .debug_frame   0x0000000000000634      0x10c display/ssd1783.o
 .debug_frame   0x0000000000000740      0x108 display/ssd1963.o
 .debug_frame   0x0000000000000848       0x2c display/display.o
 .debug_frame   0x0000000000000874       0xac flash/cfi_flash.o
 .debug_frame   0x0000000000000920       0xa0 board/compal/rffe_dualband.o
 .debug_frame   0x00000000000009c0       0x38 board/compal_e88/init.o
 .debug_frame   0x00000000000009f8       0xd0 calypso/libcalypso.a(clock.o)
 .debug_frame   0x0000000000000ac8       0x20 calypso/libcalypso.a(dma.o)
 .debug_frame   0x0000000000000ae8       0x30 calypso/libcalypso.a(i2c.o)
 .debug_frame   0x0000000000000b18       0xb0 calypso/libcalypso.a(irq.o)
 .debug_frame   0x0000000000000bc8       0x40 calypso/libcalypso.a(rtc.o)
 .debug_frame   0x0000000000000c08       0x3c calypso/libcalypso.a(spi.o)
 .debug_frame   0x0000000000000c44      0x13c calypso/libcalypso.a(tpu.o)
 .debug_frame   0x0000000000000d80       0xc4 calypso/libcalypso.a(tsp.o)
 .debug_frame   0x0000000000000e44       0xb0 calypso/libcalypso.a(keypad.o)
 .debug_frame   0x0000000000000ef4       0x98 calypso/libcalypso.a(timer.o)
 .debug_frame   0x0000000000000f8c       0x30 calypso/libcalypso.a(backlight.o)
 .debug_frame   0x0000000000000fbc      0x17c calypso/libcalypso.a(uart.o)
 .debug_frame   0x0000000000001138       0x50 calypso/libcalypso.a(uwire.o)
 .debug_frame   0x0000000000001188       0x30 calypso/libcalypso.a(arm.o)
 .debug_frame   0x00000000000011b8      0x23c lib/libmini.a(vsprintf.o)
 .debug_frame   0x00000000000013f4       0x30 lib/libmini.a(string.o)
 .debug_frame   0x0000000000001424       0x3c lib/libmini.a(printf.o)
 .debug_frame   0x0000000000001460       0xf4 lib/libmini.a(console.o)
 .debug_frame   0x0000000000001554       0x2c lib/libmini.a(ctors.o)
 .debug_frame   0x0000000000001580       0x38 lib/libmini.a(delay.o)
 .debug_frame   0x00000000000015b8       0xd4 comm/libcomm.a(sercomm.o)
 .debug_frame   0x000000000000168c       0x7c comm/libcomm.a(sercomm_cons.o)
 .debug_frame   0x0000000000001708       0xb4 comm/libcomm.a(timer.o)
 .debug_frame   0x00000000000017bc       0x48 comm/libcomm.a(msgb.o)

Cross Reference Table

Symbol                                            File
_GLOBAL_OFFSET_TABLE_                             ../../shared/libosmocore/build-target/src/.libs/libosmocore.a(msgb.o)
                                                  ../../shared/libosmocore/build-target/src/gsm/.libs/libosmogsm.a(gsm_utils.o)
                                                  ../../shared/libosmocore/build-target/src/.libs/libosmocore.a(panic.o)
                                                  ../../shared/libosmocore/build-target/src/.libs/libosmocore.a(crc16.o)
__aeabi_idiv                                      lib/libmini.a(lib1funcs.o)
__aeabi_idivmod                                   lib/libmini.a(lib1funcs.o)
__aeabi_uidiv                                     lib/libmini.a(lib1funcs.o)
__aeabi_uidivmod                                  lib/libmini.a(lib1funcs.o)
__bss_end                                         board/compal/start.rom.o
__bss_start                                       board/compal/start.rom.o
__data_end                                        board/compal/start.rom.o
__data_start                                      board/compal/start.rom.o
__div0                                            lib/libmini.a(lib1funcs.o)
                                                  lib/libmini.a(div64.o)
__divsi3                                          lib/libmini.a(lib1funcs.o)
                                                  ../../shared/libosmocore/build-target/src/gsm/.libs/libosmogsm.a(gsm_utils.o)
                                                  comm/libcomm.a(timer.o)
__do_div64                                        lib/libmini.a(div64.o)
                                                  lib/libmini.a(vsprintf.o)
__modsi3                                          lib/libmini.a(lib1funcs.o)
                                                  ../../shared/libosmocore/build-target/src/gsm/.libs/libosmogsm.a(gsm_utils.o)
                                                  calypso/libcalypso.a(tpu.o)
__ramtext_end                                     board/compal/start.rom.o
__ramtext_start                                   board/compal/start.rom.o
__udivsi3                                         lib/libmini.a(lib1funcs.o)
                                                  ../../shared/libosmocore/build-target/src/gsm/.libs/libosmogsm.a(gsm_utils.o)
                                                  rf/trf6151.o
__umodsi3                                         lib/libmini.a(lib1funcs.o)
                                                  ../../shared/libosmocore/build-target/src/gsm/.libs/libosmogsm.a(gsm_utils.o)
_ctor_end                                         board/compal/start.rom.o
_ctor_start                                       board/compal/start.rom.o
_ctype                                            lib/libmini.a(ctype.o)
                                                  ../../shared/libosmocore/build-target/src/gsm/.libs/libosmogsm.a(gsm_utils.o)
                                                  lib/libmini.a(vsprintf.o)
_data_start                                       board/compal/start.rom.o
_exceptions                                       calypso/libcalypso.a(irq.o)
_ramtext_start                                    board/compal/start.rom.o
_start                                            board/compal/start.rom.o
                                                  apps/loader/main.o
_talloc_zero                                      comm/libcomm.a(msgb.o)
                                                  ../../shared/libosmocore/build-target/src/.libs/libosmocore.a(msgb.o)
add_mod5000                                       calypso/libcalypso.a(tpu.o)
                                                  rf/trf6151.o
add_timer                                         comm/libcomm.a(timer.o)
arm_disable_interrupts                            calypso/libcalypso.a(arm.o)
arm_enable_interrupts                             calypso/libcalypso.a(arm.o)
                                                  calypso/libcalypso.a(irq.o)
bl_level                                          calypso/libcalypso.a(backlight.o)
                                                  apps/loader/main.o
bl_mode_pwl                                       calypso/libcalypso.a(backlight.o)
                                                  board/compal_e88/init.o
                                                  apps/loader/main.o
board_init                                        board/compal_e88/init.o
calloc                                            ../../shared/libosmocore/build-target/src/gsm/.libs/libosmogsm.a(gsm_utils.o)
calypso_bootrom                                   calypso/libcalypso.a(clock.o)
                                                  board/compal_e88/init.o
                                                  apps/loader/main.o
calypso_clk_dump                                  calypso/libcalypso.a(clock.o)
calypso_clock_set                                 calypso/libcalypso.a(clock.o)
                                                  board/compal_e88/init.o
calypso_debugunit                                 calypso/libcalypso.a(clock.o)
calypso_exceptions_install                        calypso/libcalypso.a(irq.o)
                                                  board/compal_e88/init.o
calypso_mem_cfg                                   calypso/libcalypso.a(clock.o)
                                                  board/compal_e88/init.o
calypso_pll_set                                   calypso/libcalypso.a(clock.o)
calypso_reset_get                                 calypso/libcalypso.a(clock.o)
calypso_reset_set                                 calypso/libcalypso.a(clock.o)
                                                  display/ssd1963.o
                                                  display/ssd1783.o
                                                  display/td014.o
                                                  display/st7558.o
calypso_rhea_cfg                                  calypso/libcalypso.a(clock.o)
                                                  board/compal_e88/init.o
cons_init                                         lib/libmini.a(console.o)
                                                  calypso/libcalypso.a(uart.o)
cons_putchar                                      lib/libmini.a(console.o)
cons_puts                                         lib/libmini.a(console.o)
                                                  comm/libcomm.a(msgb.o)
cons_rb_append                                    lib/libmini.a(console.o)
cons_rb_flush                                     lib/libmini.a(console.o)
                                                  calypso/libcalypso.a(uart.o)
dbm2apc_gsm900                                    board/compal/rf_power.o
dbm2apc_gsm900_max                                board/compal/rf_power.o
dbm2rxlev                                         ../../shared/libosmocore/build-target/src/gsm/.libs/libosmogsm.a(gsm_utils.o)
del_timer                                         comm/libcomm.a(timer.o)
delay_ms                                          lib/libmini.a(delay.o)
                                                  calypso/libcalypso.a(spi.o)
                                                  display/ssd1963.o
                                                  display/ssd1783.o
                                                  display/td014.o
                                                  abb/twl3025.o
                                                  apps/loader/main.o
delay_us                                          lib/libmini.a(delay.o)
                                                  calypso/libcalypso.a(tpu.o)
dispatch_buttons                                  calypso/libcalypso.a(keypad.o)
display                                           calypso/libcalypso.a(rtc.o)
                                                  board/compal_e88/init.o
                                                  display/display.o
display_puts                                      display/display.o
dma_init                                          calypso/libcalypso.a(dma.o)
                                                  board/compal_e88/init.o
do_global_ctors                                   lib/libmini.a(ctors.o)
                                                  board/compal/start.rom.o
emit_key                                          calypso/libcalypso.a(keypad.o)
fiq                                               calypso/libcalypso.a(irq.o)
flag                                              apps/loader/main.o
flash_block_erase                                 flash/cfi_flash.o
                                                  apps/loader/main.o
flash_block_getlock                               flash/cfi_flash.o
                                                  apps/loader/main.o
flash_block_lock                                  flash/cfi_flash.o
                                                  apps/loader/main.o
flash_block_lockdown                              flash/cfi_flash.o
                                                  apps/loader/main.o
flash_block_unlock                                flash/cfi_flash.o
                                                  apps/loader/main.o
flash_init                                        flash/cfi_flash.o
                                                  apps/loader/main.o
flash_program                                     flash/cfi_flash.o
                                                  apps/loader/main.o
fontdata_r8x8                                     display/font_r8x8.o
                                                  display/st7558.o
fontdata_r8x8_horiz                               display/font_r8x8_horiz.o
                                                  display/ssd1963.o
                                                  display/ssd1783.o
                                                  display/td014.o
free                                              ../../shared/libosmocore/build-target/src/gsm/.libs/libosmogsm.a(gsm_utils.o)
gprs_tlli_type                                    ../../shared/libosmocore/build-target/src/gsm/.libs/libosmogsm.a(gsm_utils.o)
gprs_tmsi2tlli                                    ../../shared/libosmocore/build-target/src/gsm/.libs/libosmogsm.a(gsm_utils.o)
gsm_7bit_decode                                   ../../shared/libosmocore/build-target/src/gsm/.libs/libosmogsm.a(gsm_utils.o)
gsm_7bit_decode_hdr                               ../../shared/libosmocore/build-target/src/gsm/.libs/libosmogsm.a(gsm_utils.o)
gsm_7bit_encode                                   ../../shared/libosmocore/build-target/src/gsm/.libs/libosmogsm.a(gsm_utils.o)
gsm_arfcn2band                                    ../../shared/libosmocore/build-target/src/gsm/.libs/libosmogsm.a(gsm_utils.o)
                                                  rf/trf6151.o
gsm_arfcn2freq10                                  ../../shared/libosmocore/build-target/src/gsm/.libs/libosmogsm.a(gsm_utils.o)
                                                  rf/trf6151.o
gsm_band_name                                     ../../shared/libosmocore/build-target/src/gsm/.libs/libosmogsm.a(gsm_utils.o)
gsm_band_parse                                    ../../shared/libosmocore/build-target/src/gsm/.libs/libosmogsm.a(gsm_utils.o)
gsm_fn2gsmtime                                    ../../shared/libosmocore/build-target/src/gsm/.libs/libosmogsm.a(gsm_utils.o)
gsm_get_octet_len                                 ../../shared/libosmocore/build-target/src/gsm/.libs/libosmogsm.a(gsm_utils.o)
gsm_gsmtime2fn                                    ../../shared/libosmocore/build-target/src/gsm/.libs/libosmogsm.a(gsm_utils.o)
gsm_septet_encode                                 ../../shared/libosmocore/build-target/src/gsm/.libs/libosmogsm.a(gsm_utils.o)
gsm_septets2octets                                ../../shared/libosmocore/build-target/src/gsm/.libs/libosmogsm.a(gsm_utils.o)
hr                                                apps/loader/main.o
hwtimer_config                                    calypso/libcalypso.a(timer.o)
                                                  comm/libcomm.a(timer.o)
hwtimer_enable                                    calypso/libcalypso.a(timer.o)
                                                  comm/libcomm.a(timer.o)
hwtimer_init                                      calypso/libcalypso.a(timer.o)
                                                  board/compal_e88/init.o
hwtimer_load                                      calypso/libcalypso.a(timer.o)
                                                  comm/libcomm.a(timer.o)
hwtimer_read                                      calypso/libcalypso.a(timer.o)
i2c_init                                          calypso/libcalypso.a(i2c.o)
                                                  display/st7558.o
i2c_write                                         calypso/libcalypso.a(i2c.o)
                                                  display/st7558.o
irq                                               calypso/libcalypso.a(irq.o)
irq_config                                        calypso/libcalypso.a(irq.o)
                                                  comm/libcomm.a(timer.o)
                                                  calypso/libcalypso.a(uart.o)
                                                  calypso/libcalypso.a(timer.o)
                                                  calypso/libcalypso.a(keypad.o)
                                                  calypso/libcalypso.a(rtc.o)
                                                  abb/twl3025.o
irq_disable                                       calypso/libcalypso.a(irq.o)
                                                  calypso/libcalypso.a(keypad.o)
irq_enable                                        calypso/libcalypso.a(irq.o)
                                                  comm/libcomm.a(timer.o)
                                                  calypso/libcalypso.a(uart.o)
                                                  calypso/libcalypso.a(timer.o)
                                                  calypso/libcalypso.a(keypad.o)
                                                  calypso/libcalypso.a(rtc.o)
                                                  abb/twl3025.o
irq_init                                          calypso/libcalypso.a(irq.o)
                                                  board/compal_e88/init.o
irq_register_handler                              calypso/libcalypso.a(irq.o)
                                                  comm/libcomm.a(timer.o)
                                                  calypso/libcalypso.a(uart.o)
                                                  calypso/libcalypso.a(timer.o)
                                                  calypso/libcalypso.a(keypad.o)
                                                  calypso/libcalypso.a(rtc.o)
                                                  abb/twl3025.o
jiffies                                           comm/libcomm.a(timer.o)
keypad_init                                       calypso/libcalypso.a(keypad.o)
                                                  board/compal_e88/init.o
keypad_poll                                       calypso/libcalypso.a(keypad.o)
                                                  comm/libcomm.a(timer.o)
                                                  apps/loader/main.o
keypad_set_handler                                calypso/libcalypso.a(keypad.o)
                                                  apps/loader/main.o
lastbuttons                                       calypso/libcalypso.a(keypad.o)
main                                              apps/loader/main.o
                                                  board/compal/start.rom.o
manifest_application                              board/compal_e88/loader.e88loader.manifest.o
manifest_board                                    board/compal_e88/loader.e88loader.manifest.o
                                                  apps/loader/main.o
manifest_environment                              board/compal_e88/loader.e88loader.manifest.o
                                                  apps/loader/main.o
manifest_revision                                 board/compal_e88/loader.e88loader.manifest.o
memcpy                                            lib/libmini.a(memcpy.o)
                                                  ../../shared/libosmocore/build-target/src/gsm/.libs/libosmogsm.a(gsm_utils.o)
                                                  lib/libmini.a(console.o)
                                                  apps/loader/main.o
memdump_asm                                       board/common/calypso_uart.o
memset                                            lib/libmini.a(memset.o)
                                                  comm/libcomm.a(msgb.o)
                                                  ../../shared/libosmocore/build-target/src/.libs/libosmocore.a(msgb.o)
                                                  lib/libmini.a(console.o)
ms_class_gmsk_dbm                                 ../../shared/libosmocore/build-target/src/gsm/.libs/libosmogsm.a(gsm_utils.o)
ms_pwr_ctl_lvl                                    ../../shared/libosmocore/build-target/src/gsm/.libs/libosmogsm.a(gsm_utils.o)
ms_pwr_dbm                                        ../../shared/libosmocore/build-target/src/gsm/.libs/libosmogsm.a(gsm_utils.o)
msgb_alloc                                        ../../shared/libosmocore/build-target/src/.libs/libosmocore.a(msgb.o)
                                                  comm/libcomm.a(sercomm_cons.o)
                                                  comm/libcomm.a(sercomm.o)
                                                  apps/loader/main.o
msgb_data                                         ../../shared/libosmocore/build-target/src/.libs/libosmocore.a(msgb.o)
msgb_dequeue                                      ../../shared/libosmocore/build-target/src/.libs/libosmocore.a(msgb.o)
                                                  comm/libcomm.a(sercomm.o)
msgb_enqueue                                      ../../shared/libosmocore/build-target/src/.libs/libosmocore.a(msgb.o)
                                                  comm/libcomm.a(sercomm.o)
msgb_free                                         ../../shared/libosmocore/build-target/src/.libs/libosmocore.a(msgb.o)
                                                  comm/libcomm.a(sercomm.o)
                                                  apps/loader/main.o
msgb_length                                       ../../shared/libosmocore/build-target/src/.libs/libosmocore.a(msgb.o)
msgb_reset                                        ../../shared/libosmocore/build-target/src/.libs/libosmocore.a(msgb.o)
msgb_set_talloc_ctx                               ../../shared/libosmocore/build-target/src/.libs/libosmocore.a(msgb.o)
osmo_crc16                                        ../../shared/libosmocore/build-target/src/.libs/libosmocore.a(crc16.o)
                                                  apps/loader/main.o
osmo_crc16_table                                  ../../shared/libosmocore/build-target/src/.libs/libosmocore.a(crc16.o)
osmo_panic                                        ../../shared/libosmocore/build-target/src/.libs/libosmocore.a(panic.o)
                                                  comm/libcomm.a(sercomm_cons.o)
                                                  comm/libcomm.a(sercomm.o)
                                                  apps/loader/main.o
osmo_set_panic_handler                            ../../shared/libosmocore/build-target/src/.libs/libosmocore.a(panic.o)
phex                                              board/common/calypso_uart.o
phexubf                                           board/common/calypso_uart.o
printf                                            lib/libmini.a(printf.o)
                                                  calypso/libcalypso.a(timer.o)
                                                  calypso/libcalypso.a(keypad.o)
                                                  calypso/libcalypso.a(clock.o)
                                                  flash/cfi_flash.o
                                                  abb/twl3025.o
                                                  apps/loader/main.o
putchar_asm                                       board/common/calypso_uart.o
                                                  apps/loader/main.o
puts                                              lib/libmini.a(vsprintf.o)
                                                  lib/libmini.a(printf.o)
                                                  calypso/libcalypso.a(uart.o)
                                                  calypso/libcalypso.a(timer.o)
                                                  calypso/libcalypso.a(tpu.o)
                                                  rf/trf6151.o
                                                  abb/twl3025.o
                                                  apps/loader/main.o
puts_asm                                          board/common/calypso_uart.o
pwl_init                                          board/common/calypso_pwl.o
pwl_set_level                                     board/common/calypso_pwl.o
rf_arfcn                                          rf/trf6151.o
rffe_compute_gain                                 board/compal/rffe_dualband.o
rffe_get_gain                                     board/compal/rffe_dualband.o
rffe_get_rx_ports                                 board/compal/rffe_dualband.o
                                                  rf/trf6151.o
rffe_get_tx_ports                                 board/compal/rffe_dualband.o
rffe_init                                         board/compal/rffe_dualband.o
rffe_mode                                         board/compal/rffe_dualband.o
rffe_rx_win_ctrl                                  board/compal/rffe_dualband.o
rffe_set_gain                                     board/compal/rffe_dualband.o
rtc_init                                          calypso/libcalypso.a(rtc.o)
                                                  board/compal_e88/init.o
rxlev2dbm                                         ../../shared/libosmocore/build-target/src/gsm/.libs/libosmogsm.a(gsm_utils.o)
schedule_timer                                    comm/libcomm.a(timer.o)
scnprintf                                         lib/libmini.a(vsprintf.o)
sercomm_drv_pull                                  comm/libcomm.a(sercomm.o)
                                                  calypso/libcalypso.a(uart.o)
sercomm_drv_rx_char                               comm/libcomm.a(sercomm.o)
                                                  calypso/libcalypso.a(uart.o)
sercomm_init                                      comm/libcomm.a(sercomm.o)
                                                  calypso/libcalypso.a(uart.o)
                                                  apps/loader/main.o
sercomm_initialized                               comm/libcomm.a(sercomm.o)
                                                  comm/libcomm.a(sercomm_cons.o)
sercomm_putchar                                   comm/libcomm.a(sercomm_cons.o)
sercomm_puts                                      comm/libcomm.a(sercomm_cons.o)
                                                  lib/libmini.a(vsprintf.o)
sercomm_register_rx_cb                            comm/libcomm.a(sercomm.o)
                                                  apps/loader/main.o
sercomm_sendmsg                                   comm/libcomm.a(sercomm.o)
                                                  comm/libcomm.a(sercomm_cons.o)
                                                  apps/loader/main.o
sercomm_tx_queue_depth                            comm/libcomm.a(sercomm.o)
                                                  comm/libcomm.a(sercomm_cons.o)
snprintf                                          lib/libmini.a(vsprintf.o)
spi_init                                          calypso/libcalypso.a(spi.o)
                                                  abb/twl3025.o
spi_xfer                                          calypso/libcalypso.a(spi.o)
                                                  abb/twl3025.o
sprintf                                           lib/libmini.a(vsprintf.o)
sscanf                                            lib/libmini.a(vsprintf.o)
ssd1783_display                                   display/ssd1783.o
ssd1963_display                                   display/ssd1963.o
st7558_display                                    display/st7558.o
                                                  board/compal_e88/init.o
strlen                                            lib/libmini.a(string.o)
                                                  ../../shared/libosmocore/build-target/src/gsm/.libs/libosmogsm.a(gsm_utils.o)
                                                  comm/libcomm.a(sercomm_cons.o)
                                                  lib/libmini.a(console.o)
strnlen                                           lib/libmini.a(string.o)
                                                  lib/libmini.a(vsprintf.o)
strtol                                            lib/libmini.a(vsprintf.o)
                                                  ../../shared/libosmocore/build-target/src/gsm/.libs/libosmogsm.a(gsm_utils.o)
strtoll                                           lib/libmini.a(vsprintf.o)
strtoul                                           lib/libmini.a(vsprintf.o)
strtoull                                          lib/libmini.a(vsprintf.o)
system_inherent_gain                              board/compal/rffe_dualband.o
                                                  rf/trf6151.o
tall_msgb_ctx                                     comm/libcomm.a(msgb.o)
                                                  ../../shared/libosmocore/build-target/src/.libs/libosmocore.a(msgb.o)
talloc_free                                       comm/libcomm.a(msgb.o)
                                                  ../../shared/libosmocore/build-target/src/.libs/libosmocore.a(msgb.o)
td014_display                                     display/td014.o
the_flash                                         apps/loader/main.o
timer_check                                       comm/libcomm.a(timer.o)
timer_init                                        comm/libcomm.a(timer.o)
                                                  board/compal_e88/init.o
timer_pending                                     comm/libcomm.a(timer.o)
tpu_clk_enable                                    calypso/libcalypso.a(tpu.o)
tpu_dsp_fameirq_pending                           calypso/libcalypso.a(tpu.o)
tpu_dsp_frameirq_enable                           calypso/libcalypso.a(tpu.o)
tpu_enable                                        calypso/libcalypso.a(tpu.o)
                                                  rf/trf6151.o
tpu_enqueue                                       calypso/libcalypso.a(tpu.o)
                                                  calypso/libcalypso.a(tsp.o)
                                                  rf/trf6151.o
                                                  abb/twl3025.o
tpu_force_dsp_frame_irq                           calypso/libcalypso.a(tpu.o)
tpu_frame_irq_en                                  calypso/libcalypso.a(tpu.o)
tpu_get_offset                                    calypso/libcalypso.a(tpu.o)
tpu_get_synchro                                   calypso/libcalypso.a(tpu.o)
tpu_init                                          calypso/libcalypso.a(tpu.o)
tpu_reset                                         calypso/libcalypso.a(tpu.o)
tpu_rewind                                        calypso/libcalypso.a(tpu.o)
tpu_test                                          calypso/libcalypso.a(tpu.o)
tpu_wait_idle                                     calypso/libcalypso.a(tpu.o)
                                                  rf/trf6151.o
trf6151_calib_dc_offs                             rf/trf6151.o
trf6151_compute_gain                              rf/trf6151.o
                                                  board/compal/rffe_dualband.o
trf6151_get_gain                                  rf/trf6151.o
                                                  board/compal/rffe_dualband.o
trf6151_get_gain_reg                              rf/trf6151.o
trf6151_init                                      rf/trf6151.o
                                                  board/compal/rffe_dualband.o
trf6151_power                                     rf/trf6151.o
trf6151_rx_window                                 rf/trf6151.o
trf6151_set_arfcn                                 rf/trf6151.o
trf6151_set_gain                                  rf/trf6151.o
                                                  board/compal/rffe_dualband.o
trf6151_set_gain_reg                              rf/trf6151.o
trf6151_set_mode                                  rf/trf6151.o
trf6151_test                                      rf/trf6151.o
trf6151_tx_test                                   rf/trf6151.o
trf6151_tx_window                                 rf/trf6151.o
tsp_act_disable                                   calypso/libcalypso.a(tsp.o)
                                                  calypso/libcalypso.a(tpu.o)
                                                  rf/trf6151.o
tsp_act_enable                                    calypso/libcalypso.a(tsp.o)
                                                  calypso/libcalypso.a(tpu.o)
                                                  rf/trf6151.o
tsp_act_state                                     calypso/libcalypso.a(tsp.o)
                                                  board/compal/rffe_dualband.o
tsp_act_toggle                                    calypso/libcalypso.a(tsp.o)
tsp_act_update                                    calypso/libcalypso.a(tsp.o)
                                                  board/compal/rffe_dualband.o
tsp_init                                          calypso/libcalypso.a(tsp.o)
tsp_setup                                         calypso/libcalypso.a(tsp.o)
                                                  board/compal/rffe_dualband.o
                                                  rf/trf6151.o
tsp_write                                         calypso/libcalypso.a(tsp.o)
                                                  rf/trf6151.o
                                                  abb/twl3025.o
twl3025_afc_get                                   abb/twl3025.o
twl3025_afc_set                                   abb/twl3025.o
twl3025_afcout_get                                abb/twl3025.o
twl3025_afcout_set                                abb/twl3025.o
twl3025_clk13m                                    abb/twl3025.o
twl3025_default_ramp                              abb/twl3025.o