Archive member included because of file (symbol)

calypso/libcalypso.a(clock.o)
                              fb/fb_st7558.o (calypso_reset_set)
calypso/libcalypso.a(dma.o)   board/compal_e88/init.o (dma_init)
calypso/libcalypso.a(i2c.o)   fb/fb_st7558.o (i2c_write)
calypso/libcalypso.a(irq.o)   abb/twl3025.o (irq_enable)
calypso/libcalypso.a(rtc.o)   board/compal_e88/init.o (rtc_init)
calypso/libcalypso.a(spi.o)   abb/twl3025.o (spi_init)
calypso/libcalypso.a(tpu.o)   rf/trf6151.o (tpu_enable)
calypso/libcalypso.a(tsp.o)   abb/twl3025.o (tsp_write)
calypso/libcalypso.a(keypad.o)
                              board/compal_e88/init.o (keypad_init)
calypso/libcalypso.a(timer.o)
                              board/compal_e88/init.o (hwtimer_init)
calypso/libcalypso.a(backlight.o)
                              board/compal_e88/init.o (bl_mode_pwl)
calypso/libcalypso.a(uart.o)  board/compal_e88/init.o (uart_init)
calypso/libcalypso.a(arm.o)   calypso/libcalypso.a(irq.o) (arm_enable_interrupts)
lib/libmini.a(vsprintf.o)     apps/loader/main.o (puts)
lib/libmini.a(string.o)       lib/libmini.a(vsprintf.o) (strnlen)
lib/libmini.a(ctype.o)        lib/libmini.a(vsprintf.o) (_ctype)
lib/libmini.a(printf.o)       apps/loader/main.o (printf)
lib/libmini.a(console.o)      board/compal_e88/init.o (cons_bind_uart)
lib/libmini.a(ctors.o)        board/compal/start.ram.o (do_global_ctors)
lib/libmini.a(delay.o)        calypso/libcalypso.a(tpu.o) (delay_us)
lib/libmini.a(div64.o)        lib/libmini.a(vsprintf.o) (__do_div64)
lib/libmini.a(lib1funcs.o)    rf/trf6151.o (__udivsi3)
lib/libmini.a(memcpy.o)       apps/loader/main.o (memcpy)
lib/libmini.a(memset.o)       lib/libmini.a(console.o) (memset)
comm/libcomm.a(sercomm.o)     apps/loader/main.o (sercomm_sendmsg)
comm/libcomm.a(sercomm_cons.o)
                              lib/libmini.a(vsprintf.o) (sercomm_puts)
comm/libcomm.a(timer.o)       calypso/libcalypso.a(keypad.o) (jiffies)
../../shared/libosmocore/build-target/src/.libs/libosmocore.a(msgb.o)
                              apps/loader/main.o (msgb_alloc)
../../shared/libosmocore/build-target/src/.libs/libosmocore.a(crc16.o)
                              apps/loader/main.o (osmo_crc16)
../../shared/libosmocore/build-target/src/.libs/libosmocore.a(panic.o)
                              apps/loader/main.o (osmo_panic)
../../shared/libosmocore/build-target/src/gsm/.libs/libosmogsm.a(gsm_utils.o)
                              rf/trf6151.o (gsm_arfcn2band)
comm/libcomm.a(msgb.o)        ../../shared/libosmocore/build-target/src/.libs/libosmocore.a(msgb.o) (_talloc_zero)

Allocating common symbols
Common symbol       size              file

tall_msgb_ctx       0x4               ../../shared/libosmocore/build-target/src/.libs/libosmocore.a(msgb.o)
battery_info        0x14              battery/compal_e88.o
the_flash           0x3c              apps/loader/main.o
jiffies             0x4               comm/libcomm.a(timer.o)
bat_compal_e88_madc
                    0x10              battery/compal_e88.o

Discarded input sections

 .text          0x0000000000000000        0x0 apps/loader/main.o
 .text          0x0000000000000000        0x0 abb/twl3025.o
 .data          0x0000000000000000        0x0 abb/twl3025.o
 .text.tpu_enq_at
                0x0000000000000000       0x34 abb/twl3025.o
 .text.tpu_enq_wait
                0x0000000000000000       0x14 abb/twl3025.o
 .text.twl3025_tsp_write
                0x0000000000000000       0x10 abb/twl3025.o
 .text.twl3025_downlink
                0x0000000000000000       0x98 abb/twl3025.o
 .text.twl3025_uplink
                0x0000000000000000       0xac abb/twl3025.o
 .text.twl3025_afc_set
                0x0000000000000000       0x64 abb/twl3025.o
 .text.twl3025_afc_get
                0x0000000000000000       0x40 abb/twl3025.o
 .text.twl3025_afcout_get
                0x0000000000000000       0x14 abb/twl3025.o
 .text.twl3025_afcout_set
                0x0000000000000000       0x24 abb/twl3025.o
 .rodata        0x0000000000000000       0x20 abb/twl3025.o
 .text          0x0000000000000000        0x0 rf/trf6151.o
 .data          0x0000000000000000       0x1c rf/trf6151.o
 .bss           0x0000000000000000        0x4 rf/trf6151.o
 .text.tpu_enq_at
                0x0000000000000000       0x34 rf/trf6151.o
 .text.tpu_enq_wait
                0x0000000000000000       0x14 rf/trf6151.o
 .text.trf6151_reg_write
                0x0000000000000000       0x38 rf/trf6151.o
 .text.trf6151_set_gain_reg
                0x0000000000000000       0x64 rf/trf6151.o
 .text.trf6151_set_gain
                0x0000000000000000       0x74 rf/trf6151.o
 .text.trf6151_power
                0x0000000000000000       0x64 rf/trf6151.o
 .text.trf6151_init
                0x0000000000000000       0x5c rf/trf6151.o
 .text.trf6151_set_mode
                0x0000000000000000       0x34 rf/trf6151.o
 .text.trf6151_set_arfcn
                0x0000000000000000      0x21c rf/trf6151.o
 .text.trf6151_calib_dc_offs
[...]
Memory Configuration

Name             Origin             Length             Attributes
XRAM             0x0000000000800000 0x0000000000020000 rw
RAM              0x0000000000820000 0x0000000000030000 rw
*default*        0x0000000000000000 0xffffffffffffffff

Linker script and memory map

                0x0000000000820000                . = 0x820000

.text.start     0x0000000000820000       0x6c
                0x0000000000820000                PROVIDE (_start, .)
 *(.text.start)
 .text.start    0x0000000000820000       0x6c board/compal/start.ram.o
                0x0000000000820000                _start
 *(.text.start)

.text.exceptions
                0x000000000080001c       0x1c load address 0x000000000082006c
 *(.text.exceptions)
 .text.exceptions
                0x000000000080001c       0x1c board/compal/exceptions_redirected.o
 *(.text.exceptions)
                0x0000000000800038                . = ALIGN (0x4)
                0x000000000082006c                PROVIDE (_exceptions, LOADADDR (.text.exceptions))
                0x0000000000800038                . = ALIGN (0x4)

.text           0x0000000000820088     0x4e9c
 *(.text*)
 .text.msgb_pull_u32
                0x0000000000820088       0x38 apps/loader/main.o
 .text.sercomm_alloc_msgb
                0x00000000008200c0       0x40 apps/loader/main.o
 .text.msgb_put
                0x0000000000820100       0x58 apps/loader/main.o
 .text.msgb_put_u8
                0x0000000000820158       0x18 apps/loader/main.o
 .text.loader_send_simple
                0x0000000000820170       0x24 apps/loader/main.o
 .text.msgb_put_u32
                0x0000000000820194       0x30 apps/loader/main.o
 .text.msgb_put_u16
                0x00000000008201c4       0x24 apps/loader/main.o
 .text.flush_uart
                0x00000000008201e8       0x30 apps/loader/main.o
 .text.key_handler
                0x0000000000820218       0x4c apps/loader/main.o
 .text.cmd_handler
                0x0000000000820264      0x5dc apps/loader/main.o
 .text.main     0x0000000000820840      0x238 apps/loader/main.o
                0x0000000000820840                main
 .text.twl3025_wait_ibic_access
                0x0000000000820a78        0x8 abb/twl3025.o
 .text.twl3025_reg_write
                0x0000000000820a80       0x58 abb/twl3025.o
                0x0000000000820a80                twl3025_reg_write
 .text.twl3025_switch_page
                0x0000000000820ad8       0x2c abb/twl3025.o
 .text.twl3025_reg_read
                0x0000000000820b04       0x74 abb/twl3025.o
                0x0000000000820b04                twl3025_reg_read
 .text.twl3025_power_off
                0x0000000000820b78       0x30 abb/twl3025.o
                0x0000000000820b78                twl3025_power_off
 .text.twl3025_irq
                0x0000000000820ba8       0x48 abb/twl3025.o
 .text.twl3025_clk13m
                0x0000000000820bf0       0x38 abb/twl3025.o
                0x0000000000820bf0                twl3025_clk13m
 .text.twl3025_unit_enable
                0x0000000000820c28       0x6c abb/twl3025.o
                0x0000000000820c28                twl3025_unit_enable
 .text.twl3025_init
                0x0000000000820c94       0x8c abb/twl3025.o
                0x0000000000820c94                twl3025_init
 .text          0x0000000000820d20       0xfc board/common/calypso_uart.o
                0x0000000000820d2c                phex
                0x0000000000820d60                puts_asm
                0x0000000000820d9c                putchar_asm
                0x0000000000820dac                memdump_asm
 .text.board_init
                0x0000000000820e1c      0x1c4 board/compal_e88/init.o
                0x0000000000820e1c                board_init
 .text.bat_compal_e88_goto_state
                0x0000000000820fe0      0x134 battery/compal_e88.o
 .text.battery_compal_e88_timer_cb
                0x0000000000821114      0x3b4 battery/compal_e88.o
 .text.battery_compal_e88_init
                0x00000000008214c8       0x30 battery/compal_e88.o
                0x00000000008214c8                battery_compal_e88_init
 .text.fb_font_get_char
                0x00000000008214f8       0x58 fb/font.o
                0x00000000008214f8                fb_font_get_char
 .text.fb_limit_fb_range
                0x0000000000821550       0x38 fb/fb_bw8.o
 .text.fb_bw8_update_damage
                0x0000000000821588       0xf0 fb/fb_bw8.o
 .text.set_fg_pixel
                0x0000000000821678       0x48 fb/fb_bw8.o
 .text.fb_bw8_clear
                0x00000000008216c0       0x80 fb/fb_bw8.o
                0x00000000008216c0                fb_bw8_clear
 .text.fb_bw8_lineto
                0x0000000000821740       0x60 fb/fb_bw8.o
                0x0000000000821740                fb_bw8_lineto
 .text.fb_bw8_boxto
                0x00000000008217a0      0x204 fb/fb_bw8.o
                0x00000000008217a0                fb_bw8_boxto
 .text.fb_bw8_putstr
                0x00000000008219a4      0x384 fb/fb_bw8.o
                0x00000000008219a4                fb_bw8_putstr
 .text.fb_st7558_flush
                0x0000000000821d28      0x104 fb/fb_st7558.o
 .text.fb_st7558_init
                0x0000000000821e2c       0x40 fb/fb_st7558.o
 .text          0x0000000000821e6c       0x90 board/compal/handlers.o
                0x0000000000821e6c                handle_abort
                0x0000000000821eac                irq_entry
                0x0000000000821ed4                fiq_entry
 .text.calypso_pll_set
                0x0000000000821efc       0x34 calypso/libcalypso.a(clock.o)
                0x0000000000821efc                calypso_pll_set
 .text.calypso_reset_set
                0x0000000000821f30       0x28 calypso/libcalypso.a(clock.o)
                0x0000000000821f30                calypso_reset_set
 .text.calypso_clock_set
                0x0000000000821f58       0x70 calypso/libcalypso.a(clock.o)
                0x0000000000821f58                calypso_clock_set
 .text.calypso_mem_cfg
                0x0000000000821fc8       0x24 calypso/libcalypso.a(clock.o)
                0x0000000000821fc8                calypso_mem_cfg
 .text.calypso_bootrom
                0x0000000000821fec       0x20 calypso/libcalypso.a(clock.o)
                0x0000000000821fec                calypso_bootrom
 .text.calypso_rhea_cfg
                0x000000000082200c       0x4c calypso/libcalypso.a(clock.o)
                0x000000000082200c                calypso_rhea_cfg
 .text.dma_init
                0x0000000000822058       0x10 calypso/libcalypso.a(dma.o)
                0x0000000000822058                dma_init
 .text.i2c_write
                0x0000000000822068       0x78 calypso/libcalypso.a(i2c.o)
                0x0000000000822068                i2c_write
 .text.i2c_init
                0x00000000008220e0       0x2c calypso/libcalypso.a(i2c.o)
                0x00000000008220e0                i2c_init
 .text._irq_enable
                0x000000000082210c       0x40 calypso/libcalypso.a(irq.o)
 .text.irq_enable
                0x000000000082214c        0x8 calypso/libcalypso.a(irq.o)
                0x000000000082214c                irq_enable
 .text.irq_disable
                0x0000000000822154        0x8 calypso/libcalypso.a(irq.o)
                0x0000000000822154                irq_disable
 .text.irq_config
                0x000000000082215c       0x48 calypso/libcalypso.a(irq.o)
                0x000000000082215c                irq_config
 .text.irq      0x00000000008221a4       0x3c calypso/libcalypso.a(irq.o)
                0x00000000008221a4                irq
 .text.fiq      0x00000000008221e0       0x3c calypso/libcalypso.a(irq.o)
                0x00000000008221e0                fiq
 .text.irq_register_handler
                0x000000000082221c       0x14 calypso/libcalypso.a(irq.o)
                0x000000000082221c                irq_register_handler
 .text.calypso_exceptions_install
                0x0000000000822230       0x34 calypso/libcalypso.a(irq.o)
                0x0000000000822230                calypso_exceptions_install
 .text.irq_init
                0x0000000000822264       0x5c calypso/libcalypso.a(irq.o)
                0x0000000000822264                irq_init
 .text.rtc_irq_tick
                0x00000000008222c0       0x18 calypso/libcalypso.a(rtc.o)
 .text.rtc_init
                0x00000000008222d8       0x54 calypso/libcalypso.a(rtc.o)
                0x00000000008222d8                rtc_init
 .text.spi_init
                0x000000000082232c       0x1c calypso/libcalypso.a(spi.o)
                0x000000000082232c                spi_init
 .text.spi_xfer
                0x0000000000822348      0x100 calypso/libcalypso.a(spi.o)
                0x0000000000822348                spi_xfer
 .text.keypad_irq
                0x0000000000822448       0x18 calypso/libcalypso.a(keypad.o)
 .text.emit_key
                0x0000000000822460       0x58 calypso/libcalypso.a(keypad.o)
                0x0000000000822460                emit_key
 .text.dispatch_buttons
                0x00000000008224b8       0xc4 calypso/libcalypso.a(keypad.o)
                0x00000000008224b8                dispatch_buttons
 .text.keypad_init
                0x000000000082257c       0x6c calypso/libcalypso.a(keypad.o)
                0x000000000082257c                keypad_init
 .text.keypad_set_handler
                0x00000000008225e8       0x10 calypso/libcalypso.a(keypad.o)
                0x00000000008225e8                keypad_set_handler
 .text.keypad_poll
                0x00000000008225f8      0x174 calypso/libcalypso.a(keypad.o)
                0x00000000008225f8                keypad_poll
 .text.hwtimer_enable
                0x000000000082276c       0x68 calypso/libcalypso.a(timer.o)
                0x000000000082276c                hwtimer_enable
 .text.hwtimer_config
                0x00000000008227d4       0x34 calypso/libcalypso.a(timer.o)
                0x00000000008227d4                hwtimer_config
 .text.hwtimer_load
                0x0000000000822808       0x28 calypso/libcalypso.a(timer.o)
                0x0000000000822808                hwtimer_load
 .text.hwtimer_init
                0x0000000000822830       0x1c calypso/libcalypso.a(timer.o)
                0x0000000000822830                hwtimer_init
 .text.wdog_reset
                0x000000000082284c       0x1c calypso/libcalypso.a(timer.o)
                0x000000000082284c                wdog_reset
 .text.bl_mode_pwl
                0x0000000000822868       0x3c calypso/libcalypso.a(backlight.o)
                0x0000000000822868                bl_mode_pwl
 .text.bl_level
                0x00000000008228a4       0x34 calypso/libcalypso.a(backlight.o)
                0x00000000008228a4                bl_level
 .text.uart_set_lcr7bit
                0x00000000008228d8       0x2c calypso/libcalypso.a(uart.o)
 .text.uart_set_lcr_bf
                0x0000000000822904       0x38 calypso/libcalypso.a(uart.o)
 .text.uart_set_mcr6bit
                0x000000000082293c       0x2c calypso/libcalypso.a(uart.o)
 .text.uart_reg_write
                0x0000000000822968       0xa0 calypso/libcalypso.a(uart.o)
 .text.uart_reg_read
                0x0000000000822a08       0xa0 calypso/libcalypso.a(uart.o)
 .text.uart_irq_handler_cons
                0x0000000000822aa8       0x5c calypso/libcalypso.a(uart.o)
 .text.uart_irq_enable
                0x0000000000822b04       0x50 calypso/libcalypso.a(uart.o)
                0x0000000000822b04                uart_irq_enable
 .text.uart_init
                0x0000000000822b54      0x188 calypso/libcalypso.a(uart.o)
                0x0000000000822b54                uart_init
 .text.uart_putchar_wait
                0x0000000000822cdc       0x30 calypso/libcalypso.a(uart.o)
                0x0000000000822cdc                uart_putchar_wait
 .text.uart_putchar_nb
                0x0000000000822d0c       0x30 calypso/libcalypso.a(uart.o)
                0x0000000000822d0c                uart_putchar_nb
 .text.uart_getchar_nb
                0x0000000000822d3c       0x88 calypso/libcalypso.a(uart.o)
                0x0000000000822d3c                uart_getchar_nb
 .text.uart_tx_busy
                0x0000000000822dc4       0x20 calypso/libcalypso.a(uart.o)
                0x0000000000822dc4                uart_tx_busy
 .text.uart_irq_handler_sercomm
                0x0000000000822de4      0x124 calypso/libcalypso.a(uart.o)
 .text.uart_poll
                0x0000000000822f08       0x2c calypso/libcalypso.a(uart.o)
                0x0000000000822f08                uart_poll
 .text.uart_baudrate
                0x0000000000822f34       0x68 calypso/libcalypso.a(uart.o)
                0x0000000000822f34                uart_baudrate
 .text.arm_enable_interrupts
                0x0000000000822f9c       0x10 calypso/libcalypso.a(arm.o)
                0x0000000000822f9c                arm_enable_interrupts
 .text.skip_atoi
                0x0000000000822fac       0x44 lib/libmini.a(vsprintf.o)
 .text.number   0x0000000000822ff0      0x254 lib/libmini.a(vsprintf.o)
 .text.vsnprintf
                0x0000000000823244      0x518 lib/libmini.a(vsprintf.o)
                0x0000000000823244                vsnprintf
 .text.puts     0x000000000082375c        0x4 lib/libmini.a(vsprintf.o)
                0x000000000082375c                puts
 .text.strnlen  0x0000000000823760       0x28 lib/libmini.a(string.o)
                0x0000000000823760                strnlen
 .text.strlen   0x0000000000823788       0x1c lib/libmini.a(string.o)
                0x0000000000823788                strlen
 .text.printf   0x00000000008237a4       0x44 lib/libmini.a(printf.o)
                0x00000000008237a4                printf
 .text.cons_rb_pull
                0x00000000008237e8       0x6c lib/libmini.a(console.o)
 .text.__cons_rb_append
                0x0000000000823854       0x70 lib/libmini.a(console.o)
 .text.cons_bind_uart
                0x00000000008238c4       0x18 lib/libmini.a(console.o)
                0x00000000008238c4                cons_bind_uart
 .text.cons_get_uart
                0x00000000008238dc       0x18 lib/libmini.a(console.o)
                0x00000000008238dc                cons_get_uart
 .text.cons_init
                0x00000000008238f4       0x40 lib/libmini.a(console.o)
                0x00000000008238f4                cons_init
 .text.cons_rb_flush
                0x0000000000823934       0x58 lib/libmini.a(console.o)
                0x0000000000823934                cons_rb_flush
 .text.cons_rb_append
                0x000000000082398c       0xe0 lib/libmini.a(console.o)
                0x000000000082398c                cons_rb_append
 .text.cons_puts
                0x0000000000823a6c       0x74 lib/libmini.a(console.o)
                0x0000000000823a6c                cons_puts
 .text.do_global_ctors
                0x0000000000823ae0       0x2c lib/libmini.a(ctors.o)
                0x0000000000823ae0                do_global_ctors
 .text.delay_ms
                0x0000000000823b0c       0x40 lib/libmini.a(delay.o)
                0x0000000000823b0c                delay_ms
 .text          0x0000000000823b4c      0x130 lib/libmini.a(div64.o)
                0x0000000000823b4c                __do_div64
 .text          0x0000000000823c7c      0x3d4 lib/libmini.a(lib1funcs.o)
                0x0000000000823c7c                __udivsi3
                0x0000000000823c7c                __aeabi_uidiv
                0x0000000000823d64                __umodsi3
                0x0000000000823e20                __aeabi_idiv
                0x0000000000823e20                __divsi3
                0x0000000000823f38                __modsi3
                0x000000000082400c                __aeabi_uidivmod
                0x0000000000824024                __aeabi_idivmod
                0x000000000082404c                __div0
 .text          0x0000000000824050      0x29c lib/libmini.a(memcpy.o)
                0x0000000000824050                memcpy
 *fill*         0x00000000008242ec       0x14 00
 .text          0x0000000000824300       0xc0 lib/libmini.a(memset.o)
                0x0000000000824320                memset
 .text.sercomm_sendmsg
                0x00000000008243c0       0x8c comm/libcomm.a(sercomm.o)
                0x00000000008243c0                sercomm_sendmsg
 .text.sercomm_alloc_msgb.clone.2
                0x000000000082444c       0x38 comm/libcomm.a(sercomm.o)
 .text.sercomm_bind_uart
                0x0000000000824484       0x10 comm/libcomm.a(sercomm.o)
                0x0000000000824484                sercomm_bind_uart
 .text.sercomm_get_uart
                0x0000000000824494       0x10 comm/libcomm.a(sercomm.o)
                0x0000000000824494                sercomm_get_uart
 .text.sercomm_initialized
                0x00000000008244a4       0x10 comm/libcomm.a(sercomm.o)
                0x00000000008244a4                sercomm_initialized
 .text.sercomm_tx_queue_depth
                0x00000000008244b4       0x34 comm/libcomm.a(sercomm.o)
                0x00000000008244b4                sercomm_tx_queue_depth
 .text.sercomm_drv_pull
                0x00000000008244e8      0x118 comm/libcomm.a(sercomm.o)
                0x00000000008244e8                sercomm_drv_pull
 .text.sercomm_register_rx_cb
                0x0000000000824600       0x34 comm/libcomm.a(sercomm.o)
                0x0000000000824600                sercomm_register_rx_cb
 .text.sercomm_init
                0x0000000000824634       0x50 comm/libcomm.a(sercomm.o)
                0x0000000000824634                sercomm_init
 .text.sercomm_drv_rx_char
                0x0000000000824684      0x1a8 comm/libcomm.a(sercomm.o)
                0x0000000000824684                sercomm_drv_rx_char
 .text.raw_puts
                0x000000000082482c       0x38 comm/libcomm.a(sercomm_cons.o)
 .text.sercomm_puts
                0x0000000000824864      0x178 comm/libcomm.a(sercomm_cons.o)
                0x0000000000824864                sercomm_puts
 .text.timer_irq
                0x00000000008249dc       0x18 comm/libcomm.a(timer.o)
 .text.osmo_timer_add
                0x00000000008249f4       0x54 comm/libcomm.a(timer.o)
                0x00000000008249f4                osmo_timer_add
 .text.osmo_timer_schedule
                0x0000000000824a48       0x34 comm/libcomm.a(timer.o)
                0x0000000000824a48                osmo_timer_schedule
 .text.timer_init
                0x0000000000824a7c       0x6c comm/libcomm.a(timer.o)
                0x0000000000824a7c                timer_init
 .text.msgb_alloc
                0x0000000000824ae8       0x4c ../../shared/libosmocore/build-target/src/.libs/libosmocore.a(msgb.o)
                0x0000000000824ae8                msgb_alloc
 .text.msgb_free
                0x0000000000824b34        0x4 ../../shared/libosmocore/build-target/src/.libs/libosmocore.a(msgb.o)
                0x0000000000824b34                msgb_free
 .text.msgb_enqueue
                0x0000000000824b38       0x18 ../../shared/libosmocore/build-target/src/.libs/libosmocore.a(msgb.o)
                0x0000000000824b38                msgb_enqueue
 .text.msgb_dequeue
                0x0000000000824b50       0x40 ../../shared/libosmocore/build-target/src/.libs/libosmocore.a(msgb.o)
                0x0000000000824b50                msgb_dequeue
 .text.osmo_crc16
                0x0000000000824b90       0x3c ../../shared/libosmocore/build-target/src/.libs/libosmocore.a(crc16.o)
                0x0000000000824b90                osmo_crc16
 .text.osmo_panic
                0x0000000000824bcc       0x40 ../../shared/libosmocore/build-target/src/.libs/libosmocore.a(panic.o)
                0x0000000000824bcc                osmo_panic
 .text._talloc_zero
                0x0000000000824c0c       0xa0 comm/libcomm.a(msgb.o)
                0x0000000000824c0c                _talloc_zero
 .text.talloc_free
                0x0000000000824cac        0xc comm/libcomm.a(msgb.o)
                0x0000000000824cac                talloc_free
 *(.ramtext*)
 .ramtext       0x0000000000824cb8      0x26c flash/cfi_flash.o
                0x0000000000824cb8                flash_block_getlock
                0x0000000000824ce8                flash_block_unlock
                0x0000000000824cfc                flash_block_lock
                0x0000000000824d48                flash_block_lockdown
                0x0000000000824d94                flash_block_erase
                0x0000000000824da8                flash_program
                0x0000000000824dec                flash_init
 *(.glue_7t)
 .glue_7t       0x0000000000000000        0x0 linker stubs
 *(.glue_7)
 .glue_7        0x0000000000000000        0x0 linker stubs
 *(.vfp11_veneer)
 .vfp11_veneer  0x0000000000000000        0x0 linker stubs
 *(.v4_bx)
 .v4_bx         0x0000000000000000        0x0 linker stubs
                0x0000000000824f24                . = ALIGN (0x4)
                0x0000000000820088                PROVIDE (_text_start, LOADADDR (.text))
                0x0000000000824f24                PROVIDE (_text_end, (LOADADDR (.text) + SIZEOF (.text)))

.ctors          0x0000000000824f24        0x8
                0x0000000000824f24        0x4 LONG 0x0 ((SIZEOF (.ctors) / 0x4) - 0x2)
 *(SORT(.ctors))
 *(SORT(.init_array))
                0x0000000000824f28        0x4 LONG 0x0
                0x0000000000824f24                PROVIDE (_ctor_start, LOADADDR (.ctors))
                0x0000000000824f2c                PROVIDE (_ctor_end, (LOADADDR (.ctors) + SIZEOF (.ctors)))

.dtors          0x0000000000824f2c        0x8
                0x0000000000824f2c        0x4 LONG 0x0 ((SIZEOF (.dtors) / 0x4) - 0x2)
 *(SORT(.dtors))
                0x0000000000824f30        0x4 LONG 0x0
                0x0000000000824f2c                PROVIDE (_dtor_start, LOADADDR (.dtors))
                0x0000000000824f34                PROVIDE (_dtor_end, (LOADADDR (.dtors) + SIZEOF (.dtors)))
                0x0000000000824f34                . = ALIGN (0x4)

.rodata         0x0000000000824f34     0x1a91
 *(.rodata*)
 .rodata        0x0000000000824f34        0x8 apps/loader/main.o
 .rodata.str1.1
                0x0000000000824f3c      0x1e9 apps/loader/main.o
 .rodata.str1.1
                0x0000000000825125       0x58 abb/twl3025.o
 .rodata.str1.1
                0x000000000082517d       0x37 flash/cfi_flash.o
 .rodata        0x00000000008251b4       0x18 board/compal_e88/init.o
 .rodata        0x00000000008251cc       0x28 battery/compal_e88.o
 .rodata.str1.1
                0x00000000008251f4      0x208 battery/compal_e88.o
 .rodata        0x00000000008253fc      0x4bc fb/helvR08.o
                0x00000000008253fc                font_helvR08
 .rodata        0x00000000008258b8      0x70c fb/helvB14.o
                0x00000000008258b8                font_helvB14
 .rodata        0x0000000000825fc4      0x5b0 fb/c64.o
                0x0000000000825fc4                font_c64
 .rodata        0x0000000000826574       0x9c fb/symbols.o
                0x0000000000826574                font_symbols
 .rodata        0x0000000000826610        0xc fb/fb_st7558.o
 .rodata.str1.1
                0x000000000082661c       0x39 board/compal_e88/loader.highram.manifest.o
                                         0x40 (size before relaxing)
 *fill*         0x0000000000826655        0x3 00
 .rodata        0x0000000000826658       0x18 calypso/libcalypso.a(irq.o)
 .rodata.str1.1
                0x0000000000826670       0x1c calypso/libcalypso.a(keypad.o)
 .rodata.str1.1
                0x000000000082668c       0x1f calypso/libcalypso.a(timer.o)
 *fill*         0x00000000008266ab        0x1 00
 .rodata        0x00000000008266ac       0x18 calypso/libcalypso.a(uart.o)
 .rodata.str1.1
                0x00000000008266c4       0x61 calypso/libcalypso.a(uart.o)
 *fill*         0x0000000000826725        0x3 00
 .rodata        0x0000000000826728       0x50 lib/libmini.a(vsprintf.o)
 .rodata.str1.1
                0x0000000000826778       0x33 comm/libcomm.a(sercomm.o)
                                         0x71 (size before relaxing)
 .rodata.str1.1
                0x0000000000000000       0x3e comm/libcomm.a(sercomm_cons.o)
 *fill*         0x00000000008267ab        0x1 00
 .rodata        0x00000000008267ac      0x200 ../../shared/libosmocore/build-target/src/.libs/libosmocore.a(crc16.o)
                0x00000000008267ac                osmo_crc16_table
 .rodata.str1.1
                0x00000000008269ac       0x19 comm/libcomm.a(msgb.o)
                0x0000000000824f34                PROVIDE (_rodata_start, LOADADDR (.rodata))
                0x00000000008269c5                PROVIDE (_rodata_end, (LOADADDR (.rodata) + SIZEOF (.rodata)))
                0x00000000008269c8                . = ALIGN (0x4)

.data           0x00000000008269c8      0x18c
 *(.data)
 .data          0x00000000008269c8        0x4 apps/loader/main.o
                0x00000000008269c8                hr
 .data          0x00000000008269cc       0x18 battery/compal_e88.o
 .data          0x00000000008269e4       0x10 fb/font.o
                0x00000000008269e4                fb_fonts
 .data          0x00000000008269f4       0x48 fb/fb_st7558.o
                0x00000000008269f4                fb_bw8
                0x00000000008269f8                framebuffer
 .data          0x0000000000826a3c       0x10 board/compal_e88/loader.highram.manifest.o
                0x0000000000826a3c                manifest_application
                0x0000000000826a40                manifest_revision
                0x0000000000826a44                manifest_board
                0x0000000000826a48                manifest_environment
 .data          0x0000000000826a4c      0x100 lib/libmini.a(ctype.o)
                0x0000000000826a4c                _ctype
 .data          0x0000000000826b4c        0x8 comm/libcomm.a(timer.o)
                0x00000000008269c8                PROVIDE (_data_start, LOADADDR (.data))
                0x0000000000826b54                PROVIDE (_data_end, (LOADADDR (.data) + SIZEOF (.data)))
                0x0000000000826b54                . = ALIGN (0x4)

.got            0x0000000000826b54        0x0
 *(.got)
 *(.got.plt)
 *(.igot.plt)
 *(.got)
 *(.igot)
                0x0000000000826b54                PROVIDE (_got_start, LOADADDR (.got))
                0x0000000000826b54                PROVIDE (_got_end, (LOADADDR (.got) + SIZEOF (.got)))

.bss            0x0000000000826b54     0x4850
                0x0000000000826b54                . = ALIGN (0x4)
                0x0000000000826b54                __bss_start = .
 *(.bss)
 .bss           0x0000000000826b54        0x8 apps/loader/main.o
                0x0000000000826b58                flag
 .bss           0x0000000000826b5c        0x4 abb/twl3025.o
 .bss           0x0000000000826b60        0x8 battery/compal_e88.o
 .bss           0x0000000000826b68      0x360 fb/fb_st7558.o
 .bss           0x0000000000826ec8       0x80 calypso/libcalypso.a(irq.o)
 .bss           0x0000000000826f48        0x4 calypso/libcalypso.a(rtc.o)
 .bss           0x0000000000826f4c       0x28 calypso/libcalypso.a(keypad.o)
                0x0000000000826f58                lastbuttons
                0x0000000000826f5c                power_hold
 .bss           0x0000000000826f74        0x1 calypso/libcalypso.a(uart.o)
 *fill*         0x0000000000826f75        0x3 00
 .bss           0x0000000000826f78      0x400 lib/libmini.a(printf.o)
 .bss           0x0000000000827378     0x1010 lib/libmini.a(console.o)
 .bss           0x0000000000828388      0x62c comm/libcomm.a(sercomm.o)
 .bss           0x00000000008289b4        0x4 comm/libcomm.a(sercomm_cons.o)
 .bss           0x00000000008289b8        0x4 ../../shared/libosmocore/build-target/src/.libs/libosmocore.a(panic.o)
 .bss           0x00000000008289bc     0x2980 comm/libcomm.a(msgb.o)
 COMMON         0x000000000082b33c       0x3c apps/loader/main.o
                0x000000000082b33c                the_flash
 COMMON         0x000000000082b378       0x24 battery/compal_e88.o
                0x000000000082b378                battery_info
                0x000000000082b38c                bat_compal_e88_madc
 COMMON         0x000000000082b39c        0x4 comm/libcomm.a(timer.o)
                0x000000000082b39c                jiffies
 COMMON         0x000000000082b3a0        0x4 ../../shared/libosmocore/build-target/src/.libs/libosmocore.a(msgb.o)
                0x000000000082b3a0                tall_msgb_ctx
                0x000000000082b3a4                . = ALIGN (0x4)
                0x000000000082b3a4                __bss_end = .
                0x0000000000826b54                PROVIDE (_bss_start, __bss_start)
                0x000000000082b3a4                PROVIDE (_bss_end, __bss_end)
                0x000000000082b3a4                . = ALIGN (0x4)
                0x000000000082b3a4                _end = .
                0x000000000082b3a4                PROVIDE (end, .)
START GROUP
LOAD apps/loader/main.o
LOAD abb/twl3025.o
LOAD rf/trf6151.o
LOAD flash/cfi_flash.o
LOAD board/common/calypso_uart.o
LOAD board/common/calypso_pwl.o
LOAD board/compal/rffe_dualband.o
LOAD board/compal/rf_power.o
LOAD board/compal_e88/init.o
LOAD battery/compal_e88.o
LOAD fb/framebuffer.o
LOAD fb/font.o
LOAD fb/helvR08.o
LOAD fb/helvB14.o
LOAD fb/c64.o
LOAD fb/symbols.o
LOAD fb/fb_bw8.o
LOAD fb/fb_st7558.o
LOAD board/compal/start.ram.o
LOAD board/compal/exceptions_redirected.o
LOAD board/compal/handlers.o
LOAD board/compal_e88/loader.highram.manifest.o
LOAD calypso/libcalypso.a
LOAD layer1/liblayer1.a
LOAD lib/libmini.a
LOAD comm/libcomm.a
LOAD ../../shared/libosmocore/build-target/src/.libs/libosmocore.a
LOAD ../../shared/libosmocore/build-target/src/gsm/.libs/libosmogsm.a
END GROUP
OUTPUT(board/compal_e88/loader.highram.elf elf32-littlearm)

.debug_abbrev   0x0000000000000000     0x39a8
 .debug_abbrev  0x0000000000000000      0x432 apps/loader/main.o
 .debug_abbrev  0x0000000000000432      0x2b1 abb/twl3025.o
 .debug_abbrev  0x00000000000006e3      0x2df rf/trf6151.o
 .debug_abbrev  0x00000000000009c2      0x324 flash/cfi_flash.o
 .debug_abbrev  0x0000000000000ce6      0x121 board/compal/rffe_dualband.o
 .debug_abbrev  0x0000000000000e07       0x72 board/compal/rf_power.o
 .debug_abbrev  0x0000000000000e79      0x15b board/compal_e88/init.o
 .debug_abbrev  0x0000000000000fd4      0x252 battery/compal_e88.o
 .debug_abbrev  0x0000000000001226       0xc0 fb/framebuffer.o
 .debug_abbrev  0x00000000000012e6       0xd9 fb/font.o
 .debug_abbrev  0x00000000000013bf       0xaf fb/helvR08.o
 .debug_abbrev  0x000000000000146e       0xaf fb/helvB14.o
 .debug_abbrev  0x000000000000151d       0xaf fb/c64.o
 .debug_abbrev  0x00000000000015cc       0x97 fb/symbols.o
 .debug_abbrev  0x0000000000001663      0x2dc fb/fb_bw8.o
 .debug_abbrev  0x000000000000193f      0x152 fb/fb_st7558.o
 .debug_abbrev  0x0000000000001a91       0x40 board/compal_e88/loader.highram.manifest.o
 .debug_abbrev  0x0000000000001ad1      0x154 calypso/libcalypso.a(clock.o)
 .debug_abbrev  0x0000000000001c25       0x43 calypso/libcalypso.a(dma.o)
 .debug_abbrev  0x0000000000001c68       0xfb calypso/libcalypso.a(i2c.o)
 .debug_abbrev  0x0000000000001d63      0x198 calypso/libcalypso.a(irq.o)
 .debug_abbrev  0x0000000000001efb       0x8c calypso/libcalypso.a(rtc.o)
 .debug_abbrev  0x0000000000001f87       0xd0 calypso/libcalypso.a(spi.o)
 .debug_abbrev  0x0000000000002057      0x27c calypso/libcalypso.a(tpu.o)
 .debug_abbrev  0x00000000000022d3      0x127 calypso/libcalypso.a(tsp.o)
 .debug_abbrev  0x00000000000023fa      0x164 calypso/libcalypso.a(keypad.o)
 .debug_abbrev  0x000000000000255e      0x10b calypso/libcalypso.a(timer.o)
 .debug_abbrev  0x0000000000002669       0xaa calypso/libcalypso.a(backlight.o)
 .debug_abbrev  0x0000000000002713      0x1f6 calypso/libcalypso.a(uart.o)
 .debug_abbrev  0x0000000000002909       0x78 calypso/libcalypso.a(arm.o)
 .debug_abbrev  0x0000000000002981      0x213 lib/libmini.a(vsprintf.o)
 .debug_abbrev  0x0000000000002b94       0xae lib/libmini.a(string.o)
 .debug_abbrev  0x0000000000002c42       0x53 lib/libmini.a(ctype.o)
 .debug_abbrev  0x0000000000002c95       0xaf lib/libmini.a(printf.o)
 .debug_abbrev  0x0000000000002d44      0x20b lib/libmini.a(console.o)
 .debug_abbrev  0x0000000000002f4f       0x7a lib/libmini.a(ctors.o)
 .debug_abbrev  0x0000000000002fc9       0x81 lib/libmini.a(delay.o)
 .debug_abbrev  0x000000000000304a      0x350 comm/libcomm.a(sercomm.o)
 .debug_abbrev  0x000000000000339a      0x24e comm/libcomm.a(sercomm_cons.o)
 .debug_abbrev  0x00000000000035e8      0x237 comm/libcomm.a(timer.o)
 .debug_abbrev  0x000000000000381f      0x189 comm/libcomm.a(msgb.o)

.debug_info     0x0000000000000000     0xa78c
 .debug_info    0x0000000000000000     0x12ae apps/loader/main.o
 .debug_info    0x00000000000012ae      0x784 abb/twl3025.o
 .debug_info    0x0000000000001a32      0xa18 rf/trf6151.o
 .debug_info    0x000000000000244a      0xa9e flash/cfi_flash.o
 .debug_info    0x0000000000002ee8      0x2ab board/compal/rffe_dualband.o
 .debug_info    0x0000000000003193       0xce board/compal/rf_power.o
 .debug_info    0x0000000000003261      0x47b board/compal_e88/init.o
 .debug_info    0x00000000000036dc      0x6ef battery/compal_e88.o
 .debug_info    0x0000000000003dcb      0x1f4 fb/framebuffer.o
 .debug_info    0x0000000000003fbf      0x275 fb/font.o
 .debug_info    0x0000000000004234      0x17f fb/helvR08.o
 .debug_info    0x00000000000043b3      0x17f fb/helvB14.o
 .debug_info    0x0000000000004532      0x17f fb/c64.o
 .debug_info    0x00000000000046b1      0x17c fb/symbols.o
 .debug_info    0x000000000000482d      0xac4 fb/fb_bw8.o
 .debug_info    0x00000000000052f1      0x39f fb/fb_st7558.o
 .debug_info    0x0000000000005690       0x80 board/compal_e88/loader.highram.manifest.o
 .debug_info    0x0000000000005710      0x44d calypso/libcalypso.a(clock.o)
 .debug_info    0x0000000000005b5d       0x57 calypso/libcalypso.a(dma.o)
 .debug_info    0x0000000000005bb4      0x1b9 calypso/libcalypso.a(i2c.o)
 .debug_info    0x0000000000005d6d      0x480 calypso/libcalypso.a(irq.o)
 .debug_info    0x00000000000061ed      0x1d1 calypso/libcalypso.a(rtc.o)
 .debug_info    0x00000000000063be      0x188 calypso/libcalypso.a(spi.o)
 .debug_info    0x0000000000006546      0x57d calypso/libcalypso.a(tpu.o)
 .debug_info    0x0000000000006ac3      0x35d calypso/libcalypso.a(tsp.o)
 .debug_info    0x0000000000006e20      0x461 calypso/libcalypso.a(keypad.o)
 .debug_info    0x0000000000007281      0x320 calypso/libcalypso.a(timer.o)
 .debug_info    0x00000000000075a1       0xf9 calypso/libcalypso.a(backlight.o)
 .debug_info    0x000000000000769a      0x719 calypso/libcalypso.a(uart.o)
 .debug_info    0x0000000000007db3       0x91 calypso/libcalypso.a(arm.o)
 .debug_info    0x0000000000007e44      0x9fa lib/libmini.a(vsprintf.o)
 .debug_info    0x000000000000883e      0x131 lib/libmini.a(string.o)
 .debug_info    0x000000000000896f       0x63 lib/libmini.a(ctype.o)
 .debug_info    0x00000000000089d2      0x109 lib/libmini.a(printf.o)
 .debug_info    0x0000000000008adb      0x3a5 lib/libmini.a(console.o)
 .debug_info    0x0000000000008e80       0xab lib/libmini.a(ctors.o)
 .debug_info    0x0000000000008f2b       0x9a lib/libmini.a(delay.o)
 .debug_info    0x0000000000008fc5      0x949 comm/libcomm.a(sercomm.o)
 .debug_info    0x000000000000990e      0x589 comm/libcomm.a(sercomm_cons.o)
 .debug_info    0x0000000000009e97      0x5ca comm/libcomm.a(timer.o)
 .debug_info    0x000000000000a461      0x32b comm/libcomm.a(msgb.o)

.debug_line     0x0000000000000000     0x3be9
 .debug_line    0x0000000000000000      0x553 apps/loader/main.o
 .debug_line    0x0000000000000553      0x2cb abb/twl3025.o
 .debug_line    0x000000000000081e      0x377 rf/trf6151.o
 .debug_line    0x0000000000000b95      0x1e6 flash/cfi_flash.o
 .debug_line    0x0000000000000d7b      0x1a2 board/compal/rffe_dualband.o
 .debug_line    0x0000000000000f1d       0x96 board/compal/rf_power.o
 .debug_line    0x0000000000000fb3      0x184 board/compal_e88/init.o
 .debug_line    0x0000000000001137      0x1ea battery/compal_e88.o
 .debug_line    0x0000000000001321       0xa1 fb/framebuffer.o
 .debug_line    0x00000000000013c2       0xbd fb/font.o
 .debug_line    0x000000000000147f       0xa0 fb/helvR08.o
 .debug_line    0x000000000000151f       0xa0 fb/helvB14.o
 .debug_line    0x00000000000015bf       0x9c fb/c64.o
 .debug_line    0x000000000000165b       0xa0 fb/symbols.o
 .debug_line    0x00000000000016fb      0x322 fb/fb_bw8.o
 .debug_line    0x0000000000001a1d      0x149 fb/fb_st7558.o
 .debug_line    0x0000000000001b66       0x31 board/compal_e88/loader.highram.manifest.o
 .debug_line    0x0000000000001b97      0x1a4 calypso/libcalypso.a(clock.o)
 .debug_line    0x0000000000001d3b       0x3f calypso/libcalypso.a(dma.o)
 .debug_line    0x0000000000001d7a       0xcf calypso/libcalypso.a(i2c.o)
 .debug_line    0x0000000000001e49      0x192 calypso/libcalypso.a(irq.o)
 .debug_line    0x0000000000001fdb       0x6f calypso/libcalypso.a(rtc.o)
 .debug_line    0x000000000000204a       0xe8 calypso/libcalypso.a(spi.o)
 .debug_line    0x0000000000002132      0x27c calypso/libcalypso.a(tpu.o)
 .debug_line    0x00000000000023ae      0x18c calypso/libcalypso.a(tsp.o)
 .debug_line    0x000000000000253a      0x19c calypso/libcalypso.a(keypad.o)
 .debug_line    0x00000000000026d6      0x15d calypso/libcalypso.a(timer.o)
 .debug_line    0x0000000000002833       0xcb calypso/libcalypso.a(backlight.o)
 .debug_line    0x00000000000028fe      0x293 calypso/libcalypso.a(uart.o)
 .debug_line    0x0000000000002b91       0x4f calypso/libcalypso.a(arm.o)
 .debug_line    0x0000000000002be0      0x57a lib/libmini.a(vsprintf.o)
 .debug_line    0x000000000000315a       0xb9 lib/libmini.a(string.o)
 .debug_line    0x0000000000003213       0x3f lib/libmini.a(ctype.o)
 .debug_line    0x0000000000003252       0x87 lib/libmini.a(printf.o)
 .debug_line    0x00000000000032d9      0x149 lib/libmini.a(console.o)
 .debug_line    0x0000000000003422       0x47 lib/libmini.a(ctors.o)
 .debug_line    0x0000000000003469       0x66 lib/libmini.a(delay.o)
 .debug_line    0x00000000000034cf      0x2c5 comm/libcomm.a(sercomm.o)
 .debug_line    0x0000000000003794      0x1a0 comm/libcomm.a(sercomm_cons.o)
 .debug_line    0x0000000000003934      0x1ad comm/libcomm.a(timer.o)
 .debug_line    0x0000000000003ae1      0x108 comm/libcomm.a(msgb.o)

.debug_loc      0x0000000000000000     0x5eb9
 .debug_loc     0x0000000000000000      0x93c apps/loader/main.o
 .debug_loc     0x000000000000093c      0x413 abb/twl3025.o
 .debug_loc     0x0000000000000d4f      0x784 rf/trf6151.o
 .debug_loc     0x00000000000014d3      0x60c flash/cfi_flash.o
 .debug_loc     0x0000000000001adf      0x153 board/compal/rffe_dualband.o
 .debug_loc     0x0000000000001c32       0x99 board/compal_e88/init.o
 .debug_loc     0x0000000000001ccb      0x133 battery/compal_e88.o
 .debug_loc     0x0000000000001dfe       0x4f fb/font.o
 .debug_loc     0x0000000000001e4d      0x93d fb/fb_bw8.o
 .debug_loc     0x000000000000278a       0xcb fb/fb_st7558.o
 .debug_loc     0x0000000000002855      0x297 calypso/libcalypso.a(clock.o)
 .debug_loc     0x0000000000002aec       0xee calypso/libcalypso.a(i2c.o)
 .debug_loc     0x0000000000002bda      0x215 calypso/libcalypso.a(irq.o)
 .debug_loc     0x0000000000002def       0x20 calypso/libcalypso.a(rtc.o)
 .debug_loc     0x0000000000002e0f      0x155 calypso/libcalypso.a(spi.o)
 .debug_loc     0x0000000000002f64      0x31e calypso/libcalypso.a(tpu.o)
 .debug_loc     0x0000000000003282      0x153 calypso/libcalypso.a(tsp.o)
 .debug_loc     0x00000000000033d5      0x174 calypso/libcalypso.a(keypad.o)
 .debug_loc     0x0000000000003549      0x154 calypso/libcalypso.a(timer.o)
 .debug_loc     0x000000000000369d       0x44 calypso/libcalypso.a(backlight.o)
 .debug_loc     0x00000000000036e1      0x4b2 calypso/libcalypso.a(uart.o)
 .debug_loc     0x0000000000003b93     0x1604 lib/libmini.a(vsprintf.o)
 .debug_loc     0x0000000000005197       0x8b lib/libmini.a(string.o)
 .debug_loc     0x0000000000005222       0x4a lib/libmini.a(printf.o)
 .debug_loc     0x000000000000526c      0x23b lib/libmini.a(console.o)
 .debug_loc     0x00000000000054a7       0x7b lib/libmini.a(ctors.o)
 .debug_loc     0x0000000000005522       0xa9 lib/libmini.a(delay.o)
 .debug_loc     0x00000000000055cb      0x2fc comm/libcomm.a(sercomm.o)
 .debug_loc     0x00000000000058c7      0x2ea comm/libcomm.a(sercomm_cons.o)
 .debug_loc     0x0000000000005bb1      0x291 comm/libcomm.a(timer.o)
 .debug_loc     0x0000000000005e42       0x77 comm/libcomm.a(msgb.o)

.debug_pubnames
                0x0000000000000000     0x10b3
 .debug_pubnames
                0x0000000000000000       0x39 apps/loader/main.o
 .debug_pubnames
                0x0000000000000039      0x13c abb/twl3025.o
 .debug_pubnames
                0x0000000000000175      0x164 rf/trf6151.o
 .debug_pubnames
                0x00000000000002d9       0xa6 flash/cfi_flash.o
 .debug_pubnames
                0x000000000000037f       0xd6 board/compal/rffe_dualband.o
 .debug_pubnames
                0x0000000000000455       0x3c board/compal/rf_power.o
 .debug_pubnames
                0x0000000000000491       0x21 board/compal_e88/init.o
 .debug_pubnames
                0x00000000000004b2       0x57 battery/compal_e88.o
 .debug_pubnames
                0x0000000000000509       0x34 fb/font.o
 .debug_pubnames
                0x000000000000053d       0x23 fb/helvR08.o
 .debug_pubnames
                0x0000000000000560       0x23 fb/helvB14.o
 .debug_pubnames
                0x0000000000000583       0x1f fb/c64.o
 .debug_pubnames
                0x00000000000005a2       0x23 fb/symbols.o
 .debug_pubnames
                0x00000000000005c5       0x6b fb/fb_bw8.o
 .debug_pubnames
                0x0000000000000630       0x2d fb/fb_st7558.o
 .debug_pubnames
                0x000000000000065d       0x6d board/compal_e88/loader.highram.manifest.o
 .debug_pubnames
                0x00000000000006ca       0xd0 calypso/libcalypso.a(clock.o)
 .debug_pubnames
                0x000000000000079a       0x1f calypso/libcalypso.a(dma.o)
 .debug_pubnames
                0x00000000000007b9       0x2d calypso/libcalypso.a(i2c.o)
 .debug_pubnames
                0x00000000000007e6       0x95 calypso/libcalypso.a(irq.o)
 .debug_pubnames
                0x000000000000087b       0x1f calypso/libcalypso.a(rtc.o)
 .debug_pubnames
                0x000000000000089a       0x2c calypso/libcalypso.a(spi.o)
 .debug_pubnames
                0x00000000000008c6      0x12d calypso/libcalypso.a(tpu.o)
 .debug_pubnames
                0x00000000000009f3       0x9a calypso/libcalypso.a(tsp.o)
 .debug_pubnames
                0x0000000000000a8d       0x8a calypso/libcalypso.a(keypad.o)
 .debug_pubnames
                0x0000000000000b17       0x8a calypso/libcalypso.a(timer.o)
 .debug_pubnames
                0x0000000000000ba1       0x2f calypso/libcalypso.a(backlight.o)
 .debug_pubnames
                0x0000000000000bd0       0xa3 calypso/libcalypso.a(uart.o)
 .debug_pubnames
                0x0000000000000c73       0x47 calypso/libcalypso.a(arm.o)
 .debug_pubnames
                0x0000000000000cba       0xb3 lib/libmini.a(vsprintf.o)
 .debug_pubnames
                0x0000000000000d6d       0x29 lib/libmini.a(string.o)
 .debug_pubnames
                0x0000000000000d96       0x1d lib/libmini.a(ctype.o)
 .debug_pubnames
                0x0000000000000db3       0x1d lib/libmini.a(printf.o)
 .debug_pubnames
                0x0000000000000dd0       0x89 lib/libmini.a(console.o)
 .debug_pubnames
                0x0000000000000e59       0x26 lib/libmini.a(ctors.o)
 .debug_pubnames
                0x0000000000000e7f       0x2c lib/libmini.a(delay.o)
 .debug_pubnames
                0x0000000000000eab       0xdd comm/libcomm.a(sercomm.o)
 .debug_pubnames
                0x0000000000000f88       0x37 comm/libcomm.a(sercomm_cons.o)
 .debug_pubnames
                0x0000000000000fbf       0xaf comm/libcomm.a(timer.o)
 .debug_pubnames
                0x000000000000106e       0x45 comm/libcomm.a(msgb.o)

.debug_pubtypes
                0x0000000000000000      0xec6
 .debug_pubtypes
                0x0000000000000000      0x101 apps/loader/main.o
 .debug_pubtypes
                0x0000000000000101       0xa2 abb/twl3025.o
 .debug_pubtypes
                0x00000000000001a3       0xa3 rf/trf6151.o
 .debug_pubtypes
                0x0000000000000246      0x109 flash/cfi_flash.o
 .debug_pubtypes
                0x000000000000034f       0x5f board/compal/rffe_dualband.o
 .debug_pubtypes
                0x00000000000003ae       0x1e board/compal/rf_power.o
 .debug_pubtypes
                0x00000000000003cc       0xce board/compal_e88/init.o
 .debug_pubtypes
                0x000000000000049a      0x139 battery/compal_e88.o
 .debug_pubtypes
                0x00000000000005d3       0x4b fb/framebuffer.o
 .debug_pubtypes
                0x000000000000061e       0x4e fb/font.o
 .debug_pubtypes
                0x000000000000066c       0x42 fb/helvR08.o
 .debug_pubtypes
                0x00000000000006ae       0x42 fb/helvB14.o
 .debug_pubtypes
                0x00000000000006f0       0x42 fb/c64.o
 .debug_pubtypes
                0x0000000000000732       0x42 fb/symbols.o
 .debug_pubtypes
                0x0000000000000774       0x85 fb/fb_bw8.o
 .debug_pubtypes
                0x00000000000007f9       0x72 fb/fb_st7558.o
 .debug_pubtypes
                0x000000000000086b       0x97 calypso/libcalypso.a(clock.o)
 .debug_pubtypes
                0x0000000000000902       0x1e calypso/libcalypso.a(dma.o)
 .debug_pubtypes
                0x0000000000000920       0x37 calypso/libcalypso.a(i2c.o)
 .debug_pubtypes
                0x0000000000000957       0x6a calypso/libcalypso.a(irq.o)
 .debug_pubtypes
                0x00000000000009c1       0x29 calypso/libcalypso.a(rtc.o)
 .debug_pubtypes
                0x00000000000009ea       0x45 calypso/libcalypso.a(spi.o)
 .debug_pubtypes
                0x0000000000000a2f       0x89 calypso/libcalypso.a(tpu.o)
 .debug_pubtypes
                0x0000000000000ab8       0x6a calypso/libcalypso.a(tsp.o)
 .debug_pubtypes
                0x0000000000000b22       0x72 calypso/libcalypso.a(keypad.o)
 .debug_pubtypes
                0x0000000000000b94       0x6d calypso/libcalypso.a(timer.o)
 .debug_pubtypes
                0x0000000000000c01       0x37 calypso/libcalypso.a(backlight.o)
 .debug_pubtypes
                0x0000000000000c38       0x7c calypso/libcalypso.a(uart.o)
 .debug_pubtypes
                0x0000000000000cb4       0x3c lib/libmini.a(vsprintf.o)
 .debug_pubtypes
                0x0000000000000cf0       0x1d lib/libmini.a(string.o)
 .debug_pubtypes
                0x0000000000000d0d       0x31 lib/libmini.a(printf.o)
 .debug_pubtypes
                0x0000000000000d3e       0x28 lib/libmini.a(console.o)
 .debug_pubtypes
                0x0000000000000d66       0x7c comm/libcomm.a(sercomm.o)
 .debug_pubtypes
                0x0000000000000de2       0x54 comm/libcomm.a(sercomm_cons.o)
 .debug_pubtypes
                0x0000000000000e36       0x40 comm/libcomm.a(timer.o)
 .debug_pubtypes
                0x0000000000000e76       0x50 comm/libcomm.a(msgb.o)

.debug_aranges  0x0000000000000000      0x9d8
 .debug_aranges
                0x0000000000000000       0x70 apps/loader/main.o
 .debug_aranges
                0x0000000000000070       0xa8 abb/twl3025.o
 .debug_aranges
                0x0000000000000118       0xa8 rf/trf6151.o
 .debug_aranges
                0x00000000000001c0       0x50 flash/cfi_flash.o
 .debug_aranges
                0x0000000000000210       0x60 board/compal/rffe_dualband.o
 .debug_aranges
                0x0000000000000270       0x20 board/compal_e88/init.o
 .debug_aranges
                0x0000000000000290       0x30 battery/compal_e88.o
 .debug_aranges
                0x00000000000002c0       0x20 fb/font.o
 .debug_aranges
                0x00000000000002e0       0x58 fb/fb_bw8.o
 .debug_aranges
                0x0000000000000338       0x28 fb/fb_st7558.o
 .debug_aranges
                0x0000000000000360       0x68 calypso/libcalypso.a(clock.o)
 .debug_aranges
                0x00000000000003c8       0x20 calypso/libcalypso.a(dma.o)
 .debug_aranges
                0x00000000000003e8       0x28 calypso/libcalypso.a(i2c.o)
 .debug_aranges
                0x0000000000000410       0x60 calypso/libcalypso.a(irq.o)
 .debug_aranges
                0x0000000000000470       0x28 calypso/libcalypso.a(rtc.o)
 .debug_aranges
                0x0000000000000498       0x28 calypso/libcalypso.a(spi.o)
 .debug_aranges
                0x00000000000004c0       0x98 calypso/libcalypso.a(tpu.o)
 .debug_aranges
                0x0000000000000558       0x60 calypso/libcalypso.a(tsp.o)
 .debug_aranges
                0x00000000000005b8       0x48 calypso/libcalypso.a(keypad.o)
 .debug_aranges
                0x0000000000000600       0x58 calypso/libcalypso.a(timer.o)
 .debug_aranges
                0x0000000000000658       0x28 calypso/libcalypso.a(backlight.o)
 .debug_aranges
                0x0000000000000680       0x90 calypso/libcalypso.a(uart.o)
 .debug_aranges
                0x0000000000000710       0x28 calypso/libcalypso.a(arm.o)
 .debug_aranges
                0x0000000000000738       0x98 lib/libmini.a(vsprintf.o)
 .debug_aranges
                0x00000000000007d0       0x28 lib/libmini.a(string.o)
 .debug_aranges
                0x00000000000007f8       0x20 lib/libmini.a(printf.o)
 .debug_aranges
                0x0000000000000818       0x60 lib/libmini.a(console.o)
 .debug_aranges
                0x0000000000000878       0x20 lib/libmini.a(ctors.o)
 .debug_aranges
                0x0000000000000898       0x28 lib/libmini.a(delay.o)
 .debug_aranges
                0x00000000000008c0       0x68 comm/libcomm.a(sercomm.o)
 .debug_aranges
                0x0000000000000928       0x30 comm/libcomm.a(sercomm_cons.o)
 .debug_aranges
                0x0000000000000958       0x58 comm/libcomm.a(timer.o)
 .debug_aranges
                0x00000000000009b0       0x28 comm/libcomm.a(msgb.o)

.debug_ranges   0x0000000000000000      0xfb8
 .debug_ranges  0x0000000000000000      0x418 apps/loader/main.o
 .debug_ranges  0x0000000000000418       0xc8 abb/twl3025.o
 .debug_ranges  0x00000000000004e0       0x98 rf/trf6151.o
 .debug_ranges  0x0000000000000578      0x110 flash/cfi_flash.o
 .debug_ranges  0x0000000000000688       0x50 board/compal/rffe_dualband.o
 .debug_ranges  0x00000000000006d8       0x10 board/compal_e88/init.o
 .debug_ranges  0x00000000000006e8       0xb0 battery/compal_e88.o
 .debug_ranges  0x0000000000000798       0x10 fb/font.o
 .debug_ranges  0x00000000000007a8      0x170 fb/fb_bw8.o
 .debug_ranges  0x0000000000000918       0x18 fb/fb_st7558.o
 .debug_ranges  0x0000000000000930       0x58 calypso/libcalypso.a(clock.o)
 .debug_ranges  0x0000000000000988       0x10 calypso/libcalypso.a(dma.o)
 .debug_ranges  0x0000000000000998       0x18 calypso/libcalypso.a(i2c.o)
 .debug_ranges  0x00000000000009b0       0x50 calypso/libcalypso.a(irq.o)
 .debug_ranges  0x0000000000000a00       0x18 calypso/libcalypso.a(rtc.o)
 .debug_ranges  0x0000000000000a18       0x18 calypso/libcalypso.a(spi.o)
 .debug_ranges  0x0000000000000a30       0xd0 calypso/libcalypso.a(tpu.o)
 .debug_ranges  0x0000000000000b00       0x50 calypso/libcalypso.a(tsp.o)
 .debug_ranges  0x0000000000000b50       0x38 calypso/libcalypso.a(keypad.o)
 .debug_ranges  0x0000000000000b88       0x48 calypso/libcalypso.a(timer.o)
 .debug_ranges  0x0000000000000bd0       0x18 calypso/libcalypso.a(backlight.o)
 .debug_ranges  0x0000000000000be8       0x98 calypso/libcalypso.a(uart.o)
 .debug_ranges  0x0000000000000c80       0x18 calypso/libcalypso.a(arm.o)
 .debug_ranges  0x0000000000000c98       0xd0 lib/libmini.a(vsprintf.o)
 .debug_ranges  0x0000000000000d68       0x18 lib/libmini.a(string.o)
 .debug_ranges  0x0000000000000d80       0x10 lib/libmini.a(printf.o)
 .debug_ranges  0x0000000000000d90       0x68 lib/libmini.a(console.o)
 .debug_ranges  0x0000000000000df8       0x10 lib/libmini.a(ctors.o)
 .debug_ranges  0x0000000000000e08       0x18 lib/libmini.a(delay.o)
 .debug_ranges  0x0000000000000e20       0xb8 comm/libcomm.a(sercomm.o)
 .debug_ranges  0x0000000000000ed8       0x50 comm/libcomm.a(sercomm_cons.o)
 .debug_ranges  0x0000000000000f28       0x78 comm/libcomm.a(timer.o)
 .debug_ranges  0x0000000000000fa0       0x18 comm/libcomm.a(msgb.o)

.debug_str      0x0000000000000000     0x3435
 .debug_str     0x0000000000000000      0x6b4 apps/loader/main.o
                                        0x7bd (size before relaxing)
 .debug_str     0x00000000000006b4      0x5f0 abb/twl3025.o
                                        0x6f8 (size before relaxing)
 .debug_str     0x0000000000000ca4      0x3f4 rf/trf6151.o
                                        0x5c8 (size before relaxing)
 .debug_str     0x0000000000001098      0x4ed flash/cfi_flash.o
                                        0x6a7 (size before relaxing)
 .debug_str     0x0000000000001585       0xab board/compal/rffe_dualband.o
                                        0x288 (size before relaxing)
 .debug_str     0x0000000000001630       0x3a board/compal/rf_power.o
                                        0x107 (size before relaxing)
 .debug_str     0x000000000000166a      0x26d board/compal_e88/init.o
                                        0x4ec (size before relaxing)
 .debug_str     0x00000000000018d7      0x391 battery/compal_e88.o
                                        0x712 (size before relaxing)
 .debug_str     0x0000000000001c68       0x11 fb/framebuffer.o
                                        0x19b (size before relaxing)
 .debug_str     0x0000000000001c79       0xb3 fb/font.o
                                        0x1a7 (size before relaxing)
 .debug_str     0x0000000000001d2c       0x34 fb/helvR08.o
                                        0x160 (size before relaxing)
 .debug_str     0x0000000000001d60       0x34 fb/helvB14.o
                                        0x160 (size before relaxing)
 .debug_str     0x0000000000001d94       0x28 fb/c64.o
                                        0x150 (size before relaxing)
 .debug_str     0x0000000000001dbc       0x34 fb/symbols.o
                                        0x160 (size before relaxing)
 .debug_str     0x0000000000001df0      0x194 fb/fb_bw8.o
                                        0x3a9 (size before relaxing)
 .debug_str     0x0000000000001f84       0xa2 fb/fb_st7558.o
                                        0x26f (size before relaxing)
 .debug_str     0x0000000000002026       0x38 board/compal_e88/loader.highram.manifest.o
                                         0x9d (size before relaxing)
 .debug_str     0x000000000000205e      0x161 calypso/libcalypso.a(clock.o)
                                        0x3e0 (size before relaxing)
 .debug_str     0x00000000000021bf       0x3c calypso/libcalypso.a(dma.o)
                                         0x78 (size before relaxing)
 .debug_str     0x00000000000021fb       0xc5 calypso/libcalypso.a(i2c.o)
                                        0x1b1 (size before relaxing)
 .debug_str     0x00000000000022c0      0x112 calypso/libcalypso.a(irq.o)
                                        0x35a (size before relaxing)
 .debug_str     0x00000000000023d2       0xe4 calypso/libcalypso.a(rtc.o)
                                        0x30a (size before relaxing)
 .debug_str     0x00000000000024b6       0xb2 calypso/libcalypso.a(spi.o)
                                        0x191 (size before relaxing)
 .debug_str     0x0000000000002568      0x27e calypso/libcalypso.a(tpu.o)
                                        0x401 (size before relaxing)
 .debug_str     0x00000000000027e6      0x1a1 calypso/libcalypso.a(tsp.o)
                                        0x315 (size before relaxing)
 .debug_str     0x0000000000002987       0xd8 calypso/libcalypso.a(keypad.o)
                                        0x3f2 (size before relaxing)
 .debug_str     0x0000000000002a5f      0x145 calypso/libcalypso.a(timer.o)
                                        0x35e (size before relaxing)
 .debug_str     0x0000000000002ba4       0x44 calypso/libcalypso.a(backlight.o)
                                        0x11b (size before relaxing)
 .debug_str     0x0000000000002be8      0x28e calypso/libcalypso.a(uart.o)
                                        0x4fb (size before relaxing)
 .debug_str     0x0000000000002e76       0x3b calypso/libcalypso.a(arm.o)
                                         0x8e (size before relaxing)
 .debug_str     0x0000000000002eb1      0x111 lib/libmini.a(vsprintf.o)
                                        0x232 (size before relaxing)
 .debug_str     0x0000000000002fc2       0x1c lib/libmini.a(string.o)
                                         0xf5 (size before relaxing)
 .debug_str     0x0000000000002fde        0xc lib/libmini.a(ctype.o)
                                         0x6f (size before relaxing)
 .debug_str     0x0000000000002fea       0x1b lib/libmini.a(printf.o)
                                        0x115 (size before relaxing)
 .debug_str     0x0000000000003005       0xdc lib/libmini.a(console.o)
                                        0x20a (size before relaxing)
 .debug_str     0x00000000000030e1       0x41 lib/libmini.a(ctors.o)
                                         0x8e (size before relaxing)
 .debug_str     0x0000000000003122       0x1e lib/libmini.a(delay.o)
                                         0x67 (size before relaxing)
 .debug_str     0x0000000000003140      0x178 comm/libcomm.a(sercomm.o)
                                        0x3e1 (size before relaxing)
 .debug_str     0x00000000000032b8       0x5d comm/libcomm.a(sercomm_cons.o)
                                        0x282 (size before relaxing)
 .debug_str     0x0000000000003315       0xca comm/libcomm.a(timer.o)
                                        0x346 (size before relaxing)
 .debug_str     0x00000000000033df       0x56 comm/libcomm.a(msgb.o)
                                        0x19a (size before relaxing)

.comment        0x0000000000000000       0x11
 .comment       0x0000000000000000       0x11 apps/loader/main.o
                                         0x12 (size before relaxing)
 .comment       0x0000000000000000       0x12 abb/twl3025.o
 .comment       0x0000000000000000       0x12 rf/trf6151.o
 .comment       0x0000000000000000       0x12 flash/cfi_flash.o
 .comment       0x0000000000000000       0x12 board/compal/rffe_dualband.o
 .comment       0x0000000000000000       0x12 board/compal/rf_power.o
 .comment       0x0000000000000000       0x12 board/compal_e88/init.o
 .comment       0x0000000000000000       0x12 battery/compal_e88.o
 .comment       0x0000000000000000       0x12 fb/framebuffer.o
 .comment       0x0000000000000000       0x12 fb/font.o
 .comment       0x0000000000000000       0x12 fb/helvR08.o
 .comment       0x0000000000000000       0x12 fb/helvB14.o
 .comment       0x0000000000000000       0x12 fb/c64.o
 .comment       0x0000000000000000       0x12 fb/symbols.o
 .comment       0x0000000000000000       0x12 fb/fb_bw8.o
 .comment       0x0000000000000000       0x12 fb/fb_st7558.o
 .comment       0x0000000000000000       0x12 board/compal_e88/loader.highram.manifest.o
 .comment       0x0000000000000000       0x12 calypso/libcalypso.a(clock.o)
 .comment       0x0000000000000000       0x12 calypso/libcalypso.a(dma.o)
 .comment       0x0000000000000000       0x12 calypso/libcalypso.a(i2c.o)
 .comment       0x0000000000000000       0x12 calypso/libcalypso.a(irq.o)
 .comment       0x0000000000000000       0x12 calypso/libcalypso.a(rtc.o)
 .comment       0x0000000000000000       0x12 calypso/libcalypso.a(spi.o)
 .comment       0x0000000000000000       0x12 calypso/libcalypso.a(tpu.o)
 .comment       0x0000000000000000       0x12 calypso/libcalypso.a(tsp.o)
 .comment       0x0000000000000000       0x12 calypso/libcalypso.a(keypad.o)
 .comment       0x0000000000000000       0x12 calypso/libcalypso.a(timer.o)
 .comment       0x0000000000000000       0x12 calypso/libcalypso.a(backlight.o)
 .comment       0x0000000000000000       0x12 calypso/libcalypso.a(uart.o)
 .comment       0x0000000000000000       0x12 calypso/libcalypso.a(arm.o)
 .comment       0x0000000000000000       0x12 lib/libmini.a(vsprintf.o)
 .comment       0x0000000000000000       0x12 lib/libmini.a(string.o)
 .comment       0x0000000000000000       0x12 lib/libmini.a(ctype.o)
 .comment       0x0000000000000000       0x12 lib/libmini.a(printf.o)
 .comment       0x0000000000000000       0x12 lib/libmini.a(console.o)
 .comment       0x0000000000000000       0x12 lib/libmini.a(ctors.o)
 .comment       0x0000000000000000       0x12 lib/libmini.a(delay.o)
 .comment       0x0000000000000000       0x12 comm/libcomm.a(sercomm.o)
 .comment       0x0000000000000000       0x12 comm/libcomm.a(sercomm_cons.o)
 .comment       0x0000000000000000       0x12 comm/libcomm.a(timer.o)
 .comment       0x0000000000000000       0x12 ../../shared/libosmocore/build-target/src/.libs/libosmocore.a(msgb.o)
 .comment       0x0000000000000000       0x12 ../../shared/libosmocore/build-target/src/.libs/libosmocore.a(crc16.o)
 .comment       0x0000000000000000       0x12 ../../shared/libosmocore/build-target/src/.libs/libosmocore.a(panic.o)
 .comment       0x0000000000000000       0x12 ../../shared/libosmocore/build-target/src/gsm/.libs/libosmogsm.a(gsm_utils.o)
 .comment       0x0000000000000000       0x12 comm/libcomm.a(msgb.o)

.ARM.attributes
                0x0000000000000000       0x10
 .ARM.attributes
                0x0000000000000000       0x10 apps/loader/main.o
 .ARM.attributes
                0x0000000000000010       0x10 abb/twl3025.o
 .ARM.attributes
                0x0000000000000020       0x10 rf/trf6151.o
 .ARM.attributes
                0x0000000000000030       0x10 flash/cfi_flash.o
 .ARM.attributes
                0x0000000000000040       0x10 board/common/calypso_uart.o
 .ARM.attributes
                0x0000000000000050       0x10 board/common/calypso_pwl.o
 .ARM.attributes
                0x0000000000000060       0x10 board/compal/rffe_dualband.o
 .ARM.attributes
                0x0000000000000070       0x10 board/compal/rf_power.o
 .ARM.attributes
                0x0000000000000080       0x10 board/compal_e88/init.o
 .ARM.attributes
                0x0000000000000090       0x10 battery/compal_e88.o
 .ARM.attributes
                0x00000000000000a0       0x10 fb/framebuffer.o
 .ARM.attributes
                0x00000000000000b0       0x10 fb/font.o
 .ARM.attributes
                0x00000000000000c0       0x10 fb/helvR08.o
 .ARM.attributes
                0x00000000000000d0       0x10 fb/helvB14.o
 .ARM.attributes
                0x00000000000000e0       0x10 fb/c64.o
 .ARM.attributes
                0x00000000000000f0       0x10 fb/symbols.o
 .ARM.attributes
                0x0000000000000100       0x10 fb/fb_bw8.o
 .ARM.attributes
                0x0000000000000110       0x10 fb/fb_st7558.o
 .ARM.attributes
                0x0000000000000120       0x10 board/compal/start.ram.o
 .ARM.attributes
                0x0000000000000130       0x10 board/compal/exceptions_redirected.o
 .ARM.attributes
                0x0000000000000140       0x10 board/compal/handlers.o
 .ARM.attributes
                0x0000000000000150       0x10 board/compal_e88/loader.highram.manifest.o
 .ARM.attributes
                0x0000000000000160       0x10 calypso/libcalypso.a(clock.o)
 .ARM.attributes
                0x0000000000000170       0x10 calypso/libcalypso.a(dma.o)
 .ARM.attributes
                0x0000000000000180       0x10 calypso/libcalypso.a(i2c.o)
 .ARM.attributes
                0x0000000000000190       0x10 calypso/libcalypso.a(irq.o)
 .ARM.attributes
                0x00000000000001a0       0x10 calypso/libcalypso.a(rtc.o)
 .ARM.attributes
                0x00000000000001b0       0x10 calypso/libcalypso.a(spi.o)
 .ARM.attributes
                0x00000000000001c0       0x10 calypso/libcalypso.a(tpu.o)
 .ARM.attributes
                0x00000000000001d0       0x10 calypso/libcalypso.a(tsp.o)
 .ARM.attributes
                0x00000000000001e0       0x10 calypso/libcalypso.a(keypad.o)
 .ARM.attributes
                0x00000000000001f0       0x10 calypso/libcalypso.a(timer.o)
 .ARM.attributes
                0x0000000000000200       0x10 calypso/libcalypso.a(backlight.o)
 .ARM.attributes
                0x0000000000000210       0x10 calypso/libcalypso.a(uart.o)
 .ARM.attributes
                0x0000000000000220       0x10 calypso/libcalypso.a(arm.o)
 .ARM.attributes
                0x0000000000000230       0x10 lib/libmini.a(vsprintf.o)
 .ARM.attributes
                0x0000000000000240       0x10 lib/libmini.a(string.o)
 .ARM.attributes
                0x0000000000000250       0x10 lib/libmini.a(ctype.o)
 .ARM.attributes
                0x0000000000000260       0x10 lib/libmini.a(printf.o)
 .ARM.attributes
                0x0000000000000270       0x10 lib/libmini.a(console.o)
 .ARM.attributes
                0x0000000000000280       0x10 lib/libmini.a(ctors.o)
 .ARM.attributes
                0x0000000000000290       0x10 lib/libmini.a(delay.o)
 .ARM.attributes
                0x00000000000002a0       0x10 lib/libmini.a(div64.o)
 .ARM.attributes
                0x00000000000002b0       0x10 lib/libmini.a(lib1funcs.o)
 .ARM.attributes
                0x00000000000002c0       0x10 lib/libmini.a(memcpy.o)
 .ARM.attributes
                0x00000000000002d0       0x10 lib/libmini.a(memset.o)
 .ARM.attributes
                0x00000000000002e0       0x10 comm/libcomm.a(sercomm.o)
 .ARM.attributes
                0x00000000000002f0       0x10 comm/libcomm.a(sercomm_cons.o)
 .ARM.attributes
                0x0000000000000300       0x10 comm/libcomm.a(timer.o)
 .ARM.attributes
                0x0000000000000310       0x10 ../../shared/libosmocore/build-target/src/.libs/libosmocore.a(msgb.o)
 .ARM.attributes
                0x0000000000000320       0x10 ../../shared/libosmocore/build-target/src/.libs/libosmocore.a(crc16.o)
 .ARM.attributes
                0x0000000000000330       0x10 ../../shared/libosmocore/build-target/src/.libs/libosmocore.a(panic.o)
 .ARM.attributes
                0x0000000000000340       0x10 ../../shared/libosmocore/build-target/src/gsm/.libs/libosmogsm.a(gsm_utils.o)
 .ARM.attributes
                0x0000000000000350       0x10 comm/libcomm.a(msgb.o)

.debug_frame    0x0000000000000000     0x1680
 .debug_frame   0x0000000000000000      0x150 apps/loader/main.o
 .debug_frame   0x0000000000000150      0x1cc abb/twl3025.o
 .debug_frame   0x000000000000031c      0x1a8 rf/trf6151.o
 .debug_frame   0x00000000000004c4       0xac flash/cfi_flash.o
 .debug_frame   0x0000000000000570       0xb4 board/compal/rffe_dualband.o
 .debug_frame   0x0000000000000624       0x34 board/compal_e88/init.o
 .debug_frame   0x0000000000000658       0x6c battery/compal_e88.o
 .debug_frame   0x00000000000006c4       0x20 fb/font.o
 .debug_frame   0x00000000000006e4      0x11c fb/fb_bw8.o
 .debug_frame   0x0000000000000800       0x64 fb/fb_st7558.o
 .debug_frame   0x0000000000000864       0xd0 calypso/libcalypso.a(clock.o)
 .debug_frame   0x0000000000000934       0x20 calypso/libcalypso.a(dma.o)
 .debug_frame   0x0000000000000954       0x30 calypso/libcalypso.a(i2c.o)
 .debug_frame   0x0000000000000984       0xb0 calypso/libcalypso.a(irq.o)
 .debug_frame   0x0000000000000a34       0x38 calypso/libcalypso.a(rtc.o)
 .debug_frame   0x0000000000000a6c       0x3c calypso/libcalypso.a(spi.o)
 .debug_frame   0x0000000000000aa8      0x13c calypso/libcalypso.a(tpu.o)
 .debug_frame   0x0000000000000be4       0xc4 calypso/libcalypso.a(tsp.o)
 .debug_frame   0x0000000000000ca8       0xac calypso/libcalypso.a(keypad.o)
 .debug_frame   0x0000000000000d54       0x98 calypso/libcalypso.a(timer.o)
 .debug_frame   0x0000000000000dec       0x30 calypso/libcalypso.a(backlight.o)
 .debug_frame   0x0000000000000e1c      0x18c calypso/libcalypso.a(uart.o)
 .debug_frame   0x0000000000000fa8       0x30 calypso/libcalypso.a(arm.o)
 .debug_frame   0x0000000000000fd8      0x23c lib/libmini.a(vsprintf.o)
 .debug_frame   0x0000000000001214       0x30 lib/libmini.a(string.o)
 .debug_frame   0x0000000000001244       0x3c lib/libmini.a(printf.o)
 .debug_frame   0x0000000000001280      0x128 lib/libmini.a(console.o)
 .debug_frame   0x00000000000013a8       0x2c lib/libmini.a(ctors.o)
 .debug_frame   0x00000000000013d4       0x38 lib/libmini.a(delay.o)
 .debug_frame   0x000000000000140c       0xf8 comm/libcomm.a(sercomm.o)
 .debug_frame   0x0000000000001504       0x80 comm/libcomm.a(sercomm_cons.o)
 .debug_frame   0x0000000000001584       0xb4 comm/libcomm.a(timer.o)
 .debug_frame   0x0000000000001638       0x48 comm/libcomm.a(msgb.o)

Cross Reference Table

Symbol                                            File
__aeabi_idiv                                      lib/libmini.a(lib1funcs.o)
__aeabi_idivmod                                   lib/libmini.a(lib1funcs.o)
__aeabi_uidiv                                     lib/libmini.a(lib1funcs.o)
__aeabi_uidivmod                                  lib/libmini.a(lib1funcs.o)
__bss_end                                         board/compal/start.ram.o
__bss_start                                       board/compal/start.ram.o
__div0                                            lib/libmini.a(lib1funcs.o)
                                                  lib/libmini.a(div64.o)
__divsi3                                          lib/libmini.a(lib1funcs.o)
                                                  ../../shared/libosmocore/build-target/src/gsm/.libs/libosmogsm.a(gsm_utils.o)
                                                  comm/libcomm.a(timer.o)
                                                  battery/compal_e88.o
__do_div64                                        lib/libmini.a(div64.o)
                                                  lib/libmini.a(vsprintf.o)
__modsi3                                          lib/libmini.a(lib1funcs.o)
                                                  ../../shared/libosmocore/build-target/src/gsm/.libs/libosmogsm.a(gsm_utils.o)
                                                  calypso/libcalypso.a(tpu.o)
__udivsi3                                         lib/libmini.a(lib1funcs.o)
                                                  ../../shared/libosmocore/build-target/src/gsm/.libs/libosmogsm.a(gsm_utils.o)
                                                  rf/trf6151.o
__umodsi3                                         lib/libmini.a(lib1funcs.o)
                                                  ../../shared/libosmocore/build-target/src/gsm/.libs/libosmogsm.a(gsm_utils.o)
_ctor_end                                         board/compal/start.ram.o
_ctor_start                                       board/compal/start.ram.o
_ctype                                            lib/libmini.a(ctype.o)
                                                  ../../shared/libosmocore/build-target/src/gsm/.libs/libosmogsm.a(gsm_utils.o)
                                                  lib/libmini.a(vsprintf.o)
_exceptions                                       calypso/libcalypso.a(irq.o)
_start                                            board/compal/start.ram.o
                                                  apps/loader/main.o
_talloc_zero                                      comm/libcomm.a(msgb.o)
                                                  ../../shared/libosmocore/build-target/src/.libs/libosmocore.a(msgb.o)
add_mod5000                                       calypso/libcalypso.a(tpu.o)
                                                  rf/trf6151.o
arm_disable_interrupts                            calypso/libcalypso.a(arm.o)
arm_enable_interrupts                             calypso/libcalypso.a(arm.o)
                                                  calypso/libcalypso.a(irq.o)
bat_compal_e88_madc                               battery/compal_e88.o
battery_compal_e88_init                           battery/compal_e88.o
                                                  board/compal_e88/init.o
battery_info                                      battery/compal_e88.o
bl_level                                          calypso/libcalypso.a(backlight.o)
                                                  board/compal_e88/init.o
bl_mode_pwl                                       calypso/libcalypso.a(backlight.o)
                                                  board/compal_e88/init.o
board_init                                        board/compal_e88/init.o
                                                  apps/loader/main.o
calloc                                            ../../shared/libosmocore/build-target/src/gsm/.libs/libosmogsm.a(gsm_utils.o)
calypso_bootrom                                   calypso/libcalypso.a(clock.o)
                                                  board/compal_e88/init.o
                                                  apps/loader/main.o
calypso_clk_dump                                  calypso/libcalypso.a(clock.o)
calypso_clock_set                                 calypso/libcalypso.a(clock.o)
                                                  board/compal_e88/init.o
calypso_debugunit                                 calypso/libcalypso.a(clock.o)
calypso_exceptions_install                        calypso/libcalypso.a(irq.o)
                                                  board/compal_e88/init.o
calypso_mem_cfg                                   calypso/libcalypso.a(clock.o)
                                                  board/compal_e88/init.o
calypso_pll_set                                   calypso/libcalypso.a(clock.o)
calypso_reset_get                                 calypso/libcalypso.a(clock.o)
calypso_reset_set                                 calypso/libcalypso.a(clock.o)
                                                  fb/fb_st7558.o
calypso_rhea_cfg                                  calypso/libcalypso.a(clock.o)
                                                  board/compal_e88/init.o
cons_bind_uart                                    lib/libmini.a(console.o)
                                                  board/compal_e88/init.o
cons_get_uart                                     lib/libmini.a(console.o)
                                                  calypso/libcalypso.a(uart.o)
cons_init                                         lib/libmini.a(console.o)
                                                  calypso/libcalypso.a(uart.o)
cons_putchar                                      lib/libmini.a(console.o)
cons_puts                                         lib/libmini.a(console.o)
                                                  comm/libcomm.a(msgb.o)
cons_rb_append                                    lib/libmini.a(console.o)
cons_rb_flush                                     lib/libmini.a(console.o)
                                                  calypso/libcalypso.a(uart.o)
dbm2apc_gsm900                                    board/compal/rf_power.o
dbm2apc_gsm900_max                                board/compal/rf_power.o
dbm2rxlev                                         ../../shared/libosmocore/build-target/src/gsm/.libs/libosmogsm.a(gsm_utils.o)
delay_ms                                          lib/libmini.a(delay.o)
                                                  calypso/libcalypso.a(spi.o)
                                                  abb/twl3025.o
                                                  apps/loader/main.o
delay_us                                          lib/libmini.a(delay.o)
                                                  calypso/libcalypso.a(tpu.o)
dispatch_buttons                                  calypso/libcalypso.a(keypad.o)
dma_init                                          calypso/libcalypso.a(dma.o)
                                                  board/compal_e88/init.o
do_global_ctors                                   lib/libmini.a(ctors.o)
                                                  board/compal/start.ram.o
emit_key                                          calypso/libcalypso.a(keypad.o)
fb_bw8                                            fb/fb_st7558.o
                                                  fb/fb_bw8.o
fb_bw8_boxto                                      fb/fb_bw8.o
                                                  fb/fb_st7558.o
fb_bw8_clear                                      fb/fb_bw8.o
                                                  fb/fb_st7558.o
fb_bw8_lineto                                     fb/fb_bw8.o
                                                  fb/fb_st7558.o
fb_bw8_putchar                                    fb/fb_bw8.o
fb_bw8_putstr                                     fb/fb_bw8.o
                                                  fb/fb_st7558.o
fb_font_get_char                                  fb/font.o
                                                  fb/fb_bw8.o
fb_fonts                                          fb/font.o
                                                  fb/fb_bw8.o
fiq                                               calypso/libcalypso.a(irq.o)
                                                  board/compal/handlers.o
fiq_entry                                         board/compal/handlers.o
                                                  board/compal/exceptions_redirected.o
flag                                              apps/loader/main.o
flash_block_erase                                 flash/cfi_flash.o
                                                  apps/loader/main.o
flash_block_getlock                               flash/cfi_flash.o
                                                  apps/loader/main.o
flash_block_lock                                  flash/cfi_flash.o
                                                  apps/loader/main.o
flash_block_lockdown                              flash/cfi_flash.o
                                                  apps/loader/main.o
flash_block_unlock                                flash/cfi_flash.o
                                                  apps/loader/main.o
flash_init                                        flash/cfi_flash.o
                                                  apps/loader/main.o
flash_program                                     flash/cfi_flash.o
                                                  apps/loader/main.o
font_c64                                          fb/c64.o
                                                  fb/font.o
font_helvB14                                      fb/helvB14.o
                                                  fb/font.o
font_helvR08                                      fb/helvR08.o
                                                  fb/font.o
font_symbols                                      fb/symbols.o
                                                  fb/font.o
framebuffer                                       fb/fb_st7558.o
                                                  fb/fb_bw8.o
                                                  board/compal_e88/init.o
                                                  apps/loader/main.o
free                                              ../../shared/libosmocore/build-target/src/gsm/.libs/libosmogsm.a(gsm_utils.o)
gprs_tlli_type                                    ../../shared/libosmocore/build-target/src/gsm/.libs/libosmogsm.a(gsm_utils.o)
gprs_tmsi2tlli                                    ../../shared/libosmocore/build-target/src/gsm/.libs/libosmogsm.a(gsm_utils.o)
gsm_7bit_decode                                   ../../shared/libosmocore/build-target/src/gsm/.libs/libosmogsm.a(gsm_utils.o)
gsm_7bit_decode_hdr                               ../../shared/libosmocore/build-target/src/gsm/.libs/libosmogsm.a(gsm_utils.o)
gsm_7bit_encode                                   ../../shared/libosmocore/build-target/src/gsm/.libs/libosmogsm.a(gsm_utils.o)
gsm_arfcn2band                                    ../../shared/libosmocore/build-target/src/gsm/.libs/libosmogsm.a(gsm_utils.o)
                                                  rf/trf6151.o
gsm_arfcn2freq10                                  ../../shared/libosmocore/build-target/src/gsm/.libs/libosmogsm.a(gsm_utils.o)
                                                  rf/trf6151.o
gsm_band_name                                     ../../shared/libosmocore/build-target/src/gsm/.libs/libosmogsm.a(gsm_utils.o)
gsm_band_parse                                    ../../shared/libosmocore/build-target/src/gsm/.libs/libosmogsm.a(gsm_utils.o)
gsm_fn2gsmtime                                    ../../shared/libosmocore/build-target/src/gsm/.libs/libosmogsm.a(gsm_utils.o)
gsm_get_octet_len                                 ../../shared/libosmocore/build-target/src/gsm/.libs/libosmogsm.a(gsm_utils.o)
gsm_gsmtime2fn                                    ../../shared/libosmocore/build-target/src/gsm/.libs/libosmogsm.a(gsm_utils.o)
gsm_septet_encode                                 ../../shared/libosmocore/build-target/src/gsm/.libs/libosmogsm.a(gsm_utils.o)
gsm_septets2octets                                ../../shared/libosmocore/build-target/src/gsm/.libs/libosmogsm.a(gsm_utils.o)
handle_abort                                      board/compal/handlers.o
                                                  board/compal/exceptions_redirected.o
hr                                                apps/loader/main.o
hwtimer_config                                    calypso/libcalypso.a(timer.o)
                                                  comm/libcomm.a(timer.o)
hwtimer_enable                                    calypso/libcalypso.a(timer.o)
                                                  comm/libcomm.a(timer.o)
hwtimer_init                                      calypso/libcalypso.a(timer.o)
                                                  board/compal_e88/init.o
hwtimer_load                                      calypso/libcalypso.a(timer.o)
                                                  comm/libcomm.a(timer.o)
hwtimer_read                                      calypso/libcalypso.a(timer.o)
i2c_init                                          calypso/libcalypso.a(i2c.o)
                                                  fb/fb_st7558.o
i2c_write                                         calypso/libcalypso.a(i2c.o)
                                                  fb/fb_st7558.o
irq                                               calypso/libcalypso.a(irq.o)
                                                  board/compal/handlers.o
irq_config                                        calypso/libcalypso.a(irq.o)
                                                  comm/libcomm.a(timer.o)
                                                  calypso/libcalypso.a(uart.o)
                                                  calypso/libcalypso.a(timer.o)
                                                  calypso/libcalypso.a(keypad.o)
                                                  calypso/libcalypso.a(rtc.o)
                                                  abb/twl3025.o
irq_disable                                       calypso/libcalypso.a(irq.o)
                                                  calypso/libcalypso.a(keypad.o)
irq_enable                                        calypso/libcalypso.a(irq.o)
                                                  comm/libcomm.a(timer.o)
                                                  calypso/libcalypso.a(uart.o)
                                                  calypso/libcalypso.a(timer.o)
                                                  calypso/libcalypso.a(keypad.o)
                                                  calypso/libcalypso.a(rtc.o)
                                                  abb/twl3025.o
irq_entry                                         board/compal/handlers.o
                                                  board/compal/exceptions_redirected.o
irq_init                                          calypso/libcalypso.a(irq.o)
                                                  board/compal_e88/init.o
irq_register_handler                              calypso/libcalypso.a(irq.o)
                                                  comm/libcomm.a(timer.o)
                                                  calypso/libcalypso.a(uart.o)
                                                  calypso/libcalypso.a(timer.o)
                                                  calypso/libcalypso.a(keypad.o)
                                                  calypso/libcalypso.a(rtc.o)
                                                  abb/twl3025.o
jiffies                                           comm/libcomm.a(timer.o)
                                                  calypso/libcalypso.a(keypad.o)
keypad_init                                       calypso/libcalypso.a(keypad.o)
                                                  board/compal_e88/init.o
keypad_poll                                       calypso/libcalypso.a(keypad.o)
                                                  comm/libcomm.a(timer.o)
                                                  apps/loader/main.o
keypad_set_handler                                calypso/libcalypso.a(keypad.o)
                                                  apps/loader/main.o
lastbuttons                                       calypso/libcalypso.a(keypad.o)
main                                              apps/loader/main.o
                                                  board/compal/start.ram.o
manifest_application                              board/compal_e88/loader.highram.manifest.o
manifest_board                                    board/compal_e88/loader.highram.manifest.o
                                                  apps/loader/main.o
manifest_environment                              board/compal_e88/loader.highram.manifest.o
                                                  apps/loader/main.o
manifest_revision                                 board/compal_e88/loader.highram.manifest.o
memcpy                                            lib/libmini.a(memcpy.o)
                                                  ../../shared/libosmocore/build-target/src/gsm/.libs/libosmogsm.a(gsm_utils.o)
                                                  lib/libmini.a(console.o)
                                                  apps/loader/main.o
memdump_asm                                       board/common/calypso_uart.o
memset                                            lib/libmini.a(memset.o)
                                                  comm/libcomm.a(msgb.o)
                                                  ../../shared/libosmocore/build-target/src/.libs/libosmocore.a(msgb.o)
                                                  lib/libmini.a(console.o)
ms_class_gmsk_dbm                                 ../../shared/libosmocore/build-target/src/gsm/.libs/libosmogsm.a(gsm_utils.o)
ms_pwr_ctl_lvl                                    ../../shared/libosmocore/build-target/src/gsm/.libs/libosmogsm.a(gsm_utils.o)
ms_pwr_dbm                                        ../../shared/libosmocore/build-target/src/gsm/.libs/libosmogsm.a(gsm_utils.o)
msgb_alloc                                        ../../shared/libosmocore/build-target/src/.libs/libosmocore.a(msgb.o)
                                                  comm/libcomm.a(sercomm_cons.o)
                                                  comm/libcomm.a(sercomm.o)
                                                  apps/loader/main.o
msgb_data                                         ../../shared/libosmocore/build-target/src/.libs/libosmocore.a(msgb.o)
msgb_dequeue                                      ../../shared/libosmocore/build-target/src/.libs/libosmocore.a(msgb.o)
                                                  comm/libcomm.a(sercomm.o)
msgb_enqueue                                      ../../shared/libosmocore/build-target/src/.libs/libosmocore.a(msgb.o)
                                                  comm/libcomm.a(sercomm.o)
msgb_free                                         ../../shared/libosmocore/build-target/src/.libs/libosmocore.a(msgb.o)
                                                  comm/libcomm.a(sercomm.o)
                                                  apps/loader/main.o
msgb_length                                       ../../shared/libosmocore/build-target/src/.libs/libosmocore.a(msgb.o)
msgb_reset                                        ../../shared/libosmocore/build-target/src/.libs/libosmocore.a(msgb.o)
msgb_set_talloc_ctx                               ../../shared/libosmocore/build-target/src/.libs/libosmocore.a(msgb.o)
osmo_crc16                                        ../../shared/libosmocore/build-target/src/.libs/libosmocore.a(crc16.o)
                                                  apps/loader/main.o
osmo_crc16_table                                  ../../shared/libosmocore/build-target/src/.libs/libosmocore.a(crc16.o)
osmo_panic                                        ../../shared/libosmocore/build-target/src/.libs/libosmocore.a(panic.o)
                                                  comm/libcomm.a(sercomm_cons.o)
                                                  comm/libcomm.a(sercomm.o)
                                                  apps/loader/main.o
osmo_set_panic_handler                            ../../shared/libosmocore/build-target/src/.libs/libosmocore.a(panic.o)
osmo_timer_add                                    comm/libcomm.a(timer.o)
osmo_timer_del                                    comm/libcomm.a(timer.o)
osmo_timer_pending                                comm/libcomm.a(timer.o)
osmo_timer_schedule                               comm/libcomm.a(timer.o)
                                                  battery/compal_e88.o
osmo_timers_check                                 comm/libcomm.a(timer.o)
osmo_timers_update                                comm/libcomm.a(timer.o)
phex                                              board/common/calypso_uart.o
                                                  board/compal/handlers.o
phexubf                                           board/common/calypso_uart.o
power_hold                                        calypso/libcalypso.a(keypad.o)
printf                                            lib/libmini.a(printf.o)
                                                  calypso/libcalypso.a(timer.o)
                                                  calypso/libcalypso.a(keypad.o)
                                                  calypso/libcalypso.a(clock.o)
                                                  battery/compal_e88.o
                                                  flash/cfi_flash.o
                                                  abb/twl3025.o
                                                  apps/loader/main.o
putchar_asm                                       board/common/calypso_uart.o
                                                  board/compal/handlers.o
                                                  apps/loader/main.o
puts                                              lib/libmini.a(vsprintf.o)
                                                  lib/libmini.a(printf.o)
                                                  calypso/libcalypso.a(uart.o)
                                                  calypso/libcalypso.a(timer.o)
                                                  calypso/libcalypso.a(tpu.o)
                                                  battery/compal_e88.o
                                                  rf/trf6151.o
                                                  abb/twl3025.o
                                                  apps/loader/main.o
puts_asm                                          board/common/calypso_uart.o
pwl_init                                          board/common/calypso_pwl.o
pwl_set_level                                     board/common/calypso_pwl.o
rf_arfcn                                          rf/trf6151.o
rffe_compute_gain                                 board/compal/rffe_dualband.o
rffe_get_gain                                     board/compal/rffe_dualband.o
rffe_get_rx_ports                                 board/compal/rffe_dualband.o
                                                  rf/trf6151.o
rffe_get_tx_ports                                 board/compal/rffe_dualband.o
rffe_init                                         board/compal/rffe_dualband.o
rffe_iq_swapped                                   board/compal/rffe_dualband.o
rffe_mode                                         board/compal/rffe_dualband.o
rffe_rx_win_ctrl                                  board/compal/rffe_dualband.o
rffe_set_gain                                     board/compal/rffe_dualband.o
rtc_init                                          calypso/libcalypso.a(rtc.o)
                                                  board/compal_e88/init.o
rxlev2dbm                                         ../../shared/libosmocore/build-target/src/gsm/.libs/libosmogsm.a(gsm_utils.o)
scnprintf                                         lib/libmini.a(vsprintf.o)
sercomm_bind_uart                                 comm/libcomm.a(sercomm.o)
                                                  board/compal_e88/init.o
sercomm_drv_pull                                  comm/libcomm.a(sercomm.o)
                                                  calypso/libcalypso.a(uart.o)
sercomm_drv_rx_char                               comm/libcomm.a(sercomm.o)
                                                  calypso/libcalypso.a(uart.o)
sercomm_get_uart                                  comm/libcomm.a(sercomm.o)
                                                  comm/libcomm.a(sercomm_cons.o)
                                                  calypso/libcalypso.a(uart.o)
                                                  apps/loader/main.o
sercomm_init                                      comm/libcomm.a(sercomm.o)
                                                  calypso/libcalypso.a(uart.o)
sercomm_initialized                               comm/libcomm.a(sercomm.o)
                                                  comm/libcomm.a(sercomm_cons.o)
sercomm_putchar                                   comm/libcomm.a(sercomm_cons.o)